Component: ARM Compiler 5.06 update 6 (build 750) Tool: armlink [4d35ed]

==============================================================================

Section Cross References

    startup_stm32f103xb.o(STACK) refers (Special) to heapauxi.o(.text) for __use_two_region_memory
    startup_stm32f103xb.o(HEAP) refers (Special) to heapauxi.o(.text) for __use_two_region_memory
    startup_stm32f103xb.o(RESET) refers (Special) to heapauxi.o(.text) for __use_two_region_memory
    startup_stm32f103xb.o(RESET) refers to startup_stm32f103xb.o(STACK) for __initial_sp
    startup_stm32f103xb.o(RESET) refers to startup_stm32f103xb.o(.text) for Reset_Handler
    startup_stm32f103xb.o(RESET) refers to stm32f1xx_it.o(i.NMI_Handler) for NMI_Handler
    startup_stm32f103xb.o(RESET) refers to stm32f1xx_it.o(i.HardFault_Handler) for HardFault_Handler
    startup_stm32f103xb.o(RESET) refers to stm32f1xx_it.o(i.MemManage_Handler) for MemManage_Handler
    startup_stm32f103xb.o(RESET) refers to stm32f1xx_it.o(i.BusFault_Handler) for BusFault_Handler
    startup_stm32f103xb.o(RESET) refers to stm32f1xx_it.o(i.UsageFault_Handler) for UsageFault_Handler
    startup_stm32f103xb.o(RESET) refers to port.o(.emb_text) for SVC_Handler
    startup_stm32f103xb.o(RESET) refers to stm32f1xx_it.o(i.DebugMon_Handler) for DebugMon_Handler
    startup_stm32f103xb.o(RESET) refers to cmsis_os2.o(i.SysTick_Handler) for SysTick_Handler
    startup_stm32f103xb.o(RESET) refers to stm32f1xx_it.o(i.RTC_IRQHandler) for RTC_IRQHandler
    startup_stm32f103xb.o(RESET) refers to stm32f1xx_it.o(i.EXTI9_5_IRQHandler) for EXTI9_5_IRQHandler
    startup_stm32f103xb.o(RESET) refers to stm32f1xx_it.o(i.TIM4_IRQHandler) for TIM4_IRQHandler
    startup_stm32f103xb.o(RESET) refers to stm32f1xx_it.o(i.EXTI15_10_IRQHandler) for EXTI15_10_IRQHandler
    startup_stm32f103xb.o(.text) refers (Special) to heapauxi.o(.text) for __use_two_region_memory
    startup_stm32f103xb.o(.text) refers to system_stm32f1xx.o(i.SystemInit) for SystemInit
    startup_stm32f103xb.o(.text) refers to __main.o(!!!main) for __main
    startup_stm32f103xb.o(.text) refers to startup_stm32f103xb.o(HEAP) for Heap_Mem
    startup_stm32f103xb.o(.text) refers to startup_stm32f103xb.o(STACK) for Stack_Mem
    main.o(i.HAL_TIM_PeriodElapsedCallback) refers to stm32f1xx_hal.o(i.HAL_IncTick) for HAL_IncTick
    main.o(i.SystemClock_Config) refers to rt_memclr_w.o(.text) for __aeabi_memclr4
    main.o(i.SystemClock_Config) refers to stm32f1xx_hal_rcc.o(i.HAL_RCC_OscConfig) for HAL_RCC_OscConfig
    main.o(i.SystemClock_Config) refers to stm32f1xx_hal_rcc.o(i.HAL_RCC_ClockConfig) for HAL_RCC_ClockConfig
    main.o(i.SystemClock_Config) refers to stm32f1xx_hal_rcc_ex.o(i.HAL_RCCEx_PeriphCLKConfig) for HAL_RCCEx_PeriphCLKConfig
    main.o(i.main) refers to stm32f1xx_hal.o(i.HAL_Init) for HAL_Init
    main.o(i.main) refers to main.o(i.SystemClock_Config) for SystemClock_Config
    main.o(i.main) refers to gpio.o(i.MX_GPIO_Init) for MX_GPIO_Init
    main.o(i.main) refers to rtc.o(i.MX_RTC_Init) for MX_RTC_Init
    main.o(i.main) refers to oled.o(i.OLED_Init) for OLED_Init
    main.o(i.main) refers to cmsis_os2.o(i.osKernelInitialize) for osKernelInitialize
    main.o(i.main) refers to freertos.o(i.MX_FREERTOS_Init) for MX_FREERTOS_Init
    main.o(i.main) refers to cmsis_os2.o(i.osKernelStart) for osKernelStart
    gpio.o(i.MX_GPIO_Init) refers to stm32f1xx_hal_gpio.o(i.HAL_GPIO_WritePin) for HAL_GPIO_WritePin
    gpio.o(i.MX_GPIO_Init) refers to stm32f1xx_hal_gpio.o(i.HAL_GPIO_Init) for HAL_GPIO_Init
    gpio.o(i.MX_GPIO_Init) refers to stm32f1xx_hal_cortex.o(i.HAL_NVIC_SetPriority) for HAL_NVIC_SetPriority
    gpio.o(i.MX_GPIO_Init) refers to stm32f1xx_hal_cortex.o(i.HAL_NVIC_EnableIRQ) for HAL_NVIC_EnableIRQ
    freertos.o(i.MX_FREERTOS_Init) refers to cmsis_os2.o(i.osThreadNew) for osThreadNew
    freertos.o(i.MX_FREERTOS_Init) refers to tasks.o(i.xTaskCreate) for xTaskCreate
    freertos.o(i.MX_FREERTOS_Init) refers to tasks.o(i.vTaskSuspend) for vTaskSuspend
    freertos.o(i.MX_FREERTOS_Init) refers to freertos.o(.constdata) for .constdata
    freertos.o(i.MX_FREERTOS_Init) refers to freertos.o(i.StartDefaultTask) for StartDefaultTask
    freertos.o(i.MX_FREERTOS_Init) refers to freertos.o(.data) for .data
    freertos.o(i.MX_FREERTOS_Init) refers to menutask.o(i.MenuTask) for MenuTask
    freertos.o(i.MX_FREERTOS_Init) refers to timetask.o(i.TimeTask) for TimeTask
    freertos.o(i.MX_FREERTOS_Init) refers to clocktask.o(i.ClockTask) for ClockTask
    freertos.o(i.StartDefaultTask) refers to stm32f1xx_hal_gpio.o(i.HAL_GPIO_WritePin) for HAL_GPIO_WritePin
    freertos.o(i.StartDefaultTask) refers to cmsis_os2.o(i.osDelay) for osDelay
    freertos.o(.constdata) refers to freertos.o(.conststring) for .conststring
    rtc.o(i.HAL_RTC_MspDeInit) refers to stm32f1xx_hal_cortex.o(i.HAL_NVIC_DisableIRQ) for HAL_NVIC_DisableIRQ
[...]
    i.prvCopyDataFromQueue                   0x08002cbc   Section        0  queue.o(i.prvCopyDataFromQueue)
    prvCopyDataFromQueue                     0x08002cbd   Thumb Code    38  queue.o(i.prvCopyDataFromQueue)
    i.prvCopyDataToQueue                     0x08002ce2   Section        0  queue.o(i.prvCopyDataToQueue)
    prvCopyDataToQueue                       0x08002ce3   Thumb Code   108  queue.o(i.prvCopyDataToQueue)
    i.prvDeleteTCB                           0x08002d4e   Section        0  tasks.o(i.prvDeleteTCB)
    prvDeleteTCB                             0x08002d4f   Thumb Code    52  tasks.o(i.prvDeleteTCB)
    i.prvHeapInit                            0x08002d84   Section        0  heap_4.o(i.prvHeapInit)
    prvHeapInit                              0x08002d85   Thumb Code    66  heap_4.o(i.prvHeapInit)
    i.prvIdleTask                            0x08002dd0   Section        0  tasks.o(i.prvIdleTask)
    prvIdleTask                              0x08002dd1   Thumb Code    82  tasks.o(i.prvIdleTask)
    i.prvInitialiseNewQueue                  0x08002e30   Section        0  queue.o(i.prvInitialiseNewQueue)
    prvInitialiseNewQueue                    0x08002e31   Thumb Code    34  queue.o(i.prvInitialiseNewQueue)
    i.prvInitialiseNewTask                   0x08002e54   Section        0  tasks.o(i.prvInitialiseNewTask)
    prvInitialiseNewTask                     0x08002e55   Thumb Code   176  tasks.o(i.prvInitialiseNewTask)
    i.prvInsertBlockIntoFreeList             0x08002f04   Section        0  heap_4.o(i.prvInsertBlockIntoFreeList)
    prvInsertBlockIntoFreeList               0x08002f05   Thumb Code    72  heap_4.o(i.prvInsertBlockIntoFreeList)
    i.prvInsertTimerInActiveList             0x08002f50   Section        0  timers.o(i.prvInsertTimerInActiveList)
    prvInsertTimerInActiveList               0x08002f51   Thumb Code    52  timers.o(i.prvInsertTimerInActiveList)
    i.prvIsQueueEmpty                        0x08002f88   Section        0  queue.o(i.prvIsQueueEmpty)
    prvIsQueueEmpty                          0x08002f89   Thumb Code    28  queue.o(i.prvIsQueueEmpty)
    i.prvProcessReceivedCommands             0x08002fa4   Section        0  timers.o(i.prvProcessReceivedCommands)
    prvProcessReceivedCommands               0x08002fa5   Thumb Code   248  timers.o(i.prvProcessReceivedCommands)
    i.prvProcessTimerOrBlockTask             0x080030a0   Section        0  timers.o(i.prvProcessTimerOrBlockTask)
    prvProcessTimerOrBlockTask               0x080030a1   Thumb Code   182  timers.o(i.prvProcessTimerOrBlockTask)
    i.prvResetNextTaskUnblockTime            0x08003160   Section        0  tasks.o(i.prvResetNextTaskUnblockTime)
    prvResetNextTaskUnblockTime              0x08003161   Thumb Code    26  tasks.o(i.prvResetNextTaskUnblockTime)
    i.prvSampleTimeNow                       0x08003180   Section        0  timers.o(i.prvSampleTimeNow)
    prvSampleTimeNow                         0x08003181   Thumb Code    36  timers.o(i.prvSampleTimeNow)
    i.prvSwitchTimerLists                    0x080031a8   Section        0  timers.o(i.prvSwitchTimerLists)
    prvSwitchTimerLists                      0x080031a9   Thumb Code   104  timers.o(i.prvSwitchTimerLists)
    i.prvTaskExitError                       0x08003214   Section        0  port.o(i.prvTaskExitError)
    prvTaskExitError                         0x08003215   Thumb Code    36  port.o(i.prvTaskExitError)
    i.prvTaskIsTaskSuspended                 0x0800323c   Section        0  tasks.o(i.prvTaskIsTaskSuspended)
    prvTaskIsTaskSuspended                   0x0800323d   Thumb Code    48  tasks.o(i.prvTaskIsTaskSuspended)
    i.prvTimerTask                           0x08003270   Section        0  timers.o(i.prvTimerTask)
    prvTimerTask                             0x08003271   Thumb Code    32  timers.o(i.prvTimerTask)
    i.prvUnlockQueue                         0x08003294   Section        0  queue.o(i.prvUnlockQueue)
    prvUnlockQueue                           0x08003295   Thumb Code   106  queue.o(i.prvUnlockQueue)
    i.pvPortMalloc                           0x08003300   Section        0  heap_4.o(i.pvPortMalloc)
    i.pxPortInitialiseStack                  0x080033dc   Section        0  port.o(i.pxPortInitialiseStack)
    i.uxListRemove                           0x08003400   Section        0  list.o(i.uxListRemove)
    i.vApplicationGetIdleTaskMemory          0x08003428   Section        0  cmsis_os2.o(i.vApplicationGetIdleTaskMemory)
    i.vApplicationGetTimerTaskMemory         0x0800343c   Section        0  cmsis_os2.o(i.vApplicationGetTimerTaskMemory)
    i.vListInitialise                        0x08003454   Section        0  list.o(i.vListInitialise)
    i.vListInitialiseItem                    0x0800346a   Section        0  list.o(i.vListInitialiseItem)
    i.vListInsert                            0x08003470   Section        0  list.o(i.vListInsert)
    i.vListInsertEnd                         0x080034a0   Section        0  list.o(i.vListInsertEnd)
    i.vPortEnterCritical                     0x080034b8   Section        0  port.o(i.vPortEnterCritical)
    i.vPortExitCritical                      0x080034f8   Section        0  port.o(i.vPortExitCritical)
    i.vPortFree                              0x08003520   Section        0  heap_4.o(i.vPortFree)
    i.vPortSetupTimerInterrupt               0x08003584   Section        0  port.o(i.vPortSetupTimerInterrupt)
    i.vPortValidateInterruptPriority         0x080035a8   Section        0  port.o(i.vPortValidateInterruptPriority)
    i.vQueueAddToRegistry                    0x080035fc   Section        0  queue.o(i.vQueueAddToRegistry)
    i.vQueueWaitForMessageRestricted         0x08003624   Section        0  queue.o(i.vQueueWaitForMessageRestricted)
    i.vTaskDelay                             0x08003668   Section        0  tasks.o(i.vTaskDelay)
    i.vTaskInternalSetTimeOutState           0x080036b4   Section        0  tasks.o(i.vTaskInternalSetTimeOutState)
    i.vTaskMissedYield                       0x080036c4   Section        0  tasks.o(i.vTaskMissedYield)
    i.vTaskPlaceOnEventList                  0x080036d0   Section        0  tasks.o(i.vTaskPlaceOnEventList)
    i.vTaskPlaceOnEventListRestricted        0x08003700   Section        0  tasks.o(i.vTaskPlaceOnEventListRestricted)
    i.vTaskResume                            0x08003738   Section        0  tasks.o(i.vTaskResume)
    i.vTaskStartScheduler                    0x080037b4   Section        0  tasks.o(i.vTaskStartScheduler)
    i.vTaskSuspend                           0x0800383c   Section        0  tasks.o(i.vTaskSuspend)
    i.vTaskSuspendAll                        0x080038d8   Section        0  tasks.o(i.vTaskSuspendAll)
    i.vTaskSwitchContext                     0x080038e8   Section        0  tasks.o(i.vTaskSwitchContext)
    i.xPortStartScheduler                    0x0800394c   Section        0  port.o(i.xPortStartScheduler)
    i.xPortSysTickHandler                    0x080039f4   Section        0  port.o(i.xPortSysTickHandler)
    i.xQueueGenericCreate                    0x08003a20   Section        0  queue.o(i.xQueueGenericCreate)
    i.xQueueGenericCreateStatic              0x08003a62   Section        0  queue.o(i.xQueueGenericCreateStatic)
    i.xQueueGenericReset                     0x08003ac8   Section        0  queue.o(i.xQueueGenericReset)
    i.xQueueGenericSend                      0x08003b50   Section        0  queue.o(i.xQueueGenericSend)
    i.xQueueGenericSendFromISR               0x08003cb0   Section        0  queue.o(i.xQueueGenericSendFromISR)
    i.xQueueReceive                          0x08003d70   Section        0  queue.o(i.xQueueReceive)
    i.xTaskCheckForTimeOut                   0x08003ea8   Section        0  tasks.o(i.xTaskCheckForTimeOut)
    i.xTaskCreate                            0x08003f1c   Section        0  tasks.o(i.xTaskCreate)
    i.xTaskCreateStatic                      0x08003f76   Section        0  tasks.o(i.xTaskCreateStatic)
    i.xTaskGetSchedulerState                 0x08003fcc   Section        0  tasks.o(i.xTaskGetSchedulerState)
    i.xTaskGetTickCount                      0x08003fe8   Section        0  tasks.o(i.xTaskGetTickCount)
    i.xTaskIncrementTick                     0x08003ff4   Section        0  tasks.o(i.xTaskIncrementTick)
    i.xTaskPriorityDisinherit                0x080040bc   Section        0  tasks.o(i.xTaskPriorityDisinherit)
    i.xTaskRemoveFromEventList               0x0800413c   Section        0  tasks.o(i.xTaskRemoveFromEventList)
    i.xTaskResumeAll                         0x080041ac   Section        0  tasks.o(i.xTaskResumeAll)
    i.xTimerCreateTimerTask                  0x08004270   Section        0  timers.o(i.xTimerCreateTimerTask)
    i.xTimerGenericCommand                   0x080042d0   Section        0  timers.o(i.xTimerGenericCommand)
    .constdata                               0x08004338   Section       36  freertos.o(.constdata)
    .constdata                               0x0800435c   Section       18  stm32f1xx_hal_rcc.o(.constdata)
    aPredivFactorTable                       0x0800435c   Data           2  stm32f1xx_hal_rcc.o(.constdata)
    aPLLMULFactorTable                       0x0800435e   Data          16  stm32f1xx_hal_rcc.o(.constdata)
    .constdata                               0x0800436e   Section       18  stm32f1xx_hal_rcc_ex.o(.constdata)
    aPredivFactorTable                       0x0800436e   Data           2  stm32f1xx_hal_rcc_ex.o(.constdata)
    aPLLMULFactorTable                       0x08004370   Data          16  stm32f1xx_hal_rcc_ex.o(.constdata)
    .constdata                               0x08004380   Section       16  system_stm32f1xx.o(.constdata)
    .constdata                               0x08004390   Section        8  system_stm32f1xx.o(.constdata)
    .constdata                               0x08004398   Section     1520  oled_data.o(.constdata)
    .constdata                               0x08004988   Section      570  oled_data.o(.constdata)
    .constdata                               0x08004bc2   Section      665  oled_data.o(.constdata)
    .constdata                               0x08004e5b   Section       17  __printf_flags_ss_wp.o(.constdata)
    maptable                                 0x08004e5b   Data          17  __printf_flags_ss_wp.o(.constdata)
    .conststring                             0x08004e6c   Section       12  freertos.o(.conststring)
    .conststring                             0x08004e78   Section       45  menutask.o(.conststring)
    .data                                    0x20000000   Section       16  freertos.o(.data)
    .data                                    0x20000010   Section        4  freertos.o(.data)
    .data                                    0x20000014   Section        4  freertos.o(.data)
    .data                                    0x20000018   Section        4  freertos.o(.data)
    .data                                    0x2000001c   Section        4  freertos.o(.data)
    .data                                    0x20000020   Section       12  stm32f1xx_it.o(.data)
    LastPressTime                            0x20000024   Data           4  stm32f1xx_it.o(.data)
    LastPressTime                            0x20000028   Data           4  stm32f1xx_it.o(.data)
    .data                                    0x2000002c   Section       12  stm32f1xx_hal.o(.data)
    .data                                    0x20000038   Section        4  system_stm32f1xx.o(.data)
    .data                                    0x2000003c   Section       60  tasks.o(.data)
    uxDeletedTasksWaitingCleanUp             0x20000040   Data           4  tasks.o(.data)
    uxCurrentNumberOfTasks                   0x20000044   Data           4  tasks.o(.data)
    xTickCount                               0x20000048   Data           4  tasks.o(.data)
    uxTopReadyPriority                       0x2000004c   Data           4  tasks.o(.data)
    xSchedulerRunning                        0x20000050   Data           4  tasks.o(.data)
    xPendedTicks                             0x20000054   Data           4  tasks.o(.data)
    xYieldPending                            0x20000058   Data           4  tasks.o(.data)
    xNumOfOverflows                          0x2000005c   Data           4  tasks.o(.data)
    uxTaskNumber                             0x20000060   Data           4  tasks.o(.data)
    xNextTaskUnblockTime                     0x20000064   Data           4  tasks.o(.data)
    xIdleTaskHandle                          0x20000068   Data           4  tasks.o(.data)
    uxSchedulerSuspended                     0x2000006c   Data           4  tasks.o(.data)
    pxDelayedTaskList                        0x20000070   Data           4  tasks.o(.data)
    pxOverflowDelayedTaskList                0x20000074   Data           4  tasks.o(.data)
    .data                                    0x20000078   Section       20  timers.o(.data)
    xTimerQueue                              0x20000078   Data           4  timers.o(.data)
    xTimerTaskHandle                         0x2000007c   Data           4  timers.o(.data)
    xLastTime                                0x20000080   Data           4  timers.o(.data)
    pxCurrentTimerList                       0x20000084   Data           4  timers.o(.data)
    pxOverflowTimerList                      0x20000088   Data           4  timers.o(.data)
    .data                                    0x2000008c   Section        4  cmsis_os2.o(.data)
    KernelState                              0x2000008c   Data           4  cmsis_os2.o(.data)
    .data                                    0x20000090   Section       32  heap_4.o(.data)
    pxEnd                                    0x20000090   Data           4  heap_4.o(.data)
    xFreeBytesRemaining                      0x20000094   Data           4  heap_4.o(.data)
    xMinimumEverFreeBytesRemaining           0x20000098   Data           4  heap_4.o(.data)
    xNumberOfSuccessfulAllocations           0x2000009c   Data           4  heap_4.o(.data)
    xNumberOfSuccessfulFrees                 0x200000a0   Data           4  heap_4.o(.data)
    xBlockAllocatedBit                       0x200000a4   Data           4  heap_4.o(.data)
    xStart                                   0x200000a8   Data           8  heap_4.o(.data)
    .data                                    0x200000b0   Section       12  port.o(.data)
    ucMaxSysCallPriority                     0x200000b0   Data           1  port.o(.data)
    uxCriticalNesting                        0x200000b4   Data           4  port.o(.data)
    ulMaxPRIGROUPValue                       0x200000b8   Data           4  port.o(.data)
    .data                                    0x200000bc   Section       32  menutask.o(.data)
    g_menuNames                              0x200000c4   Data          24  menutask.o(.data)
    .data                                    0x200000dc   Section       62  oled_ui.o(.data)
    .bss                                     0x2000011c   Section       20  rtc.o(.bss)
    .bss                                     0x20000130   Section       72  stm32f1xx_hal_timebase_tim.o(.bss)
    .bss                                     0x20000178   Section       64  queue.o(.bss)
    .bss                                     0x200001b8   Section     1220  tasks.o(.bss)
    pxReadyTasksLists                        0x200001b8   Data        1120  tasks.o(.bss)
    xDelayedTaskList1                        0x20000618   Data          20  tasks.o(.bss)
    xDelayedTaskList2                        0x2000062c   Data          20  tasks.o(.bss)
    xPendingReadyList                        0x20000640   Data          20  tasks.o(.bss)
    xTasksWaitingTermination                 0x20000654   Data          20  tasks.o(.bss)
    xSuspendedTaskList                       0x20000668   Data          20  tasks.o(.bss)
    .bss                                     0x2000067c   Section      280  timers.o(.bss)
    xStaticTimerQueue                        0x2000067c   Data          80  timers.o(.bss)
    ucStaticTimerQueueStorage                0x200006cc   Data         160  timers.o(.bss)
    xActiveTimerList1                        0x2000076c   Data          20  timers.o(.bss)
    xActiveTimerList2                        0x20000780   Data          20  timers.o(.bss)
    .bss                                     0x20000794   Section     1720  cmsis_os2.o(.bss)
    Idle_TCB                                 0x20000794   Data          92  cmsis_os2.o(.bss)
    Idle_Stack                               0x200007f0   Data         512  cmsis_os2.o(.bss)
    Timer_TCB                                0x200009f0   Data          92  cmsis_os2.o(.bss)
    Timer_Stack                              0x20000a4c   Data        1024  cmsis_os2.o(.bss)
    .bss                                     0x20000e4c   Section     3072  heap_4.o(.bss)
    ucHeap                                   0x20000e4c   Data        3072  heap_4.o(.bss)
    .bss                                     0x20001a4c   Section     1024  oled.o(.bss)
    .bss                                     0x20001e4c   Section       96  libspace.o(.bss)
    HEAP                                     0x20001eb0   Section      512  startup_stm32f103xb.o(HEAP)
    Heap_Mem                                 0x20001eb0   Data         512  startup_stm32f103xb.o(HEAP)
    STACK                                    0x200020b0   Section     1024  startup_stm32f103xb.o(STACK)
    Stack_Mem                                0x200020b0   Data        1024  startup_stm32f103xb.o(STACK)
    __initial_sp                             0x200024b0   Data           0  startup_stm32f103xb.o(STACK)

    Global Symbols

    Symbol Name                              Value     Ov Type        Size  Object(Section)

    BuildAttributes$$THM_ISAv4$P$D$K$B$S$PE$A:L22UL41UL21$X:L11$S22US41US21$IEEE1$IW$USESV6$~STKCKD$USESV7$~SHL$OTIME$ROPI$IEEEX$EBA8$UX$STANDARDLIB$REQ8$PRES8$EABIv2 0x00000000   Number         0  anon$$obj.o ABSOLUTE
    __ARM_use_no_argv                        0x00000000   Number         0  main.o ABSOLUTE
    _printf_flags                            0x00000000   Number         0  printf_stubs.o ABSOLUTE
    _printf_return_value                     0x00000000   Number         0  printf_stubs.o ABSOLUTE
    _printf_sizespec                         0x00000000   Number         0  printf_stubs.o ABSOLUTE
    _printf_widthprec                        0x00000000   Number         0  printf_stubs.o ABSOLUTE
    __ARM_exceptions_init                     - Undefined Weak Reference
    __alloca_initialize                       - Undefined Weak Reference
    __arm_preinit_                            - Undefined Weak Reference
    __cpp_initialize__aeabi_                  - Undefined Weak Reference
    __cxa_finalize                            - Undefined Weak Reference
    __sigvec_lookup                           - Undefined Weak Reference
    _atexit_init                              - Undefined Weak Reference
    _call_atexit_fns                          - Undefined Weak Reference
    _clock_init                               - Undefined Weak Reference
    _fp_trap_init                             - Undefined Weak Reference
    _fp_trap_shutdown                         - Undefined Weak Reference
    _get_lc_collate                           - Undefined Weak Reference
    _get_lc_monetary                          - Undefined Weak Reference
    _get_lc_time                              - Undefined Weak Reference
    _getenv_init                              - Undefined Weak Reference
    _handle_redirection                       - Undefined Weak Reference
    _init_alloc                               - Undefined Weak Reference
    _init_user_alloc                          - Undefined Weak Reference
    _initio                                   - Undefined Weak Reference
    _printf_mbtowc                            - Undefined Weak Reference
    _printf_wc                                - Undefined Weak Reference
    _rand_init                                - Undefined Weak Reference
    _signal_finish                            - Undefined Weak Reference
    _signal_init                              - Undefined Weak Reference
    _terminate_alloc                          - Undefined Weak Reference
    _terminate_user_alloc                     - Undefined Weak Reference
    _terminateio                              - Undefined Weak Reference
    __Vectors_Size                           0x000000ec   Number         0  startup_stm32f103xb.o ABSOLUTE
    __Vectors                                0x08000000   Data           4  startup_stm32f103xb.o(RESET)
    __Vectors_End                            0x080000ec   Data           0  startup_stm32f103xb.o(RESET)
    __main                                   0x080000ed   Thumb Code     8  __main.o(!!!main)
    __scatterload                            0x080000f5   Thumb Code     0  __scatter.o(!!!scatter)
    __scatterload_rt2                        0x080000f5   Thumb Code    44  __scatter.o(!!!scatter)
    __scatterload_rt2_thumb_only             0x080000f5   Thumb Code     0  __scatter.o(!!!scatter)
    __scatterload_null                       0x08000103   Thumb Code     0  __scatter.o(!!!scatter)
    __scatterload_copy                       0x08000129   Thumb Code    26  __scatter_copy.o(!!handler_copy)
    __scatterload_zeroinit                   0x08000145   Thumb Code    28  __scatter_zi.o(!!handler_zi)
    _printf_d                                0x08000161   Thumb Code     0  _printf_d.o(.ARM.Collect$$_printf_percent$$00000009)
    _printf_percent                          0x08000161   Thumb Code     0  _printf_percent.o(.ARM.Collect$$_printf_percent$$00000000)
    _printf_percent_end                      0x08000167   Thumb Code     0  _printf_percent_end.o(.ARM.Collect$$_printf_percent$$00000017)
    __rt_lib_init                            0x0800016b   Thumb Code     0  libinit.o(.ARM.Collect$$libinit$$00000000)
    __rt_lib_init_alloca_1                   0x0800016d   Thumb Code     0  libinit2.o(.ARM.Collect$$libinit$$0000002E)
    __rt_lib_init_argv_1                     0x0800016d   Thumb Code     0  libinit2.o(.ARM.Collect$$libinit$$0000002C)
    __rt_lib_init_atexit_1                   0x0800016d   Thumb Code     0  libinit2.o(.ARM.Collect$$libinit$$0000001B)
    __rt_lib_init_clock_1                    0x0800016d   Thumb Code     0  libinit2.o(.ARM.Collect$$libinit$$00000021)
    __rt_lib_init_cpp_1                      0x0800016d   Thumb Code     0  libinit2.o(.ARM.Collect$$libinit$$00000032)
    __rt_lib_init_exceptions_1               0x0800016d   Thumb Code     0  libinit2.o(.ARM.Collect$$libinit$$00000030)
    __rt_lib_init_fp_1                       0x0800016d   Thumb Code     0  libinit2.o(.ARM.Collect$$libinit$$00000002)
    __rt_lib_init_fp_trap_1                  0x0800016d   Thumb Code     0  libinit2.o(.ARM.Collect$$libinit$$0000001F)
    __rt_lib_init_getenv_1                   0x0800016d   Thumb Code     0  libinit2.o(.ARM.Collect$$libinit$$00000023)
    __rt_lib_init_heap_1                     0x0800016d   Thumb Code     0  libinit2.o(.ARM.Collect$$libinit$$0000000A)
    __rt_lib_init_lc_collate_1               0x0800016d   Thumb Code     0  libinit2.o(.ARM.Collect$$libinit$$00000011)
    __rt_lib_init_lc_ctype_1                 0x0800016d   Thumb Code     0  libinit2.o(.ARM.Collect$$libinit$$00000013)
    __rt_lib_init_lc_monetary_1              0x0800016d   Thumb Code     0  libinit2.o(.ARM.Collect$$libinit$$00000015)
    __rt_lib_init_lc_numeric_1               0x0800016d   Thumb Code     0  libinit2.o(.ARM.Collect$$libinit$$00000017)
    __rt_lib_init_lc_time_1                  0x0800016d   Thumb Code     0  libinit2.o(.ARM.Collect$$libinit$$00000019)
    __rt_lib_init_preinit_1                  0x0800016d   Thumb Code     0  libinit2.o(.ARM.Collect$$libinit$$00000004)
    __rt_lib_init_rand_1                     0x0800016d   Thumb Code     0  libinit2.o(.ARM.Collect$$libinit$$0000000E)
    __rt_lib_init_return                     0x0800016d   Thumb Code     0  libinit2.o(.ARM.Collect$$libinit$$00000033)
    __rt_lib_init_signal_1                   0x0800016d   Thumb Code     0  libinit2.o(.ARM.Collect$$libinit$$0000001D)
    __rt_lib_init_stdio_1                    0x0800016d   Thumb Code     0  libinit2.o(.ARM.Collect$$libinit$$00000025)
    __rt_lib_init_user_alloc_1               0x0800016d   Thumb Code     0  libinit2.o(.ARM.Collect$$libinit$$0000000C)
    __rt_lib_shutdown                        0x0800016f   Thumb Code     0  libshutdown.o(.ARM.Collect$$libshutdown$$00000000)
    __rt_lib_shutdown_cpp_1                  0x08000171   Thumb Code     0  libshutdown2.o(.ARM.Collect$$libshutdown$$00000002)
    __rt_lib_shutdown_fp_trap_1              0x08000171   Thumb Code     0  libshutdown2.o(.ARM.Collect$$libshutdown$$00000007)
    __rt_lib_shutdown_heap_1                 0x08000171   Thumb Code     0  libshutdown2.o(.ARM.Collect$$libshutdown$$0000000F)
    __rt_lib_shutdown_return                 0x08000171   Thumb Code     0  libshutdown2.o(.ARM.Collect$$libshutdown$$00000010)
    __rt_lib_shutdown_signal_1               0x08000171   Thumb Code     0  libshutdown2.o(.ARM.Collect$$libshutdown$$0000000A)
    __rt_lib_shutdown_stdio_1                0x08000171   Thumb Code     0  libshutdown2.o(.ARM.Collect$$libshutdown$$00000004)
    __rt_lib_shutdown_user_alloc_1           0x08000171   Thumb Code     0  libshutdown2.o(.ARM.Collect$$libshutdown$$0000000C)
    __rt_entry                               0x08000173   Thumb Code     0  __rtentry.o(.ARM.Collect$$rtentry$$00000000)
    __rt_entry_presh_1                       0x08000173   Thumb Code     0  __rtentry2.o(.ARM.Collect$$rtentry$$00000002)
    __rt_entry_sh                            0x08000173   Thumb Code     0  __rtentry4.o(.ARM.Collect$$rtentry$$00000004)
    __rt_entry_li                            0x08000179   Thumb Code     0  __rtentry2.o(.ARM.Collect$$rtentry$$0000000A)
    __rt_entry_postsh_1                      0x08000179   Thumb Code     0  __rtentry2.o(.ARM.Collect$$rtentry$$00000009)
    __rt_entry_main                          0x0800017d   Thumb Code     0  __rtentry2.o(.ARM.Collect$$rtentry$$0000000D)
    __rt_entry_postli_1                      0x0800017d   Thumb Code     0  __rtentry2.o(.ARM.Collect$$rtentry$$0000000C)
    __rt_exit                                0x08000185   Thumb Code     0  rtexit.o(.ARM.Collect$$rtexit$$00000000)
    __rt_exit_ls                             0x08000187   Thumb Code     0  rtexit2.o(.ARM.Collect$$rtexit$$00000003)
    __rt_exit_prels_1                        0x08000187   Thumb Code     0  rtexit2.o(.ARM.Collect$$rtexit$$00000002)
    __rt_exit_exit                           0x0800018b   Thumb Code     0  rtexit2.o(.ARM.Collect$$rtexit$$00000004)
    SVC_Handler                              0x08000191   Thumb Code    32  port.o(.emb_text)
    __asm___6_port_c_39a90d8d__prvStartFirstTask 0x080001b5   Thumb Code    28  port.o(.emb_text)
    PendSV_Handler                           0x080001d5   Thumb Code    72  port.o(.emb_text)
    vPortGetIPSR                             0x08000221   Thumb Code     6  port.o(.emb_text)
    Reset_Handler                            0x08000229   Thumb Code     8  startup_stm32f103xb.o(.text)
    ADC1_2_IRQHandler                        0x08000243   Thumb Code     0  startup_stm32f103xb.o(.text)
    CAN1_RX1_IRQHandler                      0x08000243   Thumb Code     0  startup_stm32f103xb.o(.text)
    CAN1_SCE_IRQHandler                      0x08000243   Thumb Code     0  startup_stm32f103xb.o(.text)
    DMA1_Channel1_IRQHandler                 0x08000243   Thumb Code     0  startup_stm32f103xb.o(.text)
    DMA1_Channel2_IRQHandler                 0x08000243   Thumb Code     0  startup_stm32f103xb.o(.text)
    DMA1_Channel3_IRQHandler                 0x08000243   Thumb Code     0  startup_stm32f103xb.o(.text)
    DMA1_Channel4_IRQHandler                 0x08000243   Thumb Code     0  startup_stm32f103xb.o(.text)
    DMA1_Channel5_IRQHandler                 0x08000243   Thumb Code     0  startup_stm32f103xb.o(.text)
    DMA1_Channel6_IRQHandler                 0x08000243   Thumb Code     0  startup_stm32f103xb.o(.text)
    DMA1_Channel7_IRQHandler                 0x08000243   Thumb Code     0  startup_stm32f103xb.o(.text)
    EXTI0_IRQHandler                         0x08000243   Thumb Code     0  startup_stm32f103xb.o(.text)
    EXTI1_IRQHandler                         0x08000243   Thumb Code     0  startup_stm32f103xb.o(.text)
    EXTI2_IRQHandler                         0x08000243   Thumb Code     0  startup_stm32f103xb.o(.text)
    EXTI3_IRQHandler                         0x08000243   Thumb Code     0  startup_stm32f103xb.o(.text)
    EXTI4_IRQHandler                         0x08000243   Thumb Code     0  startup_stm32f103xb.o(.text)
    FLASH_IRQHandler                         0x08000243   Thumb Code     0  startup_stm32f103xb.o(.text)
    I2C1_ER_IRQHandler                       0x08000243   Thumb Code     0  startup_stm32f103xb.o(.text)
    I2C1_EV_IRQHandler                       0x08000243   Thumb Code     0  startup_stm32f103xb.o(.text)
    I2C2_ER_IRQHandler                       0x08000243   Thumb Code     0  startup_stm32f103xb.o(.text)
    I2C2_EV_IRQHandler                       0x08000243   Thumb Code     0  startup_stm32f103xb.o(.text)
    PVD_IRQHandler                           0x08000243   Thumb Code     0  startup_stm32f103xb.o(.text)
    RCC_IRQHandler                           0x08000243   Thumb Code     0  startup_stm32f103xb.o(.text)
    RTC_Alarm_IRQHandler                     0x08000243   Thumb Code     0  startup_stm32f103xb.o(.text)
    SPI1_IRQHandler                          0x08000243   Thumb Code     0  startup_stm32f103xb.o(.text)
    SPI2_IRQHandler                          0x08000243   Thumb Code     0  startup_stm32f103xb.o(.text)
    TAMPER_IRQHandler                        0x08000243   Thumb Code     0  startup_stm32f103xb.o(.text)
    TIM1_BRK_IRQHandler                      0x08000243   Thumb Code     0  startup_stm32f103xb.o(.text)
    TIM1_CC_IRQHandler                       0x08000243   Thumb Code     0  startup_stm32f103xb.o(.text)
    TIM1_TRG_COM_IRQHandler                  0x08000243   Thumb Code     0  startup_stm32f103xb.o(.text)
    TIM1_UP_IRQHandler                       0x08000243   Thumb Code     0  startup_stm32f103xb.o(.text)
    TIM2_IRQHandler                          0x08000243   Thumb Code     0  startup_stm32f103xb.o(.text)
    TIM3_IRQHandler                          0x08000243   Thumb Code     0  startup_stm32f103xb.o(.text)
    USART1_IRQHandler                        0x08000243   Thumb Code     0  startup_stm32f103xb.o(.text)
    USART2_IRQHandler                        0x08000243   Thumb Code     0  startup_stm32f103xb.o(.text)
    USART3_IRQHandler                        0x08000243   Thumb Code     0  startup_stm32f103xb.o(.text)
    USBWakeUp_IRQHandler                     0x08000243   Thumb Code     0  startup_stm32f103xb.o(.text)
    USB_HP_CAN1_TX_IRQHandler                0x08000243   Thumb Code     0  startup_stm32f103xb.o(.text)
    USB_LP_CAN1_RX0_IRQHandler               0x08000243   Thumb Code     0  startup_stm32f103xb.o(.text)
    WWDG_IRQHandler                          0x08000243   Thumb Code     0  startup_stm32f103xb.o(.text)
    __user_initial_stackheap                 0x08000245   Thumb Code     0  startup_stm32f103xb.o(.text)
    __2sprintf                               0x08000269   Thumb Code    38  __2sprintf.o(.text)
    _printf_pre_padding                      0x08000295   Thumb Code    44  _printf_pad.o(.text)
    _printf_post_padding                     0x080002c1   Thumb Code    34  _printf_pad.o(.text)
    _printf_int_dec                          0x080002e5   Thumb Code   104  _printf_dec.o(.text)
    __printf                                 0x0800035d   Thumb Code   388  __printf_flags_ss_wp.o(.text)
    __aeabi_memcpy                           0x080004e5   Thumb Code     0  rt_memcpy_v6.o(.text)
    __rt_memcpy                              0x080004e5   Thumb Code   138  rt_memcpy_v6.o(.text)
    _memcpy_lastbytes                        0x0800054b   Thumb Code     0  rt_memcpy_v6.o(.text)
    __aeabi_memset                           0x0800056f   Thumb Code    16  aeabi_memset.o(.text)
    __aeabi_memclr4                          0x0800057f   Thumb Code     0  rt_memclr_w.o(.text)
    __aeabi_memclr8                          0x0800057f   Thumb Code     0  rt_memclr_w.o(.text)
    __rt_memclr_w                            0x0800057f   Thumb Code    78  rt_memclr_w.o(.text)
    _memset_w                                0x08000583   Thumb Code     0  rt_memclr_w.o(.text)
    strcmp                                   0x080005cd   Thumb Code   128  strcmpv7m.o(.text)
    __use_two_region_memory                  0x0800064d   Thumb Code     2  heapauxi.o(.text)
    __rt_heap_escrow$2region                 0x0800064f   Thumb Code     2  heapauxi.o(.text)
    __rt_heap_expand$2region                 0x08000651   Thumb Code     2  heapauxi.o(.text)
    _printf_int_common                       0x08000653   Thumb Code   178  _printf_intcommon.o(.text)
    _printf_char_common                      0x0800070f   Thumb Code    32  _printf_char_common.o(.text)
    _sputc                                   0x08000735   Thumb Code    10  _sputc.o(.text)
    __aeabi_memcpy4                          0x0800073f   Thumb Code     0  rt_memcpy_w.o(.text)
    __aeabi_memcpy8                          0x0800073f   Thumb Code     0  rt_memcpy_w.o(.text)
    __rt_memcpy_w                            0x0800073f   Thumb Code   100  rt_memcpy_w.o(.text)
    _memcpy_lastbytes_aligned                0x08000787   Thumb Code     0  rt_memcpy_w.o(.text)
    __aeabi_memclr                           0x080007a3   Thumb Code     0  rt_memclr.o(.text)
    __rt_memclr                              0x080007a3   Thumb Code    68  rt_memclr.o(.text)
    _memset                                  0x080007a7   Thumb Code     0  rt_memclr.o(.text)
    __user_libspace                          0x080007e9   Thumb Code     8  libspace.o(.text)
    __user_perproc_libspace                  0x080007e9   Thumb Code     0  libspace.o(.text)
    __user_perthread_libspace                0x080007e9   Thumb Code     0  libspace.o(.text)
    __user_setup_stackheap                   0x080007f1   Thumb Code    74  sys_stackheap_outer.o(.text)
    exit                                     0x0800083b   Thumb Code    18  exit.o(.text)
    _sys_exit                                0x0800084d   Thumb Code     8  sys_exit.o(.text)
    __I$use$semihosting                      0x08000859   Thumb Code     0  use_no_semi.o(.text)
    __use_no_semihosting_swi                 0x08000859   Thumb Code     2  use_no_semi.o(.text)
    BusFault_Handler                         0x0800085b   Thumb Code     2  stm32f1xx_it.o(i.BusFault_Handler)
    __semihosting_library_function           0x0800085b   Thumb Code     0  indicate_semi.o(.text)
    ClockTask                                0x0800086d   Thumb Code   152  clocktask.o(i.ClockTask)
    DebugMon_Handler                         0x08000929   Thumb Code     2  stm32f1xx_it.o(i.DebugMon_Handler)
    EXTI15_10_IRQHandler                     0x0800092d   Thumb Code   142  stm32f1xx_it.o(i.EXTI15_10_IRQHandler)
    EXTI9_5_IRQHandler                       0x080009cd   Thumb Code    92  stm32f1xx_it.o(i.EXTI9_5_IRQHandler)
    Error_Handler                            0x08000ad1   Thumb Code     4  main.o(i.Error_Handler)
    ExitToMenuTask                           0x08000ad5   Thumb Code    40  timetask.o(i.ExitToMenuTask)
    GetAlarmCount                            0x08000b11   Thumb Code     4  oled_ui.o(i.GetAlarmCount)
    HAL_GPIO_EXTI_Callback                   0x08000b15   Thumb Code     2  stm32f1xx_hal_gpio.o(i.HAL_GPIO_EXTI_Callback)
    HAL_GPIO_EXTI_IRQHandler                 0x08000b19   Thumb Code    18  stm32f1xx_hal_gpio.o(i.HAL_GPIO_EXTI_IRQHandler)
    HAL_GPIO_Init                            0x08000b31   Thumb Code   446  stm32f1xx_hal_gpio.o(i.HAL_GPIO_Init)
    HAL_GPIO_ReadPin                         0x08000d11   Thumb Code    10  stm32f1xx_hal_gpio.o(i.HAL_GPIO_ReadPin)
    HAL_GPIO_WritePin                        0x08000d1b   Thumb Code    10  stm32f1xx_hal_gpio.o(i.HAL_GPIO_WritePin)
    HAL_GetTick                              0x08000d25   Thumb Code     6  stm32f1xx_hal.o(i.HAL_GetTick)
    HAL_IncTick                              0x08000d31   Thumb Code    12  stm32f1xx_hal.o(i.HAL_IncTick)
    HAL_Init                                 0x08000d41   Thumb Code    32  stm32f1xx_hal.o(i.HAL_Init)
    HAL_InitTick                             0x08000d65   Thumb Code   132  stm32f1xx_hal_timebase_tim.o(i.HAL_InitTick)
    HAL_MspInit                              0x08000dfd   Thumb Code    62  stm32f1xx_hal_msp.o(i.HAL_MspInit)
    HAL_NVIC_EnableIRQ                       0x08000e45   Thumb Code    26  stm32f1xx_hal_cortex.o(i.HAL_NVIC_EnableIRQ)
    HAL_NVIC_SetPriority                     0x08000e61   Thumb Code    60  stm32f1xx_hal_cortex.o(i.HAL_NVIC_SetPriority)
    HAL_NVIC_SetPriorityGrouping             0x08000ea1   Thumb Code    26  stm32f1xx_hal_cortex.o(i.HAL_NVIC_SetPriorityGrouping)
    HAL_PWR_EnableBkUpAccess                 0x08000ec5   Thumb Code     8  stm32f1xx_hal_pwr.o(i.HAL_PWR_EnableBkUpAccess)
    HAL_RCCEx_GetPeriphCLKFreq               0x08000ed1   Thumb Code   148  stm32f1xx_hal_rcc_ex.o(i.HAL_RCCEx_GetPeriphCLKFreq)
    HAL_RCCEx_PeriphCLKConfig                0x08000f75   Thumb Code   224  stm32f1xx_hal_rcc_ex.o(i.HAL_RCCEx_PeriphCLKConfig)
    HAL_RCC_ClockConfig                      0x08001061   Thumb Code   280  stm32f1xx_hal_rcc.o(i.HAL_RCC_ClockConfig)
    HAL_RCC_GetClockConfig                   0x0800118d   Thumb Code    54  stm32f1xx_hal_rcc.o(i.HAL_RCC_GetClockConfig)
    HAL_RCC_GetPCLK1Freq                     0x080011cd   Thumb Code    20  stm32f1xx_hal_rcc.o(i.HAL_RCC_GetPCLK1Freq)
    HAL_RCC_GetPCLK2Freq                     0x080011ed   Thumb Code    20  stm32f1xx_hal_rcc.o(i.HAL_RCC_GetPCLK2Freq)
    HAL_RCC_GetSysClockFreq                  0x0800120d   Thumb Code    58  stm32f1xx_hal_rcc.o(i.HAL_RCC_GetSysClockFreq)
    HAL_RCC_OscConfig                        0x08001259   Thumb Code   778  stm32f1xx_hal_rcc.o(i.HAL_RCC_OscConfig)
    HAL_RTCEx_RTCEventCallback               0x08001579   Thumb Code     2  stm32f1xx_hal_rtc_ex.o(i.HAL_RTCEx_RTCEventCallback)
    HAL_RTCEx_RTCEventErrorCallback          0x0800157b   Thumb Code     2  stm32f1xx_hal_rtc_ex.o(i.HAL_RTCEx_RTCEventErrorCallback)
    HAL_RTCEx_RTCIRQHandler                  0x0800157d   Thumb Code    62  stm32f1xx_hal_rtc_ex.o(i.HAL_RTCEx_RTCIRQHandler)
    HAL_RTC_GetDate                          0x080015bb   Thumb Code    78  stm32f1xx_hal_rtc.o(i.HAL_RTC_GetDate)
    HAL_RTC_GetTime                          0x08001609   Thumb Code   216  stm32f1xx_hal_rtc.o(i.HAL_RTC_GetTime)
    HAL_RTC_Init                             0x080016e1   Thumb Code   144  stm32f1xx_hal_rtc.o(i.HAL_RTC_Init)
    HAL_RTC_MspInit                          0x08001775   Thumb Code    60  rtc.o(i.HAL_RTC_MspInit)
    HAL_RTC_SetDate                          0x080017bd   Thumb Code   192  stm32f1xx_hal_rtc.o(i.HAL_RTC_SetDate)
    HAL_RTC_SetTime                          0x08001881   Thumb Code   168  stm32f1xx_hal_rtc.o(i.HAL_RTC_SetTime)
    HAL_RTC_WaitForSynchro                   0x0800192d   Thumb Code    58  stm32f1xx_hal_rtc.o(i.HAL_RTC_WaitForSynchro)
    HAL_TIMEx_BreakCallback                  0x08001967   Thumb Code     2  stm32f1xx_hal_tim_ex.o(i.HAL_TIMEx_BreakCallback)
    HAL_TIMEx_CommutCallback                 0x08001969   Thumb Code     2  stm32f1xx_hal_tim_ex.o(i.HAL_TIMEx_CommutCallback)
    HAL_TIM_Base_Init                        0x0800196b   Thumb Code    90  stm32f1xx_hal_tim.o(i.HAL_TIM_Base_Init)
    HAL_TIM_Base_MspInit                     0x080019c5   Thumb Code     2  stm32f1xx_hal_tim.o(i.HAL_TIM_Base_MspInit)
    HAL_TIM_Base_Start_IT                    0x080019c9   Thumb Code    76  stm32f1xx_hal_tim.o(i.HAL_TIM_Base_Start_IT)
    HAL_TIM_IC_CaptureCallback               0x08001a21   Thumb Code     2  stm32f1xx_hal_tim.o(i.HAL_TIM_IC_CaptureCallback)
    HAL_TIM_IRQHandler                       0x08001a23   Thumb Code   304  stm32f1xx_hal_tim.o(i.HAL_TIM_IRQHandler)
    HAL_TIM_OC_DelayElapsedCallback          0x08001b53   Thumb Code     2  stm32f1xx_hal_tim.o(i.HAL_TIM_OC_DelayElapsedCallback)
    HAL_TIM_PWM_PulseFinishedCallback        0x08001b55   Thumb Code     2  stm32f1xx_hal_tim.o(i.HAL_TIM_PWM_PulseFinishedCallback)
    HAL_TIM_PeriodElapsedCallback            0x08001b59   Thumb Code    14  main.o(i.HAL_TIM_PeriodElapsedCallback)
    HAL_TIM_TriggerCallback                  0x08001b6d   Thumb Code     2  stm32f1xx_hal_tim.o(i.HAL_TIM_TriggerCallback)
    HardFault_Handler                        0x08001b6f   Thumb Code     2  stm32f1xx_it.o(i.HardFault_Handler)
    MX_FREERTOS_Init                         0x08001b71   Thumb Code    92  freertos.o(i.MX_FREERTOS_Init)
    MX_GPIO_Init                             0x08001c09   Thumb Code   230  gpio.o(i.MX_GPIO_Init)
    MX_RTC_Init                              0x08001d05   Thumb Code   104  rtc.o(i.MX_RTC_Init)
    MemManage_Handler                        0x08001d75   Thumb Code     2  stm32f1xx_it.o(i.MemManage_Handler)
    MenuTask                                 0x08001d79   Thumb Code   126  menutask.o(i.MenuTask)
    NMI_Handler                              0x08001e09   Thumb Code     2  stm32f1xx_it.o(i.NMI_Handler)
    OLED_Clear                               0x08001e0d   Thumb Code    34  oled.o(i.OLED_Clear)
    OLED_ClearArea                           0x08001e35   Thumb Code    86  oled.o(i.OLED_ClearArea)
    OLED_DrawPoint                           0x08001e91   Thumb Code    48  oled.o(i.OLED_DrawPoint)
    OLED_DrawRectangle                       0x08001ec5   Thumb Code   116  oled.o(i.OLED_DrawRectangle)
    OLED_DrawWeekBlock                       0x08001f39   Thumb Code    54  oled_ui.o(i.OLED_DrawWeekBlock)
    OLED_GPIO_Init                           0x08001f6f   Thumb Code    38  oled.o(i.OLED_GPIO_Init)
    OLED_I2C_SendByte                        0x08001f95   Thumb Code    58  oled.o(i.OLED_I2C_SendByte)
    OLED_I2C_Start                           0x08001fcf   Thumb Code    30  oled.o(i.OLED_I2C_Start)
    OLED_I2C_Stop                            0x08001fed   Thumb Code    24  oled.o(i.OLED_I2C_Stop)
    OLED_Init                                0x08002005   Thumb Code   156  oled.o(i.OLED_Init)
    OLED_Pow                                 0x080020a1   Thumb Code    14  oled.o(i.OLED_Pow)
    OLED_ReverseArea                         0x080020b1   Thumb Code    84  oled.o(i.OLED_ReverseArea)
    OLED_SetCursor                           0x08002109   Thumb Code    34  oled.o(i.OLED_SetCursor)
    OLED_ShowAlarmPage                       0x0800212d   Thumb Code   106  oled_ui.o(i.OLED_ShowAlarmPage)
    OLED_ShowChar                            0x080021b1   Thumb Code    52  oled.o(i.OLED_ShowChar)
    OLED_ShowImage                           0x080021ed   Thumb Code   182  oled.o(i.OLED_ShowImage)
    OLED_ShowNum                             0x080022a9   Thumb Code    70  oled.o(i.OLED_ShowNum)
    OLED_ShowSingleAlarm                     0x080022ef   Thumb Code   148  oled_ui.o(i.OLED_ShowSingleAlarm)
    OLED_ShowString                          0x08002385   Thumb Code   210  oled.o(i.OLED_ShowString)
    OLED_Update                              0x08002461   Thumb Code    34  oled.o(i.OLED_Update)
    OLED_W_SCL                               0x08002489   Thumb Code    12  oled.o(i.OLED_W_SCL)
    OLED_W_SDA                               0x08002499   Thumb Code    12  oled.o(i.OLED_W_SDA)
    OLED_WriteCommand                        0x080024a9   Thumb Code    34  oled.o(i.OLED_WriteCommand)
    OLED_WriteData                           0x080024cb   Thumb Code    48  oled.o(i.OLED_WriteData)
    RTC_IRQHandler                           0x0800263d   Thumb Code     6  stm32f1xx_it.o(i.RTC_IRQHandler)
    StartDefaultTask                         0x08002791   Thumb Code    20  freertos.o(i.StartDefaultTask)
    SysTick_Handler                          0x080027a9   Thumb Code    26  cmsis_os2.o(i.SysTick_Handler)
    SystemClock_Config                       0x080027c3   Thumb Code   128  main.o(i.SystemClock_Config)
    SystemInit                               0x08002843   Thumb Code     2  system_stm32f1xx.o(i.SystemInit)
    TIM4_IRQHandler                          0x08002845   Thumb Code     6  stm32f1xx_it.o(i.TIM4_IRQHandler)
    TIM_Base_SetConfig                       0x08002851   Thumb Code   108  stm32f1xx_hal_tim.o(i.TIM_Base_SetConfig)
    TimeTask                                 0x080028c9   Thumb Code   194  timetask.o(i.TimeTask)
    UsageFault_Handler                       0x080029e5   Thumb Code     2  stm32f1xx_it.o(i.UsageFault_Handler)
    _is_digit                                0x08002a07   Thumb Code    14  __printf_wp.o(i._is_digit)
    main                                     0x08002a15   Thumb Code    34  main.o(i.main)
    osDelay                                  0x08002a37   Thumb Code    26  cmsis_os2.o(i.osDelay)
    osKernelInitialize                       0x08002a51   Thumb Code    32  cmsis_os2.o(i.osKernelInitialize)
    osKernelStart                            0x08002a75   Thumb Code    48  cmsis_os2.o(i.osKernelStart)
    osThreadNew                              0x08002aad   Thumb Code   138  cmsis_os2.o(i.osThreadNew)
    pvPortMalloc                             0x08003301   Thumb Code   216  heap_4.o(i.pvPortMalloc)
    pxPortInitialiseStack                    0x080033dd   Thumb Code    32  port.o(i.pxPortInitialiseStack)
    uxListRemove                             0x08003401   Thumb Code    38  list.o(i.uxListRemove)
    vApplicationGetIdleTaskMemory            0x08003429   Thumb Code    16  cmsis_os2.o(i.vApplicationGetIdleTaskMemory)
    vApplicationGetTimerTaskMemory           0x0800343d   Thumb Code    18  cmsis_os2.o(i.vApplicationGetTimerTaskMemory)
    vListInitialise                          0x08003455   Thumb Code    22  list.o(i.vListInitialise)
    vListInitialiseItem                      0x0800346b   Thumb Code     6  list.o(i.vListInitialiseItem)
    vListInsert                              0x08003471   Thumb Code    48  list.o(i.vListInsert)
    vListInsertEnd                           0x080034a1   Thumb Code    24  list.o(i.vListInsertEnd)
    vPortEnterCritical                       0x080034b9   Thumb Code    54  port.o(i.vPortEnterCritical)
    vPortExitCritical                        0x080034f9   Thumb Code    34  port.o(i.vPortExitCritical)
    vPortFree                                0x08003521   Thumb Code    94  heap_4.o(i.vPortFree)
    vPortSetupTimerInterrupt                 0x08003585   Thumb Code    32  port.o(i.vPortSetupTimerInterrupt)
    vPortValidateInterruptPriority           0x080035a9   Thumb Code    74  port.o(i.vPortValidateInterruptPriority)
    vQueueAddToRegistry                      0x080035fd   Thumb Code    34  queue.o(i.vQueueAddToRegistry)
    vQueueWaitForMessageRestricted           0x08003625   Thumb Code    68  queue.o(i.vQueueWaitForMessageRestricted)
    vTaskDelay                               0x08003669   Thumb Code    66  tasks.o(i.vTaskDelay)
    vTaskInternalSetTimeOutState             0x080036b5   Thumb Code    12  tasks.o(i.vTaskInternalSetTimeOutState)
    vTaskMissedYield                         0x080036c5   Thumb Code     8  tasks.o(i.vTaskMissedYield)
    vTaskPlaceOnEventList                    0x080036d1   Thumb Code    44  tasks.o(i.vTaskPlaceOnEventList)
    vTaskPlaceOnEventListRestricted          0x08003701   Thumb Code    52  tasks.o(i.vTaskPlaceOnEventListRestricted)
    vTaskResume                              0x08003739   Thumb Code   110  tasks.o(i.vTaskResume)
    vTaskStartScheduler                      0x080037b5   Thumb Code   118  tasks.o(i.vTaskStartScheduler)
    vTaskSuspend                             0x0800383d   Thumb Code   144  tasks.o(i.vTaskSuspend)
    vTaskSuspendAll                          0x080038d9   Thumb Code    10  tasks.o(i.vTaskSuspendAll)
    vTaskSwitchContext                       0x080038e9   Thumb Code    90  tasks.o(i.vTaskSwitchContext)
    xPortStartScheduler                      0x0800394d   Thumb Code   154  port.o(i.xPortStartScheduler)
    xPortSysTickHandler                      0x080039f5   Thumb Code    38  port.o(i.xPortSysTickHandler)
    xQueueGenericCreate                      0x08003a21   Thumb Code    66  queue.o(i.xQueueGenericCreate)
    xQueueGenericCreateStatic                0x08003a63   Thumb Code   102  queue.o(i.xQueueGenericCreateStatic)
    xQueueGenericReset                       0x08003ac9   Thumb Code   132  queue.o(i.xQueueGenericReset)
    xQueueGenericSend                        0x08003b51   Thumb Code   346  queue.o(i.xQueueGenericSend)
    xQueueGenericSendFromISR                 0x08003cb1   Thumb Code   190  queue.o(i.xQueueGenericSendFromISR)
    xQueueReceive                            0x08003d71   Thumb Code   308  queue.o(i.xQueueReceive)
    xTaskCheckForTimeOut                     0x08003ea9   Thumb Code   112  tasks.o(i.xTaskCheckForTimeOut)
    xTaskCreate                              0x08003f1d   Thumb Code    90  tasks.o(i.xTaskCreate)
    xTaskCreateStatic                        0x08003f77   Thumb Code    86  tasks.o(i.xTaskCreateStatic)
    xTaskGetSchedulerState                   0x08003fcd   Thumb Code    22  tasks.o(i.xTaskGetSchedulerState)
    xTaskGetTickCount                        0x08003fe9   Thumb Code     6  tasks.o(i.xTaskGetTickCount)
    xTaskIncrementTick                       0x08003ff5   Thumb Code   192  tasks.o(i.xTaskIncrementTick)
    xTaskPriorityDisinherit                  0x080040bd   Thumb Code   118  tasks.o(i.xTaskPriorityDisinherit)
    xTaskRemoveFromEventList                 0x0800413d   Thumb Code    98  tasks.o(i.xTaskRemoveFromEventList)
    xTaskResumeAll                           0x080041ad   Thumb Code   182  tasks.o(i.xTaskResumeAll)
    xTimerCreateTimerTask                    0x08004271   Thumb Code    78  timers.o(i.xTimerCreateTimerTask)
    xTimerGenericCommand                     0x080042d1   Thumb Code    98  timers.o(i.xTimerGenericCommand)
    defaultTask_attributes                   0x08004338   Data          36  freertos.o(.constdata)
    AHBPrescTable                            0x08004380   Data          16  system_stm32f1xx.o(.constdata)
    APBPrescTable                            0x08004390   Data           8  system_stm32f1xx.o(.constdata)
    OLED_F8x16                               0x08004398   Data        1520  oled_data.o(.constdata)
    OLED_F6x8                                0x08004988   Data         570  oled_data.o(.constdata)
    OLED_CF16x16                             0x08004bc2   Data         665  oled_data.o(.constdata)
    Region$$Table$$Base                      0x08004ea8   Number         0  anon$$obj.o(Region$$Table)
    Region$$Table$$Limit                     0x08004ec8   Number         0  anon$$obj.o(Region$$Table)
    xMenuTaskHandle                          0x20000000   Data           4  freertos.o(.data)
    xClockTaskHandle                         0x20000004   Data           4  freertos.o(.data)
    xAlarmTaskHandle                         0x20000008   Data           4  freertos.o(.data)
    defaultTaskHandle                        0x2000000c   Data           4  freertos.o(.data)
    xGameTaskHandle                          0x20000010   Data           4  freertos.o(.data)
    xTempTaskHandle                          0x20000014   Data           4  freertos.o(.data)
    xGyroTaskHandle                          0x20000018   Data           4  freertos.o(.data)
    xSettingTaskHandle                       0x2000001c   Data           4  freertos.o(.data)
    menuInterruptEnabled                     0x20000020   Data           1  stm32f1xx_it.o(.data)
    enterInterruptEnabled                    0x20000021   Data           1  stm32f1xx_it.o(.data)
    exitInterruptEnabled                     0x20000022   Data           1  stm32f1xx_it.o(.data)
    uwTickFreq                               0x2000002c   Data           1  stm32f1xx_hal.o(.data)
    uwTickPrio                               0x20000030   Data           4  stm32f1xx_hal.o(.data)
    uwTick                                   0x20000034   Data           4  stm32f1xx_hal.o(.data)
    SystemCoreClock                          0x20000038   Data           4  system_stm32f1xx.o(.data)
    pxCurrentTCB                             0x2000003c   Data           4  tasks.o(.data)
    selectedIndex                            0x200000bc   Data           1  menutask.o(.data)
    g_isInMenuTask                           0x200000bd   Data           1  menutask.o(.data)
    KeyQueue                                 0x200000c0   Data           4  menutask.o(.data)
    g_CurrentPage                            0x200000dc   Data           1  oled_ui.o(.data)
    g_SelectedIndex                          0x200000dd   Data           1  oled_ui.o(.data)
    g_AlarmList                              0x200000de   Data          60  oled_ui.o(.data)
    hrtc                                     0x2000011c   Data          20  rtc.o(.bss)
    htim4                                    0x20000130   Data          72  stm32f1xx_hal_timebase_tim.o(.bss)
    xQueueRegistry                           0x20000178   Data          64  queue.o(.bss)
    OLED_DisplayBuf                          0x20001a4c   Data        1024  oled.o(.bss)
    __libspace_start                         0x20001e4c   Data          96  libspace.o(.bss)
    __temporary_stack_top$libspace           0x20001eac   Data           0  libspace.o(.bss)



==============================================================================

Memory Map of the image

  Image Entry point : 0x080000ed

  Load Region LR_IROM1 (Base: 0x08000000, Size: 0x00004fe4, Max: 0x00010000, ABSOLUTE)

    Execution Region ER_IROM1 (Exec base: 0x08000000, Load base: 0x08000000, Size: 0x00004ec8, Max: 0x00010000, ABSOLUTE)

    Exec Addr    Load Addr    Size         Type   Attr      Idx    E Section Name        Object

    0x08000000   0x08000000   0x000000ec   Data   RO            3    RESET               startup_stm32f103xb.o
    0x080000ec   0x080000ec   0x00000008   Code   RO         5155  * !!!main             c_w.l(__main.o)
    0x080000f4   0x080000f4   0x00000034   Code   RO         5558    !!!scatter          c_w.l(__scatter.o)
    0x08000128   0x08000128   0x0000001a   Code   RO         5560    !!handler_copy      c_w.l(__scatter_copy.o)
    0x08000142   0x08000142   0x00000002   PAD
    0x08000144   0x08000144   0x0000001c   Code   RO         5562    !!handler_zi        c_w.l(__scatter_zi.o)
    0x08000160   0x08000160   0x00000000   Code   RO         5142    .ARM.Collect$$_printf_percent$$00000000  c_w.l(_printf_percent.o)
    0x08000160   0x08000160   0x00000006   Code   RO         5141    .ARM.Collect$$_printf_percent$$00000009  c_w.l(_printf_d.o)
    0x08000166   0x08000166   0x00000004   Code   RO         5270    .ARM.Collect$$_printf_percent$$00000017  c_w.l(_printf_percent_end.o)
    0x0800016a   0x0800016a   0x00000002   Code   RO         5420    .ARM.Collect$$libinit$$00000000  c_w.l(libinit.o)
    0x0800016c   0x0800016c   0x00000000   Code   RO         5431    .ARM.Collect$$libinit$$00000002  c_w.l(libinit2.o)
    0x0800016c   0x0800016c   0x00000000   Code   RO         5433    .ARM.Collect$$libinit$$00000004  c_w.l(libinit2.o)
    0x0800016c   0x0800016c   0x00000000   Code   RO         5436    .ARM.Collect$$libinit$$0000000A  c_w.l(libinit2.o)
    0x0800016c   0x0800016c   0x00000000   Code   RO         5438    .ARM.Collect$$libinit$$0000000C  c_w.l(libinit2.o)
    0x0800016c   0x0800016c   0x00000000   Code   RO         5440    .ARM.Collect$$libinit$$0000000E  c_w.l(libinit2.o)
    0x0800016c   0x0800016c   0x00000000   Code   RO         5443    .ARM.Collect$$libinit$$00000011  c_w.l(libinit2.o)
    0x0800016c   0x0800016c   0x00000000   Code   RO         5445    .ARM.Collect$$libinit$$00000013  c_w.l(libinit2.o)
    0x0800016c   0x0800016c   0x00000000   Code   RO         5447    .ARM.Collect$$libinit$$00000015  c_w.l(libinit2.o)
    0x0800016c   0x0800016c   0x00000000   Code   RO         5449    .ARM.Collect$$libinit$$00000017  c_w.l(libinit2.o)
    0x0800016c   0x0800016c   0x00000000   Code   RO         5451    .ARM.Collect$$libinit$$00000019  c_w.l(libinit2.o)
    0x0800016c   0x0800016c   0x00000000   Code   RO         5453    .ARM.Collect$$libinit$$0000001B  c_w.l(libinit2.o)
    0x0800016c   0x0800016c   0x00000000   Code   RO         5455    .ARM.Collect$$libinit$$0000001D  c_w.l(libinit2.o)
    0x0800016c   0x0800016c   0x00000000   Code   RO         5457    .ARM.Collect$$libinit$$0000001F  c_w.l(libinit2.o)
    0x0800016c   0x0800016c   0x00000000   Code   RO         5459    .ARM.Collect$$libinit$$00000021  c_w.l(libinit2.o)
    0x0800016c   0x0800016c   0x00000000   Code   RO         5461    .ARM.Collect$$libinit$$00000023  c_w.l(libinit2.o)
    0x0800016c   0x0800016c   0x00000000   Code   RO         5463    .ARM.Collect$$libinit$$00000025  c_w.l(libinit2.o)
    0x0800016c   0x0800016c   0x00000000   Code   RO         5467    .ARM.Collect$$libinit$$0000002C  c_w.l(libinit2.o)
    0x0800016c   0x0800016c   0x00000000   Code   RO         5469    .ARM.Collect$$libinit$$0000002E  c_w.l(libinit2.o)
    0x0800016c   0x0800016c   0x00000000   Code   RO         5471    .ARM.Collect$$libinit$$00000030  c_w.l(libinit2.o)
    0x0800016c   0x0800016c   0x00000000   Code   RO         5473    .ARM.Collect$$libinit$$00000032  c_w.l(libinit2.o)
    0x0800016c   0x0800016c   0x00000002   Code   RO         5474    .ARM.Collect$$libinit$$00000033  c_w.l(libinit2.o)
    0x0800016e   0x0800016e   0x00000002   Code   RO         5498    .ARM.Collect$$libshutdown$$00000000  c_w.l(libshutdown.o)
    0x08000170   0x08000170   0x00000000   Code   RO         5511    .ARM.Collect$$libshutdown$$00000002  c_w.l(libshutdown2.o)
    0x08000170   0x08000170   0x00000000   Code   RO         5513    .ARM.Collect$$libshutdown$$00000004  c_w.l(libshutdown2.o)
    0x08000170   0x08000170   0x00000000   Code   RO         5516    .ARM.Collect$$libshutdown$$00000007  c_w.l(libshutdown2.o)
    0x08000170   0x08000170   0x00000000   Code   RO         5519    .ARM.Collect$$libshutdown$$0000000A  c_w.l(libshutdown2.o)
    0x08000170   0x08000170   0x00000000   Code   RO         5521    .ARM.Collect$$libshutdown$$0000000C  c_w.l(libshutdown2.o)
    0x08000170   0x08000170   0x00000000   Code   RO         5524    .ARM.Collect$$libshutdown$$0000000F  c_w.l(libshutdown2.o)
    0x08000170   0x08000170   0x00000002   Code   RO         5525    .ARM.Collect$$libshutdown$$00000010  c_w.l(libshutdown2.o)
    0x08000172   0x08000172   0x00000000   Code   RO         5211    .ARM.Collect$$rtentry$$00000000  c_w.l(__rtentry.o)
    0x08000172   0x08000172   0x00000000   Code   RO         5331    .ARM.Collect$$rtentry$$00000002  c_w.l(__rtentry2.o)
    0x08000172   0x08000172   0x00000006   Code   RO         5343    .ARM.Collect$$rtentry$$00000004  c_w.l(__rtentry4.o)
    0x08000178   0x08000178   0x00000000   Code   RO         5333    .ARM.Collect$$rtentry$$00000009  c_w.l(__rtentry2.o)
    0x08000178   0x08000178   0x00000004   Code   RO         5334    .ARM.Collect$$rtentry$$0000000A  c_w.l(__rtentry2.o)
    0x0800017c   0x0800017c   0x00000000   Code   RO         5336    .ARM.Collect$$rtentry$$0000000C  c_w.l(__rtentry2.o)
    0x0800017c   0x0800017c   0x00000008   Code   RO         5337    .ARM.Collect$$rtentry$$0000000D  c_w.l(__rtentry2.o)
    0x08000184   0x08000184   0x00000002   Code   RO         5425    .ARM.Collect$$rtexit$$00000000  c_w.l(rtexit.o)
    0x08000186   0x08000186   0x00000000   Code   RO         5478    .ARM.Collect$$rtexit$$00000002  c_w.l(rtexit2.o)
    0x08000186   0x08000186   0x00000004   Code   RO         5479    .ARM.Collect$$rtexit$$00000003  c_w.l(rtexit2.o)
    0x0800018a   0x0800018a   0x00000006   Code   RO         5480    .ARM.Collect$$rtexit$$00000004  c_w.l(rtexit2.o)
    0x08000190   0x08000190   0x00000096   Code   RO         4428    .emb_text           port.o
    0x08000226   0x08000226   0x00000002   PAD
    0x08000228   0x08000228   0x00000040   Code   RO            4    .text               startup_stm32f103xb.o
    0x08000268   0x08000268   0x0000002c   Code   RO         5111    .text               c_w.l(__2sprintf.o)
    0x08000294   0x08000294   0x0000004e   Code   RO         5117    .text               c_w.l(_printf_pad.o)
    0x080002e2   0x080002e2   0x00000002   PAD
    0x080002e4   0x080002e4   0x00000078   Code   RO         5119    .text               c_w.l(_printf_dec.o)
    0x0800035c   0x0800035c   0x00000188   Code   RO         5138    .text               c_w.l(__printf_flags_ss_wp.o)
    0x080004e4   0x080004e4   0x0000008a   Code   RO         5143    .text               c_w.l(rt_memcpy_v6.o)
    0x0800056e   0x0800056e   0x00000010   Code   RO         5147    .text               c_w.l(aeabi_memset.o)
    0x0800057e   0x0800057e   0x0000004e   Code   RO         5149    .text               c_w.l(rt_memclr_w.o)
    0x080005cc   0x080005cc   0x00000080   Code   RO         5151    .text               c_w.l(strcmpv7m.o)
    0x0800064c   0x0800064c   0x00000006   Code   RO         5153    .text               c_w.l(heapauxi.o)
    0x08000652   0x08000652   0x000000b2   Code   RO         5218    .text               c_w.l(_printf_intcommon.o)
    0x08000704   0x08000704   0x00000030   Code   RO         5222    .text               c_w.l(_printf_char_common.o)
    0x08000734   0x08000734   0x0000000a   Code   RO         5224    .text               c_w.l(_sputc.o)
    0x0800073e   0x0800073e   0x00000064   Code   RO         5280    .text               c_w.l(rt_memcpy_w.o)
    0x080007a2   0x080007a2   0x00000044   Code   RO         5282    .text               c_w.l(rt_memclr.o)
    0x080007e6   0x080007e6   0x00000002   PAD
    0x080007e8   0x080007e8   0x00000008   Code   RO         5371    .text               c_w.l(libspace.o)
    0x080007f0   0x080007f0   0x0000004a   Code   RO         5374    .text               c_w.l(sys_stackheap_outer.o)
    0x0800083a   0x0800083a   0x00000012   Code   RO         5413    .text               c_w.l(exit.o)
    0x0800084c   0x0800084c   0x0000000c   Code   RO         5490    .text               c_w.l(sys_exit.o)
    0x08000858   0x08000858   0x00000002   Code   RO         5501    .text               c_w.l(use_no_semi.o)
    0x0800085a   0x0800085a   0x00000000   Code   RO         5503    .text               c_w.l(indicate_semi.o)
    0x0800085a   0x0800085a   0x00000002   Code   RO          306    i.BusFault_Handler  stm32f1xx_it.o
    0x0800085c   0x0800085c   0x0000000e   Code   RO         4769    i.CalcDisplayOffset  menutask.o
    0x0800086a   0x0800086a   0x00000002   PAD
    0x0800086c   0x0800086c   0x000000bc   Code   RO         4861    i.ClockTask         clocktask.o
    0x08000928   0x08000928   0x00000002   Code   RO          307    i.DebugMon_Handler  stm32f1xx_it.o
    0x0800092a   0x0800092a   0x00000002   PAD
    0x0800092c   0x0800092c   0x000000a0   Code   RO          308    i.EXTI15_10_IRQHandler  stm32f1xx_it.o
    0x080009cc   0x080009cc   0x0000006c   Code   RO          309    i.EXTI9_5_IRQHandler  stm32f1xx_it.o
    0x08000a38   0x08000a38   0x00000098   Code   RO         4770    i.EnterTargetTask   menutask.o
    0x08000ad0   0x08000ad0   0x00000004   Code   RO           13    i.Error_Handler     main.o
    0x08000ad4   0x08000ad4   0x0000003c   Code   RO         4823    i.ExitToMenuTask    timetask.o
    0x08000b10   0x08000b10   0x00000004   Code   RO         5053    i.GetAlarmCount     oled_ui.o
    0x08000b14   0x08000b14   0x00000002   Code   RO         1781    i.HAL_GPIO_EXTI_Callback  stm32f1xx_hal_gpio.o
    0x08000b16   0x08000b16   0x00000002   PAD
    0x08000b18   0x08000b18   0x00000018   Code   RO         1782    i.HAL_GPIO_EXTI_IRQHandler  stm32f1xx_hal_gpio.o
    0x08000b30   0x08000b30   0x000001e0   Code   RO         1783    i.HAL_GPIO_Init     stm32f1xx_hal_gpio.o
    0x08000d10   0x08000d10   0x0000000a   Code   RO         1785    i.HAL_GPIO_ReadPin  stm32f1xx_hal_gpio.o
    0x08000d1a   0x08000d1a   0x0000000a   Code   RO         1787    i.HAL_GPIO_WritePin  stm32f1xx_hal_gpio.o
    0x08000d24   0x08000d24   0x0000000c   Code   RO         1477    i.HAL_GetTick       stm32f1xx_hal.o
    0x08000d30   0x08000d30   0x00000010   Code   RO         1483    i.HAL_IncTick       stm32f1xx_hal.o
    0x08000d40   0x08000d40   0x00000024   Code   RO         1484    i.HAL_Init          stm32f1xx_hal.o
    0x08000d64   0x08000d64   0x00000098   Code   RO          418    i.HAL_InitTick      stm32f1xx_hal_timebase_tim.o
    0x08000dfc   0x08000dfc   0x00000048   Code   RO          394    i.HAL_MspInit       stm32f1xx_hal_msp.o
    0x08000e44   0x08000e44   0x0000001a   Code   RO         1943    i.HAL_NVIC_EnableIRQ  stm32f1xx_hal_cortex.o
    0x08000e5e   0x08000e5e   0x00000002   PAD
    0x08000e60   0x08000e60   0x00000040   Code   RO         1949    i.HAL_NVIC_SetPriority  stm32f1xx_hal_cortex.o
    0x08000ea0   0x08000ea0   0x00000024   Code   RO         1950    i.HAL_NVIC_SetPriorityGrouping  stm32f1xx_hal_cortex.o
    0x08000ec4   0x08000ec4   0x0000000c   Code   RO         2065    i.HAL_PWR_EnableBkUpAccess  stm32f1xx_hal_pwr.o
    0x08000ed0   0x08000ed0   0x000000a4   Code   RO         1744    i.HAL_RCCEx_GetPeriphCLKFreq  stm32f1xx_hal_rcc_ex.o
    0x08000f74   0x08000f74   0x000000ec   Code   RO         1745    i.HAL_RCCEx_PeriphCLKConfig  stm32f1xx_hal_rcc_ex.o
    0x08001060   0x08001060   0x0000012c   Code   RO         1641    i.HAL_RCC_ClockConfig  stm32f1xx_hal_rcc.o
    0x0800118c   0x0800118c   0x00000040   Code   RO         1645    i.HAL_RCC_GetClockConfig  stm32f1xx_hal_rcc.o
    0x080011cc   0x080011cc   0x00000020   Code   RO         1648    i.HAL_RCC_GetPCLK1Freq  stm32f1xx_hal_rcc.o
    0x080011ec   0x080011ec   0x00000020   Code   RO         1649    i.HAL_RCC_GetPCLK2Freq  stm32f1xx_hal_rcc.o
    0x0800120c   0x0800120c   0x0000004c   Code   RO         1650    i.HAL_RCC_GetSysClockFreq  stm32f1xx_hal_rcc.o
    0x08001258   0x08001258   0x00000320   Code   RO         1653    i.HAL_RCC_OscConfig  stm32f1xx_hal_rcc.o
    0x08001578   0x08001578   0x00000002   Code   RO         2618    i.HAL_RTCEx_RTCEventCallback  stm32f1xx_hal_rtc_ex.o
    0x0800157a   0x0800157a   0x00000002   Code   RO         2619    i.HAL_RTCEx_RTCEventErrorCallback  stm32f1xx_hal_rtc_ex.o
    0x0800157c   0x0800157c   0x0000003e   Code   RO         2620    i.HAL_RTCEx_RTCIRQHandler  stm32f1xx_hal_rtc_ex.o
    0x080015ba   0x080015ba   0x0000004e   Code   RO         2448    i.HAL_RTC_GetDate   stm32f1xx_hal_rtc.o
    0x08001608   0x08001608   0x000000d8   Code   RO         2450    i.HAL_RTC_GetTime   stm32f1xx_hal_rtc.o
    0x080016e0   0x080016e0   0x00000094   Code   RO         2451    i.HAL_RTC_Init      stm32f1xx_hal_rtc.o
    0x08001774   0x08001774   0x00000048   Code   RO          265    i.HAL_RTC_MspInit   rtc.o
    0x080017bc   0x080017bc   0x000000c4   Code   RO         2457    i.HAL_RTC_SetDate   stm32f1xx_hal_rtc.o
    0x08001880   0x08001880   0x000000ac   Code   RO         2458    i.HAL_RTC_SetTime   stm32f1xx_hal_rtc.o
    0x0800192c   0x0800192c   0x0000003a   Code   RO         2459    i.HAL_RTC_WaitForSynchro  stm32f1xx_hal_rtc.o
    0x08001966   0x08001966   0x00000002   Code   RO         1199    i.HAL_TIMEx_BreakCallback  stm32f1xx_hal_tim_ex.o
    0x08001968   0x08001968   0x00000002   Code   RO         1200    i.HAL_TIMEx_CommutCallback  stm32f1xx_hal_tim_ex.o
    0x0800196a   0x0800196a   0x0000005a   Code   RO          495    i.HAL_TIM_Base_Init  stm32f1xx_hal_tim.o
    0x080019c4   0x080019c4   0x00000002   Code   RO          497    i.HAL_TIM_Base_MspInit  stm32f1xx_hal_tim.o
    0x080019c6   0x080019c6   0x00000002   PAD
    0x080019c8   0x080019c8   0x00000058   Code   RO          500    i.HAL_TIM_Base_Start_IT  stm32f1xx_hal_tim.o
    0x08001a20   0x08001a20   0x00000002   Code   RO          529    i.HAL_TIM_IC_CaptureCallback  stm32f1xx_hal_tim.o
    0x08001a22   0x08001a22   0x00000130   Code   RO          543    i.HAL_TIM_IRQHandler  stm32f1xx_hal_tim.o
    0x08001b52   0x08001b52   0x00000002   Code   RO          546    i.HAL_TIM_OC_DelayElapsedCallback  stm32f1xx_hal_tim.o
    0x08001b54   0x08001b54   0x00000002   Code   RO          573    i.HAL_TIM_PWM_PulseFinishedCallback  stm32f1xx_hal_tim.o
    0x08001b56   0x08001b56   0x00000002   PAD
    0x08001b58   0x08001b58   0x00000014   Code   RO           14    i.HAL_TIM_PeriodElapsedCallback  main.o
    0x08001b6c   0x08001b6c   0x00000002   Code   RO          586    i.HAL_TIM_TriggerCallback  stm32f1xx_hal_tim.o
    0x08001b6e   0x08001b6e   0x00000002   Code   RO          310    i.HardFault_Handler  stm32f1xx_it.o
    0x08001b70   0x08001b70   0x00000098   Code   RO          217    i.MX_FREERTOS_Init  freertos.o
    0x08001c08   0x08001c08   0x000000fc   Code   RO          193    i.MX_GPIO_Init      gpio.o
    0x08001d04   0x08001d04   0x00000070   Code   RO          266    i.MX_RTC_Init       rtc.o
    0x08001d74   0x08001d74   0x00000002   Code   RO          311    i.MemManage_Handler  stm32f1xx_it.o
    0x08001d76   0x08001d76   0x00000002   PAD
    0x08001d78   0x08001d78   0x00000090   Code   RO         4771    i.MenuTask          menutask.o
    0x08001e08   0x08001e08   0x00000002   Code   RO          312    i.NMI_Handler       stm32f1xx_it.o
    0x08001e0a   0x08001e0a   0x00000002   PAD
    0x08001e0c   0x08001e0c   0x00000028   Code   RO         4508    i.OLED_Clear        oled.o
    0x08001e34   0x08001e34   0x0000005c   Code   RO         4509    i.OLED_ClearArea    oled.o
    0x08001e90   0x08001e90   0x00000034   Code   RO         4514    i.OLED_DrawPoint    oled.o
    0x08001ec4   0x08001ec4   0x00000074   Code   RO         4515    i.OLED_DrawRectangle  oled.o
    0x08001f38   0x08001f38   0x00000036   Code   RO         5054    i.OLED_DrawWeekBlock  oled_ui.o
    0x08001f6e   0x08001f6e   0x00000026   Code   RO         4517    i.OLED_GPIO_Init    oled.o
    0x08001f94   0x08001f94   0x0000003a   Code   RO         4519    i.OLED_I2C_SendByte  oled.o
    0x08001fce   0x08001fce   0x0000001e   Code   RO         4520    i.OLED_I2C_Start    oled.o
    0x08001fec   0x08001fec   0x00000018   Code   RO         4521    i.OLED_I2C_Stop     oled.o
    0x08002004   0x08002004   0x0000009c   Code   RO         4522    i.OLED_Init         oled.o
    0x080020a0   0x080020a0   0x0000000e   Code   RO         4524    i.OLED_Pow          oled.o
    0x080020ae   0x080020ae   0x00000002   PAD
    0x080020b0   0x080020b0   0x00000058   Code   RO         4527    i.OLED_ReverseArea  oled.o
    0x08002108   0x08002108   0x00000022   Code   RO         4528    i.OLED_SetCursor    oled.o
    0x0800212a   0x0800212a   0x00000002   PAD
    0x0800212c   0x0800212c   0x00000084   Code   RO         5055    i.OLED_ShowAlarmPage  oled_ui.o
    0x080021b0   0x080021b0   0x0000003c   Code   RO         4530    i.OLED_ShowChar     oled.o
    0x080021ec   0x080021ec   0x000000bc   Code   RO         4533    i.OLED_ShowImage    oled.o
    0x080022a8   0x080022a8   0x00000046   Code   RO         4534    i.OLED_ShowNum      oled.o
    0x080022ee   0x080022ee   0x00000094   Code   RO         5056    i.OLED_ShowSingleAlarm  oled_ui.o
    0x08002382   0x08002382   0x00000002   PAD
    0x08002384   0x08002384   0x000000dc   Code   RO         4536    i.OLED_ShowString   oled.o
    0x08002460   0x08002460   0x00000028   Code   RO         4537    i.OLED_Update       oled.o
    0x08002488   0x08002488   0x00000010   Code   RO         4539    i.OLED_W_SCL        oled.o
    0x08002498   0x08002498   0x00000010   Code   RO         4540    i.OLED_W_SDA        oled.o
    0x080024a8   0x080024a8   0x00000022   Code   RO         4541    i.OLED_WriteCommand  oled.o
    0x080024ca   0x080024ca   0x00000030   Code   RO         4542    i.OLED_WriteData    oled.o
    0x080024fa   0x080024fa   0x00000012   Code   RO         2460    i.RTC_Bcd2ToByte    stm32f1xx_hal_rtc.o
    0x0800250c   0x0800250c   0x00000016   Code   RO         2461    i.RTC_ByteToBcd2    stm32f1xx_hal_rtc.o
    0x08002522   0x08002522   0x000000ae   Code   RO         2462    i.RTC_DateUpdate    stm32f1xx_hal_rtc.o
    0x080025d0   0x080025d0   0x00000034   Code   RO         2463    i.RTC_EnterInitMode  stm32f1xx_hal_rtc.o
    0x08002604   0x08002604   0x00000036   Code   RO         2464    i.RTC_ExitInitMode  stm32f1xx_hal_rtc.o
    0x0800263a   0x0800263a   0x00000002   PAD
    0x0800263c   0x0800263c   0x0000000c   Code   RO          313    i.RTC_IRQHandler    stm32f1xx_it.o
    0x08002648   0x08002648   0x0000000e   Code   RO         2465    i.RTC_ReadAlarmCounter  stm32f1xx_hal_rtc.o
    0x08002656   0x08002656   0x00000020   Code   RO         2466    i.RTC_ReadTimeCounter  stm32f1xx_hal_rtc.o
    0x08002676   0x08002676   0x00000056   Code   RO         2467    i.RTC_WeekDayNum    stm32f1xx_hal_rtc.o
    0x080026cc   0x080026cc   0x00000028   Code   RO         2468    i.RTC_WriteAlarmCounter  stm32f1xx_hal_rtc.o
    0x080026f4   0x080026f4   0x00000028   Code   RO         2469    i.RTC_WriteTimeCounter  stm32f1xx_hal_rtc.o
    0x0800271c   0x0800271c   0x00000074   Code   RO         4772    i.ShowCurrentMenu   menutask.o
    0x08002790   0x08002790   0x00000018   Code   RO          218    i.StartDefaultTask  freertos.o
    0x080027a8   0x080027a8   0x0000001a   Code   RO         3860    i.SysTick_Handler   cmsis_os2.o
    0x080027c2   0x080027c2   0x00000080   Code   RO           15    i.SystemClock_Config  main.o
    0x08002842   0x08002842   0x00000002   Code   RO         2716    i.SystemInit        system_stm32f1xx.o
    0x08002844   0x08002844   0x0000000c   Code   RO          314    i.TIM4_IRQHandler   stm32f1xx_it.o
    0x08002850   0x08002850   0x00000078   Code   RO          588    i.TIM_Base_SetConfig  stm32f1xx_hal_tim.o
    0x080028c8   0x080028c8   0x0000011c   Code   RO         4824    i.TimeTask          timetask.o
    0x080029e4   0x080029e4   0x00000002   Code   RO          315    i.UsageFault_Handler  stm32f1xx_it.o
    0x080029e6   0x080029e6   0x00000020   Code   RO         1956    i.__NVIC_SetPriority  stm32f1xx_hal_cortex.o
    0x08002a06   0x08002a06   0x0000000e   Code   RO         5131    i._is_digit         c_w.l(__printf_wp.o)
    0x08002a14   0x08002a14   0x00000022   Code   RO           16    i.main              main.o
    0x08002a36   0x08002a36   0x0000001a   Code   RO         3862    i.osDelay           cmsis_os2.o
    0x08002a50   0x08002a50   0x00000024   Code   RO         3876    i.osKernelInitialize  cmsis_os2.o
    0x08002a74   0x08002a74   0x00000038   Code   RO         3879    i.osKernelStart     cmsis_os2.o
    0x08002aac   0x08002aac   0x0000008a   Code   RO         3921    i.osThreadNew       cmsis_os2.o
    0x08002b36   0x08002b36   0x00000002   PAD
    0x08002b38   0x08002b38   0x0000005c   Code   RO         3324    i.prvAddCurrentTaskToDelayedList  tasks.o
    0x08002b94   0x08002b94   0x000000d0   Code   RO         3325    i.prvAddNewTaskToReadyList  tasks.o
    0x08002c64   0x08002c64   0x00000058   Code   RO         3689    i.prvCheckForValidListAndQueue  timers.o
    0x08002cbc   0x08002cbc   0x00000026   Code   RO         2921    i.prvCopyDataFromQueue  queue.o
    0x08002ce2   0x08002ce2   0x0000006c   Code   RO         2922    i.prvCopyDataToQueue  queue.o
    0x08002d4e   0x08002d4e   0x00000034   Code   RO         3326    i.prvDeleteTCB      tasks.o
    0x08002d82   0x08002d82   0x00000002   PAD
    0x08002d84   0x08002d84   0x0000004c   Code   RO         4373    i.prvHeapInit       heap_4.o
    0x08002dd0   0x08002dd0   0x00000060   Code   RO         3327    i.prvIdleTask       tasks.o
    0x08002e30   0x08002e30   0x00000022   Code   RO         2924    i.prvInitialiseNewQueue  queue.o
    0x08002e52   0x08002e52   0x00000002   PAD
    0x08002e54   0x08002e54   0x000000b0   Code   RO         3328    i.prvInitialiseNewTask  tasks.o
    0x08002f04   0x08002f04   0x0000004c   Code   RO         4374    i.prvInsertBlockIntoFreeList  heap_4.o
    0x08002f50   0x08002f50   0x00000038   Code   RO         3691    i.prvInsertTimerInActiveList  timers.o
    0x08002f88   0x08002f88   0x0000001c   Code   RO         2925    i.prvIsQueueEmpty   queue.o
    0x08002fa4   0x08002fa4   0x000000fc   Code   RO         3692    i.prvProcessReceivedCommands  timers.o
    0x080030a0   0x080030a0   0x000000c0   Code   RO         3693    i.prvProcessTimerOrBlockTask  timers.o
    0x08003160   0x08003160   0x00000020   Code   RO         3330    i.prvResetNextTaskUnblockTime  tasks.o
    0x08003180   0x08003180   0x00000028   Code   RO         3694    i.prvSampleTimeNow  timers.o
    0x080031a8   0x080031a8   0x0000006c   Code   RO         3695    i.prvSwitchTimerLists  timers.o
    0x08003214   0x08003214   0x00000028   Code   RO         4429    i.prvTaskExitError  port.o
    0x0800323c   0x0800323c   0x00000034   Code   RO         3332    i.prvTaskIsTaskSuspended  tasks.o
    0x08003270   0x08003270   0x00000024   Code   RO         3696    i.prvTimerTask      timers.o
    0x08003294   0x08003294   0x0000006a   Code   RO         2926    i.prvUnlockQueue    queue.o
    0x080032fe   0x080032fe   0x00000002   PAD
    0x08003300   0x08003300   0x000000dc   Code   RO         4375    i.pvPortMalloc      heap_4.o
    0x080033dc   0x080033dc   0x00000024   Code   RO         4430    i.pxPortInitialiseStack  port.o
    0x08003400   0x08003400   0x00000026   Code   RO         2881    i.uxListRemove      list.o
    0x08003426   0x08003426   0x00000002   PAD
    0x08003428   0x08003428   0x00000014   Code   RO         3933    i.vApplicationGetIdleTaskMemory  cmsis_os2.o
    0x0800343c   0x0800343c   0x00000018   Code   RO         3934    i.vApplicationGetTimerTaskMemory  cmsis_os2.o
    0x08003454   0x08003454   0x00000016   Code   RO         2882    i.vListInitialise   list.o
    0x0800346a   0x0800346a   0x00000006   Code   RO         2883    i.vListInitialiseItem  list.o
    0x08003470   0x08003470   0x00000030   Code   RO         2884    i.vListInsert       list.o
    0x080034a0   0x080034a0   0x00000018   Code   RO         2885    i.vListInsertEnd    list.o
    0x080034b8   0x080034b8   0x00000040   Code   RO         4432    i.vPortEnterCritical  port.o
    0x080034f8   0x080034f8   0x00000028   Code   RO         4433    i.vPortExitCritical  port.o
    0x08003520   0x08003520   0x00000064   Code   RO         4376    i.vPortFree         heap_4.o
    0x08003584   0x08003584   0x00000024   Code   RO         4434    i.vPortSetupTimerInterrupt  port.o
    0x080035a8   0x080035a8   0x00000054   Code   RO         4435    i.vPortValidateInterruptPriority  port.o
    0x080035fc   0x080035fc   0x00000028   Code   RO         2932    i.vQueueAddToRegistry  queue.o
    0x08003624   0x08003624   0x00000044   Code   RO         2936    i.vQueueWaitForMessageRestricted  queue.o
    0x08003668   0x08003668   0x0000004c   Code   RO         3343    i.vTaskDelay        tasks.o
    0x080036b4   0x080036b4   0x00000010   Code   RO         3348    i.vTaskInternalSetTimeOutState  tasks.o
    0x080036c4   0x080036c4   0x0000000c   Code   RO         3349    i.vTaskMissedYield  tasks.o
    0x080036d0   0x080036d0   0x00000030   Code   RO         3351    i.vTaskPlaceOnEventList  tasks.o
    0x08003700   0x08003700   0x00000038   Code   RO         3352    i.vTaskPlaceOnEventListRestricted  tasks.o
    0x08003738   0x08003738   0x0000007c   Code   RO         3357    i.vTaskResume       tasks.o
    0x080037b4   0x080037b4   0x00000088   Code   RO         3360    i.vTaskStartScheduler  tasks.o
    0x0800383c   0x0800383c   0x0000009c   Code   RO         3361    i.vTaskSuspend      tasks.o
    0x080038d8   0x080038d8   0x00000010   Code   RO         3362    i.vTaskSuspendAll   tasks.o
    0x080038e8   0x080038e8   0x00000064   Code   RO         3363    i.vTaskSwitchContext  tasks.o
    0x0800394c   0x0800394c   0x000000a8   Code   RO         4436    i.xPortStartScheduler  port.o
    0x080039f4   0x080039f4   0x0000002c   Code   RO         4437    i.xPortSysTickHandler  port.o
    0x08003a20   0x08003a20   0x00000042   Code   RO         2941    i.xQueueGenericCreate  queue.o
    0x08003a62   0x08003a62   0x00000066   Code   RO         2942    i.xQueueGenericCreateStatic  queue.o
    0x08003ac8   0x08003ac8   0x00000088   Code   RO         2943    i.xQueueGenericReset  queue.o
    0x08003b50   0x08003b50   0x00000160   Code   RO         2944    i.xQueueGenericSend  queue.o
    0x08003cb0   0x08003cb0   0x000000be   Code   RO         2945    i.xQueueGenericSendFromISR  queue.o
    0x08003d6e   0x08003d6e   0x00000002   PAD
    0x08003d70   0x08003d70   0x00000138   Code   RO         2954    i.xQueueReceive     queue.o
    0x08003ea8   0x08003ea8   0x00000074   Code   RO         3365    i.xTaskCheckForTimeOut  tasks.o
    0x08003f1c   0x08003f1c   0x0000005a   Code   RO         3366    i.xTaskCreate       tasks.o
    0x08003f76   0x08003f76   0x00000056   Code   RO         3367    i.xTaskCreateStatic  tasks.o
    0x08003fcc   0x08003fcc   0x0000001c   Code   RO         3371    i.xTaskGetSchedulerState  tasks.o
    0x08003fe8   0x08003fe8   0x0000000c   Code   RO         3372    i.xTaskGetTickCount  tasks.o
    0x08003ff4   0x08003ff4   0x000000c8   Code   RO         3374    i.xTaskIncrementTick  tasks.o
    0x080040bc   0x080040bc   0x00000080   Code   RO         3377    i.xTaskPriorityDisinherit  tasks.o
    0x0800413c   0x0800413c   0x00000070   Code   RO         3379    i.xTaskRemoveFromEventList  tasks.o
    0x080041ac   0x080041ac   0x000000c4   Code   RO         3380    i.xTaskResumeAll    tasks.o
    0x08004270   0x08004270   0x00000060   Code   RO         3705    i.xTimerCreateTimerTask  timers.o
    0x080042d0   0x080042d0   0x00000068   Code   RO         3706    i.xTimerGenericCommand  timers.o
    0x08004338   0x08004338   0x00000024   Data   RO          219    .constdata          freertos.o
    0x0800435c   0x0800435c   0x00000012   Data   RO         1654    .constdata          stm32f1xx_hal_rcc.o
    0x0800436e   0x0800436e   0x00000012   Data   RO         1746    .constdata          stm32f1xx_hal_rcc_ex.o
    0x08004380   0x08004380   0x00000010   Data   RO         2717    .constdata          system_stm32f1xx.o
    0x08004390   0x08004390   0x00000008   Data   RO         2718    .constdata          system_stm32f1xx.o
    0x08004398   0x08004398   0x000005f0   Data   RO         4751    .constdata          oled_data.o
    0x08004988   0x08004988   0x0000023a   Data   RO         4752    .constdata          oled_data.o
    0x08004bc2   0x08004bc2   0x00000299   Data   RO         4753    .constdata          oled_data.o
    0x08004e5b   0x08004e5b   0x00000011   Data   RO         5139    .constdata          c_w.l(__printf_flags_ss_wp.o)
    0x08004e6c   0x08004e6c   0x0000000c   Data   RO          220    .conststring        freertos.o
    0x08004e78   0x08004e78   0x0000002d   Data   RO         4773    .conststring        menutask.o
    0x08004ea5   0x08004ea5   0x00000003   PAD
    0x08004ea8   0x08004ea8   0x00000020   Data   RO         5556    Region$$Table       anon$$obj.o


    Execution Region RW_IRAM1 (Exec base: 0x20000000, Load base: 0x08004ec8, Size: 0x000024b0, Max: 0x00005000, ABSOLUTE)

    Exec Addr    Load Addr    Size         Type   Attr      Idx    E Section Name        Object

    0x20000000   0x08004ec8   0x00000010   Data   RW          221    .data               freertos.o
    0x20000010   0x08004ed8   0x00000004   Data   RW          222    .data               freertos.o
    0x20000014   0x08004edc   0x00000004   Data   RW          223    .data               freertos.o
    0x20000018   0x08004ee0   0x00000004   Data   RW          224    .data               freertos.o
    0x2000001c   0x08004ee4   0x00000004   Data   RW          225    .data               freertos.o
    0x20000020   0x08004ee8   0x0000000c   Data   RW          316    .data               stm32f1xx_it.o
    0x2000002c   0x08004ef4   0x0000000c   Data   RW         1491    .data               stm32f1xx_hal.o
    0x20000038   0x08004f00   0x00000004   Data   RW         2719    .data               system_stm32f1xx.o
    0x2000003c   0x08004f04   0x0000003c   Data   RW         3383    .data               tasks.o
    0x20000078   0x08004f40   0x00000014   Data   RW         3714    .data               timers.o
    0x2000008c   0x08004f54   0x00000004   Data   RW         3936    .data               cmsis_os2.o
    0x20000090   0x08004f58   0x00000020   Data   RW         4382    .data               heap_4.o
    0x200000b0   0x08004f78   0x0000000c   Data   RW         4438    .data               port.o
    0x200000bc   0x08004f84   0x00000020   Data   RW         4774    .data               menutask.o
    0x200000dc   0x08004fa4   0x0000003e   Data   RW         5057    .data               oled_ui.o
    0x2000011a   0x08004fe2   0x00000002   PAD
    0x2000011c        -       0x00000014   Zero   RW          267    .bss                rtc.o
    0x20000130        -       0x00000048   Zero   RW          421    .bss                stm32f1xx_hal_timebase_tim.o
    0x20000178        -       0x00000040   Zero   RW         2958    .bss                queue.o
    0x200001b8        -       0x000004c4   Zero   RW         3382    .bss                tasks.o
    0x2000067c        -       0x00000118   Zero   RW         3713    .bss                timers.o
    0x20000794        -       0x000006b8   Zero   RW         3935    .bss                cmsis_os2.o
    0x20000e4c        -       0x00000c00   Zero   RW         4381    .bss                heap_4.o
    0x20001a4c        -       0x00000400   Zero   RW         4544    .bss                oled.o
    0x20001e4c        -       0x00000060   Zero   RW         5372    .bss                c_w.l(libspace.o)
    0x20001eac   0x08004fe2   0x00000004   PAD
    0x20001eb0        -       0x00000200   Zero   RW            2    HEAP                startup_stm32f103xb.o
    0x200020b0        -       0x00000400   Zero   RW            1    STACK               startup_stm32f103xb.o


==============================================================================

Image component sizes


      Code (inc. data)   RO Data    RW Data    ZI Data      Debug   Object Name

       188         36          0          0          0      12431   clocktask.o
       326         22          0          4       1720      58691   cmsis_os2.o
         0          0          0          0          0      19616   event_groups.o
       176         64         48         32          0       2086   freertos.o
       252         22          0          0          0       1011   gpio.o
       472         24          0         32       3072       4771   heap_4.o
       138          0          0          0          0       3402   list.o
       186          6          0          0          0     442164   main.o
       426         84         45         32          0       3922   menutask.o
      1434         58          0          0       1024      13264   oled.o
         0          0       2755          0          0       1086   oled_data.o
       338         26          0         62          0       4401   oled_ui.o
       662         70          0         12          0      10765   port.o
      1580         20          0          0         64      18074   queue.o
       184         20          0          0         20       1623   rtc.o
        64         26        236          0       1536        812   startup_stm32f103xb.o
        64         14          0         12          0       4654   stm32f1xx_hal.o
       158         14          0          0          0      28190   stm32f1xx_hal_cortex.o
       526         40          0          0          0       4635   stm32f1xx_hal_gpio.o
        72         10          0          0          0        874   stm32f1xx_hal_msp.o
        12          4          0          0          0        515   stm32f1xx_hal_pwr.o
      1304         94         18          0          0       5753   stm32f1xx_hal_rcc.o
       400         28         18          0          0       2477   stm32f1xx_hal_rcc_ex.o
      1400         12          0          0          0      12748   stm32f1xx_hal_rtc.o
        66          0          0          0          0       2105   stm32f1xx_hal_rtc_ex.o
       612         24          0          0          0       7192   stm32f1xx_hal_tim.o
         4          0          0          0          0       1585   stm32f1xx_hal_tim_ex.o
       152         20          0          0         72       1483   stm32f1xx_hal_timebase_tim.o
       304         46          0         12          0       8287   stm32f1xx_it.o
         0          0          0          0          0        384   stream_buffer.o
         2          0         24          4          0       1119   system_stm32f1xx.o
      2416        198          0         60       1220      28721   tasks.o
       972         80          0         20        280      29567   timers.o
       344        110          0          0          0       1136   timetask.o

    ----------------------------------------------------------------------
     15272       1172       3179        284       9008     739544   Object Totals
         0          0         32          0          0          0   (incl. Generated)
        38          0          3          2          0          0   (incl. Padding)

    ----------------------------------------------------------------------

      Code (inc. data)   RO Data    RW Data    ZI Data      Debug   Library Member Name

        44          6          0          0          0         84   __2sprintf.o
         8          0          0          0          0         68   __main.o
       392          4         17          0          0         92   __printf_flags_ss_wp.o
        14          0          0          0          0         68   __printf_wp.o
         0          0          0          0          0          0   __rtentry.o
        12          0          0          0          0          0   __rtentry2.o
         6          0          0          0          0          0   __rtentry4.o
        52          8          0          0          0          0   __scatter.o
        26          0          0          0          0          0   __scatter_copy.o
        28          0          0          0          0          0   __scatter_zi.o
        48          6          0          0          0         96   _printf_char_common.o
         6          0          0          0          0          0   _printf_d.o
       120         16          0          0          0         92   _printf_dec.o
       178          0          0          0          0         88   _printf_intcommon.o
        78          0          0          0          0        108   _printf_pad.o
         0          0          0          0          0          0   _printf_percent.o
         4          0          0          0          0          0   _printf_percent_end.o
        10          0          0          0          0         68   _sputc.o
        16          0          0          0          0         68   aeabi_memset.o
        18          0          0          0          0         80   exit.o
         6          0          0          0          0        152   heapauxi.o
         0          0          0          0          0          0   indicate_semi.o
         2          0          0          0          0          0   libinit.o
         2          0          0          0          0          0   libinit2.o
         2          0          0          0          0          0   libshutdown.o
         2          0          0          0          0          0   libshutdown2.o
         8          4          0          0         96         68   libspace.o
        68          0          0          0          0         68   rt_memclr.o
        78          0          0          0          0         80   rt_memclr_w.o
       138          0          0          0          0         68   rt_memcpy_v6.o
       100          0          0          0          0         80   rt_memcpy_w.o
         2          0          0          0          0          0   rtexit.o
        10          0          0          0          0          0   rtexit2.o
       128          0          0          0          0         68   strcmpv7m.o
        12          4          0          0          0         68   sys_exit.o
        74          0          0          0          0         80   sys_stackheap_outer.o
         2          0          0          0          0         68   use_no_semi.o

    ----------------------------------------------------------------------
      1700         48         17          0        100       1712   Library Totals
         6          0          0          0          4          0   (incl. Padding)

    ----------------------------------------------------------------------

      Code (inc. data)   RO Data    RW Data    ZI Data      Debug   Library Name

      1694         48         17          0         96       1712   c_w.l

    ----------------------------------------------------------------------
      1700         48         17          0        100       1712   Library Totals

    ----------------------------------------------------------------------

==============================================================================


      Code (inc. data)   RO Data    RW Data    ZI Data      Debug   

     16972       1220       3196        284       9108     731372   Grand Totals
     16972       1220       3196        284       9108     731372   ELF Image Totals
     16972       1220       3196        284          0          0   ROM Totals

==============================================================================

    Total RO  Size (Code + RO Data)                20168 (  19.70kB)
    Total RW  Size (RW Data + ZI Data)              9392 (   9.17kB)
    Total ROM Size (Code + RO Data + RW Data)      20452 (  19.97kB)

==============================================================================

