Component: ARM Compiler 5.06 update 6 (build 750) Tool: armlink [4d35ed]

==============================================================================

Section Cross References

    startup_stm32f103xb.o(STACK) refers (Special) to heapauxi.o(.text) for __use_two_region_memory
    startup_stm32f103xb.o(HEAP) refers (Special) to heapauxi.o(.text) for __use_two_region_memory
    startup_stm32f103xb.o(RESET) refers (Special) to heapauxi.o(.text) for __use_two_region_memory
    startup_stm32f103xb.o(RESET) refers to startup_stm32f103xb.o(STACK) for __initial_sp
    startup_stm32f103xb.o(RESET) refers to startup_stm32f103xb.o(.text) for Reset_Handler
    startup_stm32f103xb.o(RESET) refers to stm32f1xx_it.o(i.NMI_Handler) for NMI_Handler
    startup_stm32f103xb.o(RESET) refers to stm32f1xx_it.o(i.HardFault_Handler) for HardFault_Handler
    startup_stm32f103xb.o(RESET) refers to stm32f1xx_it.o(i.MemManage_Handler) for MemManage_Handler
    startup_stm32f103xb.o(RESET) refers to stm32f1xx_it.o(i.BusFault_Handler) for BusFault_Handler
    startup_stm32f103xb.o(RESET) refers to stm32f1xx_it.o(i.UsageFault_Handler) for UsageFault_Handler
    startup_stm32f103xb.o(RESET) refers to port.o(.emb_text) for SVC_Handler
    startup_stm32f103xb.o(RESET) refers to stm32f1xx_it.o(i.DebugMon_Handler) for DebugMon_Handler
    startup_stm32f103xb.o(RESET) refers to cmsis_os2.o(i.SysTick_Handler) for SysTick_Handler
    startup_stm32f103xb.o(RESET) refers to stm32f1xx_it.o(i.RTC_IRQHandler) for RTC_IRQHandler
    startup_stm32f103xb.o(RESET) refers to stm32f1xx_it.o(i.EXTI9_5_IRQHandler) for EXTI9_5_IRQHandler
    startup_stm32f103xb.o(RESET) refers to stm32f1xx_it.o(i.TIM4_IRQHandler) for TIM4_IRQHandler
    startup_stm32f103xb.o(RESET) refers to stm32f1xx_it.o(i.EXTI15_10_IRQHandler) for EXTI15_10_IRQHandler
    startup_stm32f103xb.o(.text) refers (Special) to heapauxi.o(.text) for __use_two_region_memory
    startup_stm32f103xb.o(.text) refers to system_stm32f1xx.o(i.SystemInit) for SystemInit
    startup_stm32f103xb.o(.text) refers to __main.o(!!!main) for __main
    startup_stm32f103xb.o(.text) refers to startup_stm32f103xb.o(HEAP) for Heap_Mem
    startup_stm32f103xb.o(.text) refers to startup_stm32f103xb.o(STACK) for Stack_Mem
    main.o(i.HAL_TIM_PeriodElapsedCallback) refers to stm32f1xx_hal.o(i.HAL_IncTick) for HAL_IncTick
    main.o(i.SystemClock_Config) refers to rt_memclr_w.o(.text) for __aeabi_memclr4
    main.o(i.SystemClock_Config) refers to stm32f1xx_hal_rcc.o(i.HAL_RCC_OscConfig) for HAL_RCC_OscConfig
    main.o(i.SystemClock_Config) refers to stm32f1xx_hal_rcc.o(i.HAL_RCC_ClockConfig) for HAL_RCC_ClockConfig
    main.o(i.SystemClock_Config) refers to stm32f1xx_hal_rcc_ex.o(i.HAL_RCCEx_PeriphCLKConfig) for HAL_RCCEx_PeriphCLKConfig
    main.o(i.main) refers to stm32f1xx_hal.o(i.HAL_Init) for HAL_Init
    main.o(i.main) refers to main.o(i.SystemClock_Config) for SystemClock_Config
    main.o(i.main) refers to gpio.o(i.MX_GPIO_Init) for MX_GPIO_Init
    main.o(i.main) refers to rtc.o(i.MX_RTC_Init) for MX_RTC_Init
    main.o(i.main) refers to oled.o(i.OLED_Init) for OLED_Init
    main.o(i.main) refers to cmsis_os2.o(i.osKernelInitialize) for osKernelInitialize
    main.o(i.main) refers to freertos.o(i.MX_FREERTOS_Init) for MX_FREERTOS_Init
    main.o(i.main) refers to cmsis_os2.o(i.osKernelStart) for osKernelStart
    gpio.o(i.MX_GPIO_Init) refers to stm32f1xx_hal_gpio.o(i.HAL_GPIO_WritePin) for HAL_GPIO_WritePin
    gpio.o(i.MX_GPIO_Init) refers to stm32f1xx_hal_gpio.o(i.HAL_GPIO_Init) for HAL_GPIO_Init
    gpio.o(i.MX_GPIO_Init) refers to stm32f1xx_hal_cortex.o(i.HAL_NVIC_SetPriority) for HAL_NVIC_SetPriority
    gpio.o(i.MX_GPIO_Init) refers to stm32f1xx_hal_cortex.o(i.HAL_NVIC_EnableIRQ) for HAL_NVIC_EnableIRQ
    freertos.o(i.MX_FREERTOS_Init) refers to cmsis_os2.o(i.osThreadNew) for osThreadNew
    freertos.o(i.MX_FREERTOS_Init) refers to tasks.o(i.xTaskCreate) for xTaskCreate
    freertos.o(i.MX_FREERTOS_Init) refers to freertos.o(.constdata) for .constdata
    freertos.o(i.MX_FREERTOS_Init) refers to freertos.o(i.StartDefaultTask) for StartDefaultTask
    freertos.o(i.MX_FREERTOS_Init) refers to freertos.o(.data) for .data
    freertos.o(i.MX_FREERTOS_Init) refers to menutask.o(i.MenuTask) for MenuTask
    freertos.o(i.StartDefaultTask) refers to stm32f1xx_hal_gpio.o(i.HAL_GPIO_WritePin) for HAL_GPIO_WritePin
    freertos.o(i.StartDefaultTask) refers to cmsis_os2.o(i.osDelay) for osDelay
    freertos.o(.constdata) refers to freertos.o(.conststring) for .conststring
    rtc.o(i.HAL_RTC_MspDeInit) refers to stm32f1xx_hal_cortex.o(i.HAL_NVIC_DisableIRQ) for HAL_NVIC_DisableIRQ
    rtc.o(i.HAL_RTC_MspInit) refers to stm32f1xx_hal_pwr.o(i.HAL_PWR_EnableBkUpAccess) for HAL_PWR_EnableBkUpAccess
    rtc.o(i.HAL_RTC_MspInit) refers to stm32f1xx_hal_cortex.o(i.HAL_NVIC_SetPriority) for HAL_NVIC_SetPriority
    rtc.o(i.HAL_RTC_MspInit) refers to stm32f1xx_hal_cortex.o(i.HAL_NVIC_EnableIRQ) for HAL_NVIC_EnableIRQ
[...]
    i.HAL_RTC_Init                           0x08001140   Section        0  stm32f1xx_hal_rtc.o(i.HAL_RTC_Init)
    i.HAL_RTC_MspInit                        0x080011d4   Section        0  rtc.o(i.HAL_RTC_MspInit)
    i.HAL_RTC_SetDate                        0x0800121c   Section        0  stm32f1xx_hal_rtc.o(i.HAL_RTC_SetDate)
    i.HAL_RTC_SetTime                        0x080012e0   Section        0  stm32f1xx_hal_rtc.o(i.HAL_RTC_SetTime)
    i.HAL_RTC_WaitForSynchro                 0x0800138c   Section        0  stm32f1xx_hal_rtc.o(i.HAL_RTC_WaitForSynchro)
    i.HAL_TIMEx_BreakCallback                0x080013c6   Section        0  stm32f1xx_hal_tim_ex.o(i.HAL_TIMEx_BreakCallback)
    i.HAL_TIMEx_CommutCallback               0x080013c8   Section        0  stm32f1xx_hal_tim_ex.o(i.HAL_TIMEx_CommutCallback)
    i.HAL_TIM_Base_Init                      0x080013ca   Section        0  stm32f1xx_hal_tim.o(i.HAL_TIM_Base_Init)
    i.HAL_TIM_Base_MspInit                   0x08001424   Section        0  stm32f1xx_hal_tim.o(i.HAL_TIM_Base_MspInit)
    i.HAL_TIM_Base_Start_IT                  0x08001428   Section        0  stm32f1xx_hal_tim.o(i.HAL_TIM_Base_Start_IT)
    i.HAL_TIM_IC_CaptureCallback             0x08001480   Section        0  stm32f1xx_hal_tim.o(i.HAL_TIM_IC_CaptureCallback)
    i.HAL_TIM_IRQHandler                     0x08001482   Section        0  stm32f1xx_hal_tim.o(i.HAL_TIM_IRQHandler)
    i.HAL_TIM_OC_DelayElapsedCallback        0x080015b2   Section        0  stm32f1xx_hal_tim.o(i.HAL_TIM_OC_DelayElapsedCallback)
    i.HAL_TIM_PWM_PulseFinishedCallback      0x080015b4   Section        0  stm32f1xx_hal_tim.o(i.HAL_TIM_PWM_PulseFinishedCallback)
    i.HAL_TIM_PeriodElapsedCallback          0x080015b8   Section        0  main.o(i.HAL_TIM_PeriodElapsedCallback)
    i.HAL_TIM_TriggerCallback                0x080015cc   Section        0  stm32f1xx_hal_tim.o(i.HAL_TIM_TriggerCallback)
    i.HardFault_Handler                      0x080015ce   Section        0  stm32f1xx_it.o(i.HardFault_Handler)
    i.MX_FREERTOS_Init                       0x080015d0   Section        0  freertos.o(i.MX_FREERTOS_Init)
    i.MX_GPIO_Init                           0x08001610   Section        0  gpio.o(i.MX_GPIO_Init)
    i.MX_RTC_Init                            0x0800171c   Section        0  rtc.o(i.MX_RTC_Init)
    i.MemManage_Handler                      0x0800178c   Section        0  stm32f1xx_it.o(i.MemManage_Handler)
    i.MenuTask                               0x08001790   Section        0  menutask.o(i.MenuTask)
    i.NMI_Handler                            0x080017dc   Section        0  stm32f1xx_it.o(i.NMI_Handler)
    i.OLED_Clear                             0x080017e0   Section        0  oled.o(i.OLED_Clear)
    i.OLED_ClearArea                         0x08001808   Section        0  oled.o(i.OLED_ClearArea)
    i.OLED_GPIO_Init                         0x08001864   Section        0  oled.o(i.OLED_GPIO_Init)
    i.OLED_I2C_SendByte                      0x0800188a   Section        0  oled.o(i.OLED_I2C_SendByte)
    i.OLED_I2C_Start                         0x080018c4   Section        0  oled.o(i.OLED_I2C_Start)
    i.OLED_I2C_Stop                          0x080018e2   Section        0  oled.o(i.OLED_I2C_Stop)
    i.OLED_Init                              0x080018fa   Section        0  oled.o(i.OLED_Init)
    i.OLED_Pow                               0x08001996   Section        0  oled.o(i.OLED_Pow)
    i.OLED_SetCursor                         0x080019a4   Section        0  oled.o(i.OLED_SetCursor)
    i.OLED_ShowChar                          0x080019c8   Section        0  oled.o(i.OLED_ShowChar)
    i.OLED_ShowImage                         0x08001a04   Section        0  oled.o(i.OLED_ShowImage)
    i.OLED_ShowNum                           0x08001ac0   Section        0  oled.o(i.OLED_ShowNum)
    i.OLED_ShowString                        0x08001b08   Section        0  oled.o(i.OLED_ShowString)
    i.OLED_Update                            0x08001be4   Section        0  oled.o(i.OLED_Update)
    i.OLED_W_SCL                             0x08001c0c   Section        0  oled.o(i.OLED_W_SCL)
    i.OLED_W_SDA                             0x08001c1c   Section        0  oled.o(i.OLED_W_SDA)
    i.OLED_WriteCommand                      0x08001c2c   Section        0  oled.o(i.OLED_WriteCommand)
    i.OLED_WriteData                         0x08001c4e   Section        0  oled.o(i.OLED_WriteData)
    i.RTC_Bcd2ToByte                         0x08001c7e   Section        0  stm32f1xx_hal_rtc.o(i.RTC_Bcd2ToByte)
    RTC_Bcd2ToByte                           0x08001c7f   Thumb Code    18  stm32f1xx_hal_rtc.o(i.RTC_Bcd2ToByte)
    i.RTC_EnterInitMode                      0x08001c90   Section        0  stm32f1xx_hal_rtc.o(i.RTC_EnterInitMode)
    RTC_EnterInitMode                        0x08001c91   Thumb Code    52  stm32f1xx_hal_rtc.o(i.RTC_EnterInitMode)
    i.RTC_ExitInitMode                       0x08001cc4   Section        0  stm32f1xx_hal_rtc.o(i.RTC_ExitInitMode)
    RTC_ExitInitMode                         0x08001cc5   Thumb Code    54  stm32f1xx_hal_rtc.o(i.RTC_ExitInitMode)
    i.RTC_IRQHandler                         0x08001cfc   Section        0  stm32f1xx_it.o(i.RTC_IRQHandler)
    i.RTC_ReadAlarmCounter                   0x08001d08   Section        0  stm32f1xx_hal_rtc.o(i.RTC_ReadAlarmCounter)
    RTC_ReadAlarmCounter                     0x08001d09   Thumb Code    14  stm32f1xx_hal_rtc.o(i.RTC_ReadAlarmCounter)
    i.RTC_ReadTimeCounter                    0x08001d16   Section        0  stm32f1xx_hal_rtc.o(i.RTC_ReadTimeCounter)
    RTC_ReadTimeCounter                      0x08001d17   Thumb Code    32  stm32f1xx_hal_rtc.o(i.RTC_ReadTimeCounter)
    i.RTC_WeekDayNum                         0x08001d36   Section        0  stm32f1xx_hal_rtc.o(i.RTC_WeekDayNum)
    RTC_WeekDayNum                           0x08001d37   Thumb Code    86  stm32f1xx_hal_rtc.o(i.RTC_WeekDayNum)
    i.RTC_WriteAlarmCounter                  0x08001d8c   Section        0  stm32f1xx_hal_rtc.o(i.RTC_WriteAlarmCounter)
    RTC_WriteAlarmCounter                    0x08001d8d   Thumb Code    40  stm32f1xx_hal_rtc.o(i.RTC_WriteAlarmCounter)
    i.RTC_WriteTimeCounter                   0x08001db4   Section        0  stm32f1xx_hal_rtc.o(i.RTC_WriteTimeCounter)
    RTC_WriteTimeCounter                     0x08001db5   Thumb Code    40  stm32f1xx_hal_rtc.o(i.RTC_WriteTimeCounter)
    i.ShowCurrentMenu                        0x08001ddc   Section        0  menutask.o(i.ShowCurrentMenu)
    ShowCurrentMenu                          0x08001ddd   Thumb Code   106  menutask.o(i.ShowCurrentMenu)
    i.StartDefaultTask                       0x08001e58   Section        0  freertos.o(i.StartDefaultTask)
    i.SysTick_Handler                        0x08001e70   Section        0  cmsis_os2.o(i.SysTick_Handler)
    i.SystemClock_Config                     0x08001e8a   Section        0  main.o(i.SystemClock_Config)
    i.SystemInit                             0x08001f0a   Section        0  system_stm32f1xx.o(i.SystemInit)
    i.TIM4_IRQHandler                        0x08001f0c   Section        0  stm32f1xx_it.o(i.TIM4_IRQHandler)
    i.TIM_Base_SetConfig                     0x08001f18   Section        0  stm32f1xx_hal_tim.o(i.TIM_Base_SetConfig)
    i.UsageFault_Handler                     0x08001f90   Section        0  stm32f1xx_it.o(i.UsageFault_Handler)
    i.__NVIC_SetPriority                     0x08001f92   Section        0  stm32f1xx_hal_cortex.o(i.__NVIC_SetPriority)
    __NVIC_SetPriority                       0x08001f93   Thumb Code    32  stm32f1xx_hal_cortex.o(i.__NVIC_SetPriority)
    i.main                                   0x08001fb2   Section        0  main.o(i.main)
    i.osDelay                                0x08001fd4   Section        0  cmsis_os2.o(i.osDelay)
    i.osKernelInitialize                     0x08001ff0   Section        0  cmsis_os2.o(i.osKernelInitialize)
    i.osKernelStart                          0x08002014   Section        0  cmsis_os2.o(i.osKernelStart)
    i.osThreadNew                            0x0800204c   Section        0  cmsis_os2.o(i.osThreadNew)
    i.prvAddCurrentTaskToDelayedList         0x080020d8   Section        0  tasks.o(i.prvAddCurrentTaskToDelayedList)
    prvAddCurrentTaskToDelayedList           0x080020d9   Thumb Code    84  tasks.o(i.prvAddCurrentTaskToDelayedList)
    i.prvAddNewTaskToReadyList               0x08002134   Section        0  tasks.o(i.prvAddNewTaskToReadyList)
    prvAddNewTaskToReadyList                 0x08002135   Thumb Code   190  tasks.o(i.prvAddNewTaskToReadyList)
    i.prvCheckForValidListAndQueue           0x08002204   Section        0  timers.o(i.prvCheckForValidListAndQueue)
    prvCheckForValidListAndQueue             0x08002205   Thumb Code    72  timers.o(i.prvCheckForValidListAndQueue)
    i.prvCopyDataFromQueue                   0x0800225c   Section        0  queue.o(i.prvCopyDataFromQueue)
    prvCopyDataFromQueue                     0x0800225d   Thumb Code    38  queue.o(i.prvCopyDataFromQueue)
    i.prvCopyDataToQueue                     0x08002282   Section        0  queue.o(i.prvCopyDataToQueue)
    prvCopyDataToQueue                       0x08002283   Thumb Code   108  queue.o(i.prvCopyDataToQueue)
    i.prvDeleteTCB                           0x080022ee   Section        0  tasks.o(i.prvDeleteTCB)
    prvDeleteTCB                             0x080022ef   Thumb Code    52  tasks.o(i.prvDeleteTCB)
    i.prvHeapInit                            0x08002324   Section        0  heap_4.o(i.prvHeapInit)
    prvHeapInit                              0x08002325   Thumb Code    66  heap_4.o(i.prvHeapInit)
    i.prvIdleTask                            0x08002370   Section        0  tasks.o(i.prvIdleTask)
    prvIdleTask                              0x08002371   Thumb Code    82  tasks.o(i.prvIdleTask)
    i.prvInitialiseNewQueue                  0x080023d0   Section        0  queue.o(i.prvInitialiseNewQueue)
    prvInitialiseNewQueue                    0x080023d1   Thumb Code    34  queue.o(i.prvInitialiseNewQueue)
    i.prvInitialiseNewTask                   0x080023f4   Section        0  tasks.o(i.prvInitialiseNewTask)
    prvInitialiseNewTask                     0x080023f5   Thumb Code   176  tasks.o(i.prvInitialiseNewTask)
    i.prvInsertBlockIntoFreeList             0x080024a4   Section        0  heap_4.o(i.prvInsertBlockIntoFreeList)
    prvInsertBlockIntoFreeList               0x080024a5   Thumb Code    72  heap_4.o(i.prvInsertBlockIntoFreeList)
    i.prvInsertTimerInActiveList             0x080024f0   Section        0  timers.o(i.prvInsertTimerInActiveList)
    prvInsertTimerInActiveList               0x080024f1   Thumb Code    52  timers.o(i.prvInsertTimerInActiveList)
    i.prvIsQueueEmpty                        0x08002528   Section        0  queue.o(i.prvIsQueueEmpty)
    prvIsQueueEmpty                          0x08002529   Thumb Code    28  queue.o(i.prvIsQueueEmpty)
    i.prvProcessReceivedCommands             0x08002544   Section        0  timers.o(i.prvProcessReceivedCommands)
    prvProcessReceivedCommands               0x08002545   Thumb Code   248  timers.o(i.prvProcessReceivedCommands)
    i.prvProcessTimerOrBlockTask             0x08002640   Section        0  timers.o(i.prvProcessTimerOrBlockTask)
    prvProcessTimerOrBlockTask               0x08002641   Thumb Code   182  timers.o(i.prvProcessTimerOrBlockTask)
    i.prvResetNextTaskUnblockTime            0x08002700   Section        0  tasks.o(i.prvResetNextTaskUnblockTime)
    prvResetNextTaskUnblockTime              0x08002701   Thumb Code    26  tasks.o(i.prvResetNextTaskUnblockTime)
    i.prvSampleTimeNow                       0x08002720   Section        0  timers.o(i.prvSampleTimeNow)
    prvSampleTimeNow                         0x08002721   Thumb Code    36  timers.o(i.prvSampleTimeNow)
    i.prvSwitchTimerLists                    0x08002748   Section        0  timers.o(i.prvSwitchTimerLists)
    prvSwitchTimerLists                      0x08002749   Thumb Code   104  timers.o(i.prvSwitchTimerLists)
    i.prvTaskExitError                       0x080027b4   Section        0  port.o(i.prvTaskExitError)
    prvTaskExitError                         0x080027b5   Thumb Code    36  port.o(i.prvTaskExitError)
    i.prvTimerTask                           0x080027dc   Section        0  timers.o(i.prvTimerTask)
    prvTimerTask                             0x080027dd   Thumb Code    32  timers.o(i.prvTimerTask)
    i.prvUnlockQueue                         0x08002800   Section        0  queue.o(i.prvUnlockQueue)
    prvUnlockQueue                           0x08002801   Thumb Code   106  queue.o(i.prvUnlockQueue)
    i.pvPortMalloc                           0x0800286c   Section        0  heap_4.o(i.pvPortMalloc)
    i.pxPortInitialiseStack                  0x08002948   Section        0  port.o(i.pxPortInitialiseStack)
    i.uxListRemove                           0x0800296c   Section        0  list.o(i.uxListRemove)
    i.vApplicationGetIdleTaskMemory          0x08002994   Section        0  cmsis_os2.o(i.vApplicationGetIdleTaskMemory)
    i.vApplicationGetTimerTaskMemory         0x080029a8   Section        0  cmsis_os2.o(i.vApplicationGetTimerTaskMemory)
    i.vListInitialise                        0x080029c0   Section        0  list.o(i.vListInitialise)
    i.vListInitialiseItem                    0x080029d6   Section        0  list.o(i.vListInitialiseItem)
    i.vListInsert                            0x080029dc   Section        0  list.o(i.vListInsert)
    i.vListInsertEnd                         0x08002a0c   Section        0  list.o(i.vListInsertEnd)
    i.vPortEnterCritical                     0x08002a24   Section        0  port.o(i.vPortEnterCritical)
    i.vPortExitCritical                      0x08002a64   Section        0  port.o(i.vPortExitCritical)
    i.vPortFree                              0x08002a8c   Section        0  heap_4.o(i.vPortFree)
    i.vPortSetupTimerInterrupt               0x08002af0   Section        0  port.o(i.vPortSetupTimerInterrupt)
    i.vPortValidateInterruptPriority         0x08002b14   Section        0  port.o(i.vPortValidateInterruptPriority)
    i.vQueueAddToRegistry                    0x08002b68   Section        0  queue.o(i.vQueueAddToRegistry)
    i.vQueueWaitForMessageRestricted         0x08002b90   Section        0  queue.o(i.vQueueWaitForMessageRestricted)
    i.vTaskDelay                             0x08002bd4   Section        0  tasks.o(i.vTaskDelay)
    i.vTaskInternalSetTimeOutState           0x08002c20   Section        0  tasks.o(i.vTaskInternalSetTimeOutState)
    i.vTaskMissedYield                       0x08002c30   Section        0  tasks.o(i.vTaskMissedYield)
    i.vTaskPlaceOnEventList                  0x08002c3c   Section        0  tasks.o(i.vTaskPlaceOnEventList)
    i.vTaskPlaceOnEventListRestricted        0x08002c6c   Section        0  tasks.o(i.vTaskPlaceOnEventListRestricted)
    i.vTaskStartScheduler                    0x08002ca4   Section        0  tasks.o(i.vTaskStartScheduler)
    i.vTaskSuspendAll                        0x08002d2c   Section        0  tasks.o(i.vTaskSuspendAll)
    i.vTaskSwitchContext                     0x08002d3c   Section        0  tasks.o(i.vTaskSwitchContext)
    i.xPortStartScheduler                    0x08002da0   Section        0  port.o(i.xPortStartScheduler)
    i.xPortSysTickHandler                    0x08002e48   Section        0  port.o(i.xPortSysTickHandler)
    i.xQueueGenericCreate                    0x08002e74   Section        0  queue.o(i.xQueueGenericCreate)
    i.xQueueGenericCreateStatic              0x08002eb6   Section        0  queue.o(i.xQueueGenericCreateStatic)
    i.xQueueGenericReset                     0x08002f1c   Section        0  queue.o(i.xQueueGenericReset)
    i.xQueueGenericSend                      0x08002fa4   Section        0  queue.o(i.xQueueGenericSend)
    i.xQueueGenericSendFromISR               0x08003104   Section        0  queue.o(i.xQueueGenericSendFromISR)
    i.xQueueReceive                          0x080031c4   Section        0  queue.o(i.xQueueReceive)
    i.xTaskCheckForTimeOut                   0x080032fc   Section        0  tasks.o(i.xTaskCheckForTimeOut)
    i.xTaskCreate                            0x08003370   Section        0  tasks.o(i.xTaskCreate)
    i.xTaskCreateStatic                      0x080033ca   Section        0  tasks.o(i.xTaskCreateStatic)
    i.xTaskGetSchedulerState                 0x08003420   Section        0  tasks.o(i.xTaskGetSchedulerState)
    i.xTaskGetTickCount                      0x0800343c   Section        0  tasks.o(i.xTaskGetTickCount)
    i.xTaskIncrementTick                     0x08003448   Section        0  tasks.o(i.xTaskIncrementTick)
    i.xTaskPriorityDisinherit                0x08003510   Section        0  tasks.o(i.xTaskPriorityDisinherit)
    i.xTaskRemoveFromEventList               0x08003590   Section        0  tasks.o(i.xTaskRemoveFromEventList)
    i.xTaskResumeAll                         0x08003600   Section        0  tasks.o(i.xTaskResumeAll)
    i.xTimerCreateTimerTask                  0x080036c4   Section        0  timers.o(i.xTimerCreateTimerTask)
    i.xTimerGenericCommand                   0x08003724   Section        0  timers.o(i.xTimerGenericCommand)
    .constdata                               0x0800378c   Section       36  freertos.o(.constdata)
    .constdata                               0x080037b0   Section       18  stm32f1xx_hal_rcc.o(.constdata)
    aPredivFactorTable                       0x080037b0   Data           2  stm32f1xx_hal_rcc.o(.constdata)
    aPLLMULFactorTable                       0x080037b2   Data          16  stm32f1xx_hal_rcc.o(.constdata)
    .constdata                               0x080037c2   Section       18  stm32f1xx_hal_rcc_ex.o(.constdata)
    aPredivFactorTable                       0x080037c2   Data           2  stm32f1xx_hal_rcc_ex.o(.constdata)
    aPLLMULFactorTable                       0x080037c4   Data          16  stm32f1xx_hal_rcc_ex.o(.constdata)
    .constdata                               0x080037d4   Section       16  system_stm32f1xx.o(.constdata)
    .constdata                               0x080037e4   Section        8  system_stm32f1xx.o(.constdata)
    .constdata                               0x080037ec   Section     1520  oled_data.o(.constdata)
    .constdata                               0x08003ddc   Section      570  oled_data.o(.constdata)
    .constdata                               0x08004016   Section      665  oled_data.o(.constdata)
    .conststring                             0x080042b0   Section       12  freertos.o(.conststring)
    .data                                    0x20000000   Section        8  freertos.o(.data)
    .data                                    0x20000008   Section       12  stm32f1xx_it.o(.data)
    LastPressTime                            0x2000000c   Data           4  stm32f1xx_it.o(.data)
    LastPressTime                            0x20000010   Data           4  stm32f1xx_it.o(.data)
    .data                                    0x20000014   Section       12  stm32f1xx_hal.o(.data)
    .data                                    0x20000020   Section        4  system_stm32f1xx.o(.data)
    .data                                    0x20000024   Section       60  tasks.o(.data)
    uxDeletedTasksWaitingCleanUp             0x20000028   Data           4  tasks.o(.data)
    uxCurrentNumberOfTasks                   0x2000002c   Data           4  tasks.o(.data)
    xTickCount                               0x20000030   Data           4  tasks.o(.data)
    uxTopReadyPriority                       0x20000034   Data           4  tasks.o(.data)
    xSchedulerRunning                        0x20000038   Data           4  tasks.o(.data)
    xPendedTicks                             0x2000003c   Data           4  tasks.o(.data)
    xYieldPending                            0x20000040   Data           4  tasks.o(.data)
    xNumOfOverflows                          0x20000044   Data           4  tasks.o(.data)
    uxTaskNumber                             0x20000048   Data           4  tasks.o(.data)
    xNextTaskUnblockTime                     0x2000004c   Data           4  tasks.o(.data)
    xIdleTaskHandle                          0x20000050   Data           4  tasks.o(.data)
    uxSchedulerSuspended                     0x20000054   Data           4  tasks.o(.data)
    pxDelayedTaskList                        0x20000058   Data           4  tasks.o(.data)
    pxOverflowDelayedTaskList                0x2000005c   Data           4  tasks.o(.data)
    .data                                    0x20000060   Section       20  timers.o(.data)
    xTimerQueue                              0x20000060   Data           4  timers.o(.data)
    xTimerTaskHandle                         0x20000064   Data           4  timers.o(.data)
    xLastTime                                0x20000068   Data           4  timers.o(.data)
    pxCurrentTimerList                       0x2000006c   Data           4  timers.o(.data)
    pxOverflowTimerList                      0x20000070   Data           4  timers.o(.data)
    .data                                    0x20000074   Section        4  cmsis_os2.o(.data)
    KernelState                              0x20000074   Data           4  cmsis_os2.o(.data)
    .data                                    0x20000078   Section       32  heap_4.o(.data)
    pxEnd                                    0x20000078   Data           4  heap_4.o(.data)
    xFreeBytesRemaining                      0x2000007c   Data           4  heap_4.o(.data)
    xMinimumEverFreeBytesRemaining           0x20000080   Data           4  heap_4.o(.data)
    xNumberOfSuccessfulAllocations           0x20000084   Data           4  heap_4.o(.data)
    xNumberOfSuccessfulFrees                 0x20000088   Data           4  heap_4.o(.data)
    xBlockAllocatedBit                       0x2000008c   Data           4  heap_4.o(.data)
    xStart                                   0x20000090   Data           8  heap_4.o(.data)
    .data                                    0x20000098   Section       12  port.o(.data)
    ucMaxSysCallPriority                     0x20000098   Data           1  port.o(.data)
    uxCriticalNesting                        0x2000009c   Data           4  port.o(.data)
    ulMaxPRIGROUPValue                       0x200000a0   Data           4  port.o(.data)
    .data                                    0x200000a4   Section       12  menutask.o(.data)
    TestNum                                  0x200000ac   Data           4  menutask.o(.data)
    .bss                                     0x200000b0   Section       20  rtc.o(.bss)
    .bss                                     0x200000c4   Section       72  stm32f1xx_hal_timebase_tim.o(.bss)
    .bss                                     0x2000010c   Section       64  queue.o(.bss)
    .bss                                     0x2000014c   Section     1220  tasks.o(.bss)
    pxReadyTasksLists                        0x2000014c   Data        1120  tasks.o(.bss)
    xDelayedTaskList1                        0x200005ac   Data          20  tasks.o(.bss)
    xDelayedTaskList2                        0x200005c0   Data          20  tasks.o(.bss)
    xPendingReadyList                        0x200005d4   Data          20  tasks.o(.bss)
    xTasksWaitingTermination                 0x200005e8   Data          20  tasks.o(.bss)
    xSuspendedTaskList                       0x200005fc   Data          20  tasks.o(.bss)
    .bss                                     0x20000610   Section      280  timers.o(.bss)
    xStaticTimerQueue                        0x20000610   Data          80  timers.o(.bss)
    ucStaticTimerQueueStorage                0x20000660   Data         160  timers.o(.bss)
    xActiveTimerList1                        0x20000700   Data          20  timers.o(.bss)
    xActiveTimerList2                        0x20000714   Data          20  timers.o(.bss)
    .bss                                     0x20000728   Section     1720  cmsis_os2.o(.bss)
    Idle_TCB                                 0x20000728   Data          92  cmsis_os2.o(.bss)
    Idle_Stack                               0x20000784   Data         512  cmsis_os2.o(.bss)
    Timer_TCB                                0x20000984   Data          92  cmsis_os2.o(.bss)
    Timer_Stack                              0x200009e0   Data        1024  cmsis_os2.o(.bss)
    .bss                                     0x20000de0   Section     3072  heap_4.o(.bss)
    ucHeap                                   0x20000de0   Data        3072  heap_4.o(.bss)
    .bss                                     0x200019e0   Section     1024  oled.o(.bss)
    .bss                                     0x20001de0   Section       32  menutask.o(.bss)
    .bss                                     0x20001e00   Section       96  libspace.o(.bss)
    HEAP                                     0x20001e60   Section      512  startup_stm32f103xb.o(HEAP)
    Heap_Mem                                 0x20001e60   Data         512  startup_stm32f103xb.o(HEAP)
    STACK                                    0x20002060   Section     1024  startup_stm32f103xb.o(STACK)
    Stack_Mem                                0x20002060   Data        1024  startup_stm32f103xb.o(STACK)
    __initial_sp                             0x20002460   Data           0  startup_stm32f103xb.o(STACK)

    Global Symbols

    Symbol Name                              Value     Ov Type        Size  Object(Section)

    BuildAttributes$$THM_ISAv4$P$D$K$B$S$PE$A:L22UL41UL21$X:L11$S22US41US21$IEEE1$IW$USESV6$~STKCKD$USESV7$~SHL$OTIME$ROPI$IEEEX$EBA8$UX$STANDARDLIB$REQ8$PRES8$EABIv2 0x00000000   Number         0  anon$$obj.o ABSOLUTE
    __ARM_use_no_argv                        0x00000000   Number         0  main.o ABSOLUTE
    _printf_flags                            0x00000000   Number         0  printf_stubs.o ABSOLUTE
    _printf_return_value                     0x00000000   Number         0  printf_stubs.o ABSOLUTE
    _printf_sizespec                         0x00000000   Number         0  printf_stubs.o ABSOLUTE
    _printf_widthprec                        0x00000000   Number         0  printf_stubs.o ABSOLUTE
    __ARM_exceptions_init                     - Undefined Weak Reference
    __alloca_initialize                       - Undefined Weak Reference
    __arm_preinit_                            - Undefined Weak Reference
    __cpp_initialize__aeabi_                  - Undefined Weak Reference
    __cxa_finalize                            - Undefined Weak Reference
    __sigvec_lookup                           - Undefined Weak Reference
    _atexit_init                              - Undefined Weak Reference
    _call_atexit_fns                          - Undefined Weak Reference
    _clock_init                               - Undefined Weak Reference
    _fp_trap_init                             - Undefined Weak Reference
    _fp_trap_shutdown                         - Undefined Weak Reference
    _get_lc_collate                           - Undefined Weak Reference
    _get_lc_monetary                          - Undefined Weak Reference
    _get_lc_time                              - Undefined Weak Reference
    _getenv_init                              - Undefined Weak Reference
    _handle_redirection                       - Undefined Weak Reference
    _init_alloc                               - Undefined Weak Reference
    _init_user_alloc                          - Undefined Weak Reference
    _initio                                   - Undefined Weak Reference
    _printf_mbtowc                            - Undefined Weak Reference
    _printf_wc                                - Undefined Weak Reference
    _rand_init                                - Undefined Weak Reference
    _signal_finish                            - Undefined Weak Reference
    _signal_init                              - Undefined Weak Reference
    _terminate_alloc                          - Undefined Weak Reference
    _terminate_user_alloc                     - Undefined Weak Reference
    _terminateio                              - Undefined Weak Reference
    __Vectors_Size                           0x000000ec   Number         0  startup_stm32f103xb.o ABSOLUTE
    __Vectors                                0x08000000   Data           4  startup_stm32f103xb.o(RESET)
    __Vectors_End                            0x080000ec   Data           0  startup_stm32f103xb.o(RESET)
    __main                                   0x080000ed   Thumb Code     8  __main.o(!!!main)
    __scatterload                            0x080000f5   Thumb Code     0  __scatter.o(!!!scatter)
    __scatterload_rt2                        0x080000f5   Thumb Code    44  __scatter.o(!!!scatter)
    __scatterload_rt2_thumb_only             0x080000f5   Thumb Code     0  __scatter.o(!!!scatter)
    __scatterload_null                       0x08000103   Thumb Code     0  __scatter.o(!!!scatter)
    __scatterload_copy                       0x08000129   Thumb Code    26  __scatter_copy.o(!!handler_copy)
    __scatterload_zeroinit                   0x08000145   Thumb Code    28  __scatter_zi.o(!!handler_zi)
    __rt_lib_init                            0x08000161   Thumb Code     0  libinit.o(.ARM.Collect$$libinit$$00000000)
    __rt_lib_init_alloca_1                   0x08000163   Thumb Code     0  libinit2.o(.ARM.Collect$$libinit$$0000002E)
    __rt_lib_init_argv_1                     0x08000163   Thumb Code     0  libinit2.o(.ARM.Collect$$libinit$$0000002C)
    __rt_lib_init_atexit_1                   0x08000163   Thumb Code     0  libinit2.o(.ARM.Collect$$libinit$$0000001B)
    __rt_lib_init_clock_1                    0x08000163   Thumb Code     0  libinit2.o(.ARM.Collect$$libinit$$00000021)
    __rt_lib_init_cpp_1                      0x08000163   Thumb Code     0  libinit2.o(.ARM.Collect$$libinit$$00000032)
    __rt_lib_init_exceptions_1               0x08000163   Thumb Code     0  libinit2.o(.ARM.Collect$$libinit$$00000030)
    __rt_lib_init_fp_1                       0x08000163   Thumb Code     0  libinit2.o(.ARM.Collect$$libinit$$00000002)
    __rt_lib_init_fp_trap_1                  0x08000163   Thumb Code     0  libinit2.o(.ARM.Collect$$libinit$$0000001F)
    __rt_lib_init_getenv_1                   0x08000163   Thumb Code     0  libinit2.o(.ARM.Collect$$libinit$$00000023)
    __rt_lib_init_heap_1                     0x08000163   Thumb Code     0  libinit2.o(.ARM.Collect$$libinit$$0000000A)
    __rt_lib_init_lc_collate_1               0x08000163   Thumb Code     0  libinit2.o(.ARM.Collect$$libinit$$00000011)
    __rt_lib_init_lc_ctype_1                 0x08000163   Thumb Code     0  libinit2.o(.ARM.Collect$$libinit$$00000013)
    __rt_lib_init_lc_monetary_1              0x08000163   Thumb Code     0  libinit2.o(.ARM.Collect$$libinit$$00000015)
    __rt_lib_init_lc_numeric_1               0x08000163   Thumb Code     0  libinit2.o(.ARM.Collect$$libinit$$00000017)
    __rt_lib_init_lc_time_1                  0x08000163   Thumb Code     0  libinit2.o(.ARM.Collect$$libinit$$00000019)
    __rt_lib_init_preinit_1                  0x08000163   Thumb Code     0  libinit2.o(.ARM.Collect$$libinit$$00000004)
    __rt_lib_init_rand_1                     0x08000163   Thumb Code     0  libinit2.o(.ARM.Collect$$libinit$$0000000E)
    __rt_lib_init_return                     0x08000163   Thumb Code     0  libinit2.o(.ARM.Collect$$libinit$$00000033)
    __rt_lib_init_signal_1                   0x08000163   Thumb Code     0  libinit2.o(.ARM.Collect$$libinit$$0000001D)
    __rt_lib_init_stdio_1                    0x08000163   Thumb Code     0  libinit2.o(.ARM.Collect$$libinit$$00000025)
    __rt_lib_init_user_alloc_1               0x08000163   Thumb Code     0  libinit2.o(.ARM.Collect$$libinit$$0000000C)
    __rt_lib_shutdown                        0x08000165   Thumb Code     0  libshutdown.o(.ARM.Collect$$libshutdown$$00000000)
    __rt_lib_shutdown_cpp_1                  0x08000167   Thumb Code     0  libshutdown2.o(.ARM.Collect$$libshutdown$$00000002)
    __rt_lib_shutdown_fp_trap_1              0x08000167   Thumb Code     0  libshutdown2.o(.ARM.Collect$$libshutdown$$00000007)
    __rt_lib_shutdown_heap_1                 0x08000167   Thumb Code     0  libshutdown2.o(.ARM.Collect$$libshutdown$$0000000F)
    __rt_lib_shutdown_return                 0x08000167   Thumb Code     0  libshutdown2.o(.ARM.Collect$$libshutdown$$00000010)
    __rt_lib_shutdown_signal_1               0x08000167   Thumb Code     0  libshutdown2.o(.ARM.Collect$$libshutdown$$0000000A)
    __rt_lib_shutdown_stdio_1                0x08000167   Thumb Code     0  libshutdown2.o(.ARM.Collect$$libshutdown$$00000004)
    __rt_lib_shutdown_user_alloc_1           0x08000167   Thumb Code     0  libshutdown2.o(.ARM.Collect$$libshutdown$$0000000C)
    __rt_entry                               0x08000169   Thumb Code     0  __rtentry.o(.ARM.Collect$$rtentry$$00000000)
    __rt_entry_presh_1                       0x08000169   Thumb Code     0  __rtentry2.o(.ARM.Collect$$rtentry$$00000002)
    __rt_entry_sh                            0x08000169   Thumb Code     0  __rtentry4.o(.ARM.Collect$$rtentry$$00000004)
    __rt_entry_li                            0x0800016f   Thumb Code     0  __rtentry2.o(.ARM.Collect$$rtentry$$0000000A)
    __rt_entry_postsh_1                      0x0800016f   Thumb Code     0  __rtentry2.o(.ARM.Collect$$rtentry$$00000009)
    __rt_entry_main                          0x08000173   Thumb Code     0  __rtentry2.o(.ARM.Collect$$rtentry$$0000000D)
    __rt_entry_postli_1                      0x08000173   Thumb Code     0  __rtentry2.o(.ARM.Collect$$rtentry$$0000000C)
    __rt_exit                                0x0800017b   Thumb Code     0  rtexit.o(.ARM.Collect$$rtexit$$00000000)
    __rt_exit_ls                             0x0800017d   Thumb Code     0  rtexit2.o(.ARM.Collect$$rtexit$$00000003)
    __rt_exit_prels_1                        0x0800017d   Thumb Code     0  rtexit2.o(.ARM.Collect$$rtexit$$00000002)
    __rt_exit_exit                           0x08000181   Thumb Code     0  rtexit2.o(.ARM.Collect$$rtexit$$00000004)
    SVC_Handler                              0x08000189   Thumb Code    32  port.o(.emb_text)
    __asm___6_port_c_39a90d8d__prvStartFirstTask 0x080001ad   Thumb Code    28  port.o(.emb_text)
    PendSV_Handler                           0x080001cd   Thumb Code    72  port.o(.emb_text)
    vPortGetIPSR                             0x08000219   Thumb Code     6  port.o(.emb_text)
    Reset_Handler                            0x08000221   Thumb Code     8  startup_stm32f103xb.o(.text)
    ADC1_2_IRQHandler                        0x0800023b   Thumb Code     0  startup_stm32f103xb.o(.text)
    CAN1_RX1_IRQHandler                      0x0800023b   Thumb Code     0  startup_stm32f103xb.o(.text)
    CAN1_SCE_IRQHandler                      0x0800023b   Thumb Code     0  startup_stm32f103xb.o(.text)
    DMA1_Channel1_IRQHandler                 0x0800023b   Thumb Code     0  startup_stm32f103xb.o(.text)
    DMA1_Channel2_IRQHandler                 0x0800023b   Thumb Code     0  startup_stm32f103xb.o(.text)
    DMA1_Channel3_IRQHandler                 0x0800023b   Thumb Code     0  startup_stm32f103xb.o(.text)
    DMA1_Channel4_IRQHandler                 0x0800023b   Thumb Code     0  startup_stm32f103xb.o(.text)
    DMA1_Channel5_IRQHandler                 0x0800023b   Thumb Code     0  startup_stm32f103xb.o(.text)
    DMA1_Channel6_IRQHandler                 0x0800023b   Thumb Code     0  startup_stm32f103xb.o(.text)
    DMA1_Channel7_IRQHandler                 0x0800023b   Thumb Code     0  startup_stm32f103xb.o(.text)
    EXTI0_IRQHandler                         0x0800023b   Thumb Code     0  startup_stm32f103xb.o(.text)
    EXTI1_IRQHandler                         0x0800023b   Thumb Code     0  startup_stm32f103xb.o(.text)
    EXTI2_IRQHandler                         0x0800023b   Thumb Code     0  startup_stm32f103xb.o(.text)
    EXTI3_IRQHandler                         0x0800023b   Thumb Code     0  startup_stm32f103xb.o(.text)
    EXTI4_IRQHandler                         0x0800023b   Thumb Code     0  startup_stm32f103xb.o(.text)
    FLASH_IRQHandler                         0x0800023b   Thumb Code     0  startup_stm32f103xb.o(.text)
    I2C1_ER_IRQHandler                       0x0800023b   Thumb Code     0  startup_stm32f103xb.o(.text)
    I2C1_EV_IRQHandler                       0x0800023b   Thumb Code     0  startup_stm32f103xb.o(.text)
    I2C2_ER_IRQHandler                       0x0800023b   Thumb Code     0  startup_stm32f103xb.o(.text)
    I2C2_EV_IRQHandler                       0x0800023b   Thumb Code     0  startup_stm32f103xb.o(.text)
    PVD_IRQHandler                           0x0800023b   Thumb Code     0  startup_stm32f103xb.o(.text)
    RCC_IRQHandler                           0x0800023b   Thumb Code     0  startup_stm32f103xb.o(.text)
    RTC_Alarm_IRQHandler                     0x0800023b   Thumb Code     0  startup_stm32f103xb.o(.text)
    SPI1_IRQHandler                          0x0800023b   Thumb Code     0  startup_stm32f103xb.o(.text)
    SPI2_IRQHandler                          0x0800023b   Thumb Code     0  startup_stm32f103xb.o(.text)
    TAMPER_IRQHandler                        0x0800023b   Thumb Code     0  startup_stm32f103xb.o(.text)
    TIM1_BRK_IRQHandler                      0x0800023b   Thumb Code     0  startup_stm32f103xb.o(.text)
    TIM1_CC_IRQHandler                       0x0800023b   Thumb Code     0  startup_stm32f103xb.o(.text)
    TIM1_TRG_COM_IRQHandler                  0x0800023b   Thumb Code     0  startup_stm32f103xb.o(.text)
    TIM1_UP_IRQHandler                       0x0800023b   Thumb Code     0  startup_stm32f103xb.o(.text)
    TIM2_IRQHandler                          0x0800023b   Thumb Code     0  startup_stm32f103xb.o(.text)
    TIM3_IRQHandler                          0x0800023b   Thumb Code     0  startup_stm32f103xb.o(.text)
    USART1_IRQHandler                        0x0800023b   Thumb Code     0  startup_stm32f103xb.o(.text)
    USART2_IRQHandler                        0x0800023b   Thumb Code     0  startup_stm32f103xb.o(.text)
    USART3_IRQHandler                        0x0800023b   Thumb Code     0  startup_stm32f103xb.o(.text)
    USBWakeUp_IRQHandler                     0x0800023b   Thumb Code     0  startup_stm32f103xb.o(.text)
    USB_HP_CAN1_TX_IRQHandler                0x0800023b   Thumb Code     0  startup_stm32f103xb.o(.text)
    USB_LP_CAN1_RX0_IRQHandler               0x0800023b   Thumb Code     0  startup_stm32f103xb.o(.text)
    WWDG_IRQHandler                          0x0800023b   Thumb Code     0  startup_stm32f103xb.o(.text)
    __user_initial_stackheap                 0x0800023d   Thumb Code     0  startup_stm32f103xb.o(.text)
    __aeabi_memcpy                           0x08000261   Thumb Code     0  rt_memcpy_v6.o(.text)
    __rt_memcpy                              0x08000261   Thumb Code   138  rt_memcpy_v6.o(.text)
    _memcpy_lastbytes                        0x080002c7   Thumb Code     0  rt_memcpy_v6.o(.text)
    __aeabi_memset                           0x080002eb   Thumb Code    16  aeabi_memset.o(.text)
    __aeabi_memclr4                          0x080002fb   Thumb Code     0  rt_memclr_w.o(.text)
    __aeabi_memclr8                          0x080002fb   Thumb Code     0  rt_memclr_w.o(.text)
    __rt_memclr_w                            0x080002fb   Thumb Code    78  rt_memclr_w.o(.text)
    _memset_w                                0x080002ff   Thumb Code     0  rt_memclr_w.o(.text)
    strcmp                                   0x08000349   Thumb Code   128  strcmpv7m.o(.text)
    __use_two_region_memory                  0x080003c9   Thumb Code     2  heapauxi.o(.text)
    __rt_heap_escrow$2region                 0x080003cb   Thumb Code     2  heapauxi.o(.text)
    __rt_heap_expand$2region                 0x080003cd   Thumb Code     2  heapauxi.o(.text)
    __aeabi_memcpy4                          0x080003cf   Thumb Code     0  rt_memcpy_w.o(.text)
    __aeabi_memcpy8                          0x080003cf   Thumb Code     0  rt_memcpy_w.o(.text)
    __rt_memcpy_w                            0x080003cf   Thumb Code   100  rt_memcpy_w.o(.text)
    _memcpy_lastbytes_aligned                0x08000417   Thumb Code     0  rt_memcpy_w.o(.text)
    __aeabi_memclr                           0x08000433   Thumb Code     0  rt_memclr.o(.text)
    __rt_memclr                              0x08000433   Thumb Code    68  rt_memclr.o(.text)
    _memset                                  0x08000437   Thumb Code     0  rt_memclr.o(.text)
    __user_libspace                          0x08000479   Thumb Code     8  libspace.o(.text)
    __user_perproc_libspace                  0x08000479   Thumb Code     0  libspace.o(.text)
    __user_perthread_libspace                0x08000479   Thumb Code     0  libspace.o(.text)
    __user_setup_stackheap                   0x08000481   Thumb Code    74  sys_stackheap_outer.o(.text)
    exit                                     0x080004cb   Thumb Code    18  exit.o(.text)
    _sys_exit                                0x080004dd   Thumb Code     8  sys_exit.o(.text)
    __I$use$semihosting                      0x080004e9   Thumb Code     0  use_no_semi.o(.text)
    __use_no_semihosting_swi                 0x080004e9   Thumb Code     2  use_no_semi.o(.text)
    BusFault_Handler                         0x080004eb   Thumb Code     2  stm32f1xx_it.o(i.BusFault_Handler)
    __semihosting_library_function           0x080004eb   Thumb Code     0  indicate_semi.o(.text)
    DebugMon_Handler                         0x080004ed   Thumb Code     2  stm32f1xx_it.o(i.DebugMon_Handler)
    EXTI15_10_IRQHandler                     0x080004f1   Thumb Code   142  stm32f1xx_it.o(i.EXTI15_10_IRQHandler)
    EXTI9_5_IRQHandler                       0x08000591   Thumb Code    92  stm32f1xx_it.o(i.EXTI9_5_IRQHandler)
    Encoder_GetCount                         0x080005fd   Thumb Code     4  encoder.o(i.Encoder_GetCount)
    Encoder_GetDir                           0x08000601   Thumb Code     4  encoder.o(i.Encoder_GetDir)
    Encoder_Update                           0x08000605   Thumb Code   108  encoder.o(i.Encoder_Update)
    Error_Handler                            0x08000671   Thumb Code     4  main.o(i.Error_Handler)
    HAL_Delay                                0x08000675   Thumb Code    32  stm32f1xx_hal.o(i.HAL_Delay)
    HAL_GPIO_EXTI_Callback                   0x08000699   Thumb Code     2  stm32f1xx_hal_gpio.o(i.HAL_GPIO_EXTI_Callback)
    HAL_GPIO_EXTI_IRQHandler                 0x0800069d   Thumb Code    18  stm32f1xx_hal_gpio.o(i.HAL_GPIO_EXTI_IRQHandler)
    HAL_GPIO_Init                            0x080006b5   Thumb Code   446  stm32f1xx_hal_gpio.o(i.HAL_GPIO_Init)
    HAL_GPIO_ReadPin                         0x08000895   Thumb Code    10  stm32f1xx_hal_gpio.o(i.HAL_GPIO_ReadPin)
    HAL_GPIO_WritePin                        0x0800089f   Thumb Code    10  stm32f1xx_hal_gpio.o(i.HAL_GPIO_WritePin)
    HAL_GetTick                              0x080008a9   Thumb Code     6  stm32f1xx_hal.o(i.HAL_GetTick)
    HAL_IncTick                              0x080008b5   Thumb Code    12  stm32f1xx_hal.o(i.HAL_IncTick)
    HAL_Init                                 0x080008c5   Thumb Code    32  stm32f1xx_hal.o(i.HAL_Init)
    HAL_InitTick                             0x080008e9   Thumb Code   132  stm32f1xx_hal_timebase_tim.o(i.HAL_InitTick)
    HAL_MspInit                              0x08000981   Thumb Code    62  stm32f1xx_hal_msp.o(i.HAL_MspInit)
    HAL_NVIC_EnableIRQ                       0x080009c9   Thumb Code    26  stm32f1xx_hal_cortex.o(i.HAL_NVIC_EnableIRQ)
    HAL_NVIC_SetPriority                     0x080009e5   Thumb Code    60  stm32f1xx_hal_cortex.o(i.HAL_NVIC_SetPriority)
    HAL_NVIC_SetPriorityGrouping             0x08000a25   Thumb Code    26  stm32f1xx_hal_cortex.o(i.HAL_NVIC_SetPriorityGrouping)
    HAL_PWR_EnableBkUpAccess                 0x08000a49   Thumb Code     8  stm32f1xx_hal_pwr.o(i.HAL_PWR_EnableBkUpAccess)
    HAL_RCCEx_GetPeriphCLKFreq               0x08000a55   Thumb Code   148  stm32f1xx_hal_rcc_ex.o(i.HAL_RCCEx_GetPeriphCLKFreq)
    HAL_RCCEx_PeriphCLKConfig                0x08000af9   Thumb Code   224  stm32f1xx_hal_rcc_ex.o(i.HAL_RCCEx_PeriphCLKConfig)
    HAL_RCC_ClockConfig                      0x08000be5   Thumb Code   280  stm32f1xx_hal_rcc.o(i.HAL_RCC_ClockConfig)
    HAL_RCC_GetClockConfig                   0x08000d11   Thumb Code    54  stm32f1xx_hal_rcc.o(i.HAL_RCC_GetClockConfig)
    HAL_RCC_GetPCLK1Freq                     0x08000d51   Thumb Code    20  stm32f1xx_hal_rcc.o(i.HAL_RCC_GetPCLK1Freq)
    HAL_RCC_GetPCLK2Freq                     0x08000d71   Thumb Code    20  stm32f1xx_hal_rcc.o(i.HAL_RCC_GetPCLK2Freq)
    HAL_RCC_GetSysClockFreq                  0x08000d91   Thumb Code    58  stm32f1xx_hal_rcc.o(i.HAL_RCC_GetSysClockFreq)
    HAL_RCC_OscConfig                        0x08000ddd   Thumb Code   778  stm32f1xx_hal_rcc.o(i.HAL_RCC_OscConfig)
    HAL_RTCEx_RTCEventCallback               0x080010fd   Thumb Code     2  stm32f1xx_hal_rtc_ex.o(i.HAL_RTCEx_RTCEventCallback)
    HAL_RTCEx_RTCEventErrorCallback          0x080010ff   Thumb Code     2  stm32f1xx_hal_rtc_ex.o(i.HAL_RTCEx_RTCEventErrorCallback)
    HAL_RTCEx_RTCIRQHandler                  0x08001101   Thumb Code    62  stm32f1xx_hal_rtc_ex.o(i.HAL_RTCEx_RTCIRQHandler)
    HAL_RTC_Init                             0x08001141   Thumb Code   144  stm32f1xx_hal_rtc.o(i.HAL_RTC_Init)
    HAL_RTC_MspInit                          0x080011d5   Thumb Code    60  rtc.o(i.HAL_RTC_MspInit)
    HAL_RTC_SetDate                          0x0800121d   Thumb Code   192  stm32f1xx_hal_rtc.o(i.HAL_RTC_SetDate)
    HAL_RTC_SetTime                          0x080012e1   Thumb Code   168  stm32f1xx_hal_rtc.o(i.HAL_RTC_SetTime)
    HAL_RTC_WaitForSynchro                   0x0800138d   Thumb Code    58  stm32f1xx_hal_rtc.o(i.HAL_RTC_WaitForSynchro)
    HAL_TIMEx_BreakCallback                  0x080013c7   Thumb Code     2  stm32f1xx_hal_tim_ex.o(i.HAL_TIMEx_BreakCallback)
    HAL_TIMEx_CommutCallback                 0x080013c9   Thumb Code     2  stm32f1xx_hal_tim_ex.o(i.HAL_TIMEx_CommutCallback)
    HAL_TIM_Base_Init                        0x080013cb   Thumb Code    90  stm32f1xx_hal_tim.o(i.HAL_TIM_Base_Init)
    HAL_TIM_Base_MspInit                     0x08001425   Thumb Code     2  stm32f1xx_hal_tim.o(i.HAL_TIM_Base_MspInit)
    HAL_TIM_Base_Start_IT                    0x08001429   Thumb Code    76  stm32f1xx_hal_tim.o(i.HAL_TIM_Base_Start_IT)
    HAL_TIM_IC_CaptureCallback               0x08001481   Thumb Code     2  stm32f1xx_hal_tim.o(i.HAL_TIM_IC_CaptureCallback)
    HAL_TIM_IRQHandler                       0x08001483   Thumb Code   304  stm32f1xx_hal_tim.o(i.HAL_TIM_IRQHandler)
    HAL_TIM_OC_DelayElapsedCallback          0x080015b3   Thumb Code     2  stm32f1xx_hal_tim.o(i.HAL_TIM_OC_DelayElapsedCallback)
    HAL_TIM_PWM_PulseFinishedCallback        0x080015b5   Thumb Code     2  stm32f1xx_hal_tim.o(i.HAL_TIM_PWM_PulseFinishedCallback)
    HAL_TIM_PeriodElapsedCallback            0x080015b9   Thumb Code    14  main.o(i.HAL_TIM_PeriodElapsedCallback)
    HAL_TIM_TriggerCallback                  0x080015cd   Thumb Code     2  stm32f1xx_hal_tim.o(i.HAL_TIM_TriggerCallback)
    HardFault_Handler                        0x080015cf   Thumb Code     2  stm32f1xx_it.o(i.HardFault_Handler)
    MX_FREERTOS_Init                         0x080015d1   Thumb Code    36  freertos.o(i.MX_FREERTOS_Init)
    MX_GPIO_Init                             0x08001611   Thumb Code   248  gpio.o(i.MX_GPIO_Init)
    MX_RTC_Init                              0x0800171d   Thumb Code   104  rtc.o(i.MX_RTC_Init)
    MemManage_Handler                        0x0800178d   Thumb Code     2  stm32f1xx_it.o(i.MemManage_Handler)
    MenuTask                                 0x08001791   Thumb Code    60  menutask.o(i.MenuTask)
    NMI_Handler                              0x080017dd   Thumb Code     2  stm32f1xx_it.o(i.NMI_Handler)
    OLED_Clear                               0x080017e1   Thumb Code    34  oled.o(i.OLED_Clear)
    OLED_ClearArea                           0x08001809   Thumb Code    86  oled.o(i.OLED_ClearArea)
    OLED_GPIO_Init                           0x08001865   Thumb Code    38  oled.o(i.OLED_GPIO_Init)
    OLED_I2C_SendByte                        0x0800188b   Thumb Code    58  oled.o(i.OLED_I2C_SendByte)
    OLED_I2C_Start                           0x080018c5   Thumb Code    30  oled.o(i.OLED_I2C_Start)
    OLED_I2C_Stop                            0x080018e3   Thumb Code    24  oled.o(i.OLED_I2C_Stop)
    OLED_Init                                0x080018fb   Thumb Code   156  oled.o(i.OLED_Init)
    OLED_Pow                                 0x08001997   Thumb Code    14  oled.o(i.OLED_Pow)
    OLED_SetCursor                           0x080019a5   Thumb Code    34  oled.o(i.OLED_SetCursor)
    OLED_ShowChar                            0x080019c9   Thumb Code    52  oled.o(i.OLED_ShowChar)
    OLED_ShowImage                           0x08001a05   Thumb Code   182  oled.o(i.OLED_ShowImage)
    OLED_ShowNum                             0x08001ac1   Thumb Code    70  oled.o(i.OLED_ShowNum)
    OLED_ShowString                          0x08001b09   Thumb Code   210  oled.o(i.OLED_ShowString)
    OLED_Update                              0x08001be5   Thumb Code    34  oled.o(i.OLED_Update)
    OLED_W_SCL                               0x08001c0d   Thumb Code    12  oled.o(i.OLED_W_SCL)
    OLED_W_SDA                               0x08001c1d   Thumb Code    12  oled.o(i.OLED_W_SDA)
    OLED_WriteCommand                        0x08001c2d   Thumb Code    34  oled.o(i.OLED_WriteCommand)
    OLED_WriteData                           0x08001c4f   Thumb Code    48  oled.o(i.OLED_WriteData)
    RTC_IRQHandler                           0x08001cfd   Thumb Code     6  stm32f1xx_it.o(i.RTC_IRQHandler)
    StartDefaultTask                         0x08001e59   Thumb Code    20  freertos.o(i.StartDefaultTask)
    SysTick_Handler                          0x08001e71   Thumb Code    26  cmsis_os2.o(i.SysTick_Handler)
    SystemClock_Config                       0x08001e8b   Thumb Code   128  main.o(i.SystemClock_Config)
    SystemInit                               0x08001f0b   Thumb Code     2  system_stm32f1xx.o(i.SystemInit)
    TIM4_IRQHandler                          0x08001f0d   Thumb Code     6  stm32f1xx_it.o(i.TIM4_IRQHandler)
    TIM_Base_SetConfig                       0x08001f19   Thumb Code   108  stm32f1xx_hal_tim.o(i.TIM_Base_SetConfig)
    UsageFault_Handler                       0x08001f91   Thumb Code     2  stm32f1xx_it.o(i.UsageFault_Handler)
    main                                     0x08001fb3   Thumb Code    34  main.o(i.main)
    osDelay                                  0x08001fd5   Thumb Code    26  cmsis_os2.o(i.osDelay)
    osKernelInitialize                       0x08001ff1   Thumb Code    32  cmsis_os2.o(i.osKernelInitialize)
    osKernelStart                            0x08002015   Thumb Code    48  cmsis_os2.o(i.osKernelStart)
    osThreadNew                              0x0800204d   Thumb Code   138  cmsis_os2.o(i.osThreadNew)
    pvPortMalloc                             0x0800286d   Thumb Code   216  heap_4.o(i.pvPortMalloc)
    pxPortInitialiseStack                    0x08002949   Thumb Code    32  port.o(i.pxPortInitialiseStack)
    uxListRemove                             0x0800296d   Thumb Code    38  list.o(i.uxListRemove)
    vApplicationGetIdleTaskMemory            0x08002995   Thumb Code    16  cmsis_os2.o(i.vApplicationGetIdleTaskMemory)
    vApplicationGetTimerTaskMemory           0x080029a9   Thumb Code    18  cmsis_os2.o(i.vApplicationGetTimerTaskMemory)
    vListInitialise                          0x080029c1   Thumb Code    22  list.o(i.vListInitialise)
    vListInitialiseItem                      0x080029d7   Thumb Code     6  list.o(i.vListInitialiseItem)
    vListInsert                              0x080029dd   Thumb Code    48  list.o(i.vListInsert)
    vListInsertEnd                           0x08002a0d   Thumb Code    24  list.o(i.vListInsertEnd)
    vPortEnterCritical                       0x08002a25   Thumb Code    54  port.o(i.vPortEnterCritical)
    vPortExitCritical                        0x08002a65   Thumb Code    34  port.o(i.vPortExitCritical)
    vPortFree                                0x08002a8d   Thumb Code    94  heap_4.o(i.vPortFree)
    vPortSetupTimerInterrupt                 0x08002af1   Thumb Code    32  port.o(i.vPortSetupTimerInterrupt)
    vPortValidateInterruptPriority           0x08002b15   Thumb Code    74  port.o(i.vPortValidateInterruptPriority)
    vQueueAddToRegistry                      0x08002b69   Thumb Code    34  queue.o(i.vQueueAddToRegistry)
    vQueueWaitForMessageRestricted           0x08002b91   Thumb Code    68  queue.o(i.vQueueWaitForMessageRestricted)
    vTaskDelay                               0x08002bd5   Thumb Code    66  tasks.o(i.vTaskDelay)
    vTaskInternalSetTimeOutState             0x08002c21   Thumb Code    12  tasks.o(i.vTaskInternalSetTimeOutState)
    vTaskMissedYield                         0x08002c31   Thumb Code     8  tasks.o(i.vTaskMissedYield)
    vTaskPlaceOnEventList                    0x08002c3d   Thumb Code    44  tasks.o(i.vTaskPlaceOnEventList)
    vTaskPlaceOnEventListRestricted          0x08002c6d   Thumb Code    52  tasks.o(i.vTaskPlaceOnEventListRestricted)
    vTaskStartScheduler                      0x08002ca5   Thumb Code   118  tasks.o(i.vTaskStartScheduler)
    vTaskSuspendAll                          0x08002d2d   Thumb Code    10  tasks.o(i.vTaskSuspendAll)
    vTaskSwitchContext                       0x08002d3d   Thumb Code    90  tasks.o(i.vTaskSwitchContext)
    xPortStartScheduler                      0x08002da1   Thumb Code   154  port.o(i.xPortStartScheduler)
    xPortSysTickHandler                      0x08002e49   Thumb Code    38  port.o(i.xPortSysTickHandler)
    xQueueGenericCreate                      0x08002e75   Thumb Code    66  queue.o(i.xQueueGenericCreate)
    xQueueGenericCreateStatic                0x08002eb7   Thumb Code   102  queue.o(i.xQueueGenericCreateStatic)
    xQueueGenericReset                       0x08002f1d   Thumb Code   132  queue.o(i.xQueueGenericReset)
    xQueueGenericSend                        0x08002fa5   Thumb Code   346  queue.o(i.xQueueGenericSend)
    xQueueGenericSendFromISR                 0x08003105   Thumb Code   190  queue.o(i.xQueueGenericSendFromISR)
    xQueueReceive                            0x080031c5   Thumb Code   308  queue.o(i.xQueueReceive)
    xTaskCheckForTimeOut                     0x080032fd   Thumb Code   112  tasks.o(i.xTaskCheckForTimeOut)
    xTaskCreate                              0x08003371   Thumb Code    90  tasks.o(i.xTaskCreate)
    xTaskCreateStatic                        0x080033cb   Thumb Code    86  tasks.o(i.xTaskCreateStatic)
    xTaskGetSchedulerState                   0x08003421   Thumb Code    22  tasks.o(i.xTaskGetSchedulerState)
    xTaskGetTickCount                        0x0800343d   Thumb Code     6  tasks.o(i.xTaskGetTickCount)
    xTaskIncrementTick                       0x08003449   Thumb Code   192  tasks.o(i.xTaskIncrementTick)
    xTaskPriorityDisinherit                  0x08003511   Thumb Code   118  tasks.o(i.xTaskPriorityDisinherit)
    xTaskRemoveFromEventList                 0x08003591   Thumb Code    98  tasks.o(i.xTaskRemoveFromEventList)
    xTaskResumeAll                           0x08003601   Thumb Code   182  tasks.o(i.xTaskResumeAll)
    xTimerCreateTimerTask                    0x080036c5   Thumb Code    78  timers.o(i.xTimerCreateTimerTask)
    xTimerGenericCommand                     0x08003725   Thumb Code    98  timers.o(i.xTimerGenericCommand)
    defaultTask_attributes                   0x0800378c   Data          36  freertos.o(.constdata)
    AHBPrescTable                            0x080037d4   Data          16  system_stm32f1xx.o(.constdata)
    APBPrescTable                            0x080037e4   Data           8  system_stm32f1xx.o(.constdata)
    OLED_F8x16                               0x080037ec   Data        1520  oled_data.o(.constdata)
    OLED_F6x8                                0x08003ddc   Data         570  oled_data.o(.constdata)
    OLED_CF16x16                             0x08004016   Data         665  oled_data.o(.constdata)
    Region$$Table$$Base                      0x080042bc   Number         0  anon$$obj.o(Region$$Table)
    Region$$Table$$Limit                     0x080042dc   Number         0  anon$$obj.o(Region$$Table)
    xMenuTaskHandle                          0x20000000   Data           4  freertos.o(.data)
    defaultTaskHandle                        0x20000004   Data           4  freertos.o(.data)
    menuInterruptEnabled                     0x20000008   Data           1  stm32f1xx_it.o(.data)
    enterInterruptEnabled                    0x20000009   Data           1  stm32f1xx_it.o(.data)
    exitInterruptEnabled                     0x2000000a   Data           1  stm32f1xx_it.o(.data)
    uwTickFreq                               0x20000014   Data           1  stm32f1xx_hal.o(.data)
    uwTickPrio                               0x20000018   Data           4  stm32f1xx_hal.o(.data)
    uwTick                                   0x2000001c   Data           4  stm32f1xx_hal.o(.data)
    SystemCoreClock                          0x20000020   Data           4  system_stm32f1xx.o(.data)
    pxCurrentTCB                             0x20000024   Data           4  tasks.o(.data)
    selectedIndex                            0x200000a4   Data           1  menutask.o(.data)
    g_isInMenuTask                           0x200000a5   Data           1  menutask.o(.data)
    KeyQueue                                 0x200000a8   Data           4  menutask.o(.data)
    hrtc                                     0x200000b0   Data          20  rtc.o(.bss)
    htim4                                    0x200000c4   Data          72  stm32f1xx_hal_timebase_tim.o(.bss)
    xQueueRegistry                           0x2000010c   Data          64  queue.o(.bss)
    OLED_DisplayBuf                          0x200019e0   Data        1024  oled.o(.bss)
    encoder                                  0x20001de0   Data          32  menutask.o(.bss)
    __libspace_start                         0x20001e00   Data          96  libspace.o(.bss)
    __temporary_stack_top$libspace           0x20001e60   Data           0  libspace.o(.bss)



==============================================================================

Memory Map of the image

  Image Entry point : 0x080000ed

  Load Region LR_IROM1 (Base: 0x08000000, Size: 0x0000438c, Max: 0x00010000, ABSOLUTE)

    Execution Region ER_IROM1 (Exec base: 0x08000000, Load base: 0x08000000, Size: 0x000042dc, Max: 0x00010000, ABSOLUTE)

    Exec Addr    Load Addr    Size         Type   Attr      Idx    E Section Name        Object

    0x08000000   0x08000000   0x000000ec   Data   RO            3    RESET               startup_stm32f103xb.o
    0x080000ec   0x080000ec   0x00000008   Code   RO         5209  * !!!main             c_w.l(__main.o)
    0x080000f4   0x080000f4   0x00000034   Code   RO         5612    !!!scatter          c_w.l(__scatter.o)
    0x08000128   0x08000128   0x0000001a   Code   RO         5614    !!handler_copy      c_w.l(__scatter_copy.o)
    0x08000142   0x08000142   0x00000002   PAD
    0x08000144   0x08000144   0x0000001c   Code   RO         5616    !!handler_zi        c_w.l(__scatter_zi.o)
    0x08000160   0x08000160   0x00000002   Code   RO         5474    .ARM.Collect$$libinit$$00000000  c_w.l(libinit.o)
    0x08000162   0x08000162   0x00000000   Code   RO         5485    .ARM.Collect$$libinit$$00000002  c_w.l(libinit2.o)
    0x08000162   0x08000162   0x00000000   Code   RO         5487    .ARM.Collect$$libinit$$00000004  c_w.l(libinit2.o)
    0x08000162   0x08000162   0x00000000   Code   RO         5490    .ARM.Collect$$libinit$$0000000A  c_w.l(libinit2.o)
    0x08000162   0x08000162   0x00000000   Code   RO         5492    .ARM.Collect$$libinit$$0000000C  c_w.l(libinit2.o)
    0x08000162   0x08000162   0x00000000   Code   RO         5494    .ARM.Collect$$libinit$$0000000E  c_w.l(libinit2.o)
    0x08000162   0x08000162   0x00000000   Code   RO         5497    .ARM.Collect$$libinit$$00000011  c_w.l(libinit2.o)
    0x08000162   0x08000162   0x00000000   Code   RO         5499    .ARM.Collect$$libinit$$00000013  c_w.l(libinit2.o)
    0x08000162   0x08000162   0x00000000   Code   RO         5501    .ARM.Collect$$libinit$$00000015  c_w.l(libinit2.o)
    0x08000162   0x08000162   0x00000000   Code   RO         5503    .ARM.Collect$$libinit$$00000017  c_w.l(libinit2.o)
    0x08000162   0x08000162   0x00000000   Code   RO         5505    .ARM.Collect$$libinit$$00000019  c_w.l(libinit2.o)
    0x08000162   0x08000162   0x00000000   Code   RO         5507    .ARM.Collect$$libinit$$0000001B  c_w.l(libinit2.o)
    0x08000162   0x08000162   0x00000000   Code   RO         5509    .ARM.Collect$$libinit$$0000001D  c_w.l(libinit2.o)
    0x08000162   0x08000162   0x00000000   Code   RO         5511    .ARM.Collect$$libinit$$0000001F  c_w.l(libinit2.o)
    0x08000162   0x08000162   0x00000000   Code   RO         5513    .ARM.Collect$$libinit$$00000021  c_w.l(libinit2.o)
    0x08000162   0x08000162   0x00000000   Code   RO         5515    .ARM.Collect$$libinit$$00000023  c_w.l(libinit2.o)
    0x08000162   0x08000162   0x00000000   Code   RO         5517    .ARM.Collect$$libinit$$00000025  c_w.l(libinit2.o)
    0x08000162   0x08000162   0x00000000   Code   RO         5521    .ARM.Collect$$libinit$$0000002C  c_w.l(libinit2.o)
    0x08000162   0x08000162   0x00000000   Code   RO         5523    .ARM.Collect$$libinit$$0000002E  c_w.l(libinit2.o)
    0x08000162   0x08000162   0x00000000   Code   RO         5525    .ARM.Collect$$libinit$$00000030  c_w.l(libinit2.o)
    0x08000162   0x08000162   0x00000000   Code   RO         5527    .ARM.Collect$$libinit$$00000032  c_w.l(libinit2.o)
    0x08000162   0x08000162   0x00000002   Code   RO         5528    .ARM.Collect$$libinit$$00000033  c_w.l(libinit2.o)
    0x08000164   0x08000164   0x00000002   Code   RO         5552    .ARM.Collect$$libshutdown$$00000000  c_w.l(libshutdown.o)
    0x08000166   0x08000166   0x00000000   Code   RO         5565    .ARM.Collect$$libshutdown$$00000002  c_w.l(libshutdown2.o)
    0x08000166   0x08000166   0x00000000   Code   RO         5567    .ARM.Collect$$libshutdown$$00000004  c_w.l(libshutdown2.o)
    0x08000166   0x08000166   0x00000000   Code   RO         5570    .ARM.Collect$$libshutdown$$00000007  c_w.l(libshutdown2.o)
    0x08000166   0x08000166   0x00000000   Code   RO         5573    .ARM.Collect$$libshutdown$$0000000A  c_w.l(libshutdown2.o)
    0x08000166   0x08000166   0x00000000   Code   RO         5575    .ARM.Collect$$libshutdown$$0000000C  c_w.l(libshutdown2.o)
    0x08000166   0x08000166   0x00000000   Code   RO         5578    .ARM.Collect$$libshutdown$$0000000F  c_w.l(libshutdown2.o)
    0x08000166   0x08000166   0x00000002   Code   RO         5579    .ARM.Collect$$libshutdown$$00000010  c_w.l(libshutdown2.o)
    0x08000168   0x08000168   0x00000000   Code   RO         5265    .ARM.Collect$$rtentry$$00000000  c_w.l(__rtentry.o)
    0x08000168   0x08000168   0x00000000   Code   RO         5385    .ARM.Collect$$rtentry$$00000002  c_w.l(__rtentry2.o)
    0x08000168   0x08000168   0x00000006   Code   RO         5397    .ARM.Collect$$rtentry$$00000004  c_w.l(__rtentry4.o)
    0x0800016e   0x0800016e   0x00000000   Code   RO         5387    .ARM.Collect$$rtentry$$00000009  c_w.l(__rtentry2.o)
    0x0800016e   0x0800016e   0x00000004   Code   RO         5388    .ARM.Collect$$rtentry$$0000000A  c_w.l(__rtentry2.o)
    0x08000172   0x08000172   0x00000000   Code   RO         5390    .ARM.Collect$$rtentry$$0000000C  c_w.l(__rtentry2.o)
    0x08000172   0x08000172   0x00000008   Code   RO         5391    .ARM.Collect$$rtentry$$0000000D  c_w.l(__rtentry2.o)
    0x0800017a   0x0800017a   0x00000002   Code   RO         5479    .ARM.Collect$$rtexit$$00000000  c_w.l(rtexit.o)
    0x0800017c   0x0800017c   0x00000000   Code   RO         5532    .ARM.Collect$$rtexit$$00000002  c_w.l(rtexit2.o)
    0x0800017c   0x0800017c   0x00000004   Code   RO         5533    .ARM.Collect$$rtexit$$00000003  c_w.l(rtexit2.o)
    0x08000180   0x08000180   0x00000006   Code   RO         5534    .ARM.Collect$$rtexit$$00000004  c_w.l(rtexit2.o)
    0x08000186   0x08000186   0x00000002   PAD
    0x08000188   0x08000188   0x00000096   Code   RO         4549    .emb_text           port.o
    0x0800021e   0x0800021e   0x00000002   PAD
    0x08000220   0x08000220   0x00000040   Code   RO            4    .text               startup_stm32f103xb.o
    0x08000260   0x08000260   0x0000008a   Code   RO         5197    .text               c_w.l(rt_memcpy_v6.o)
    0x080002ea   0x080002ea   0x00000010   Code   RO         5201    .text               c_w.l(aeabi_memset.o)
    0x080002fa   0x080002fa   0x0000004e   Code   RO         5203    .text               c_w.l(rt_memclr_w.o)
    0x08000348   0x08000348   0x00000080   Code   RO         5205    .text               c_w.l(strcmpv7m.o)
    0x080003c8   0x080003c8   0x00000006   Code   RO         5207    .text               c_w.l(heapauxi.o)
    0x080003ce   0x080003ce   0x00000064   Code   RO         5334    .text               c_w.l(rt_memcpy_w.o)
    0x08000432   0x08000432   0x00000044   Code   RO         5336    .text               c_w.l(rt_memclr.o)
    0x08000476   0x08000476   0x00000002   PAD
    0x08000478   0x08000478   0x00000008   Code   RO         5425    .text               c_w.l(libspace.o)
    0x08000480   0x08000480   0x0000004a   Code   RO         5428    .text               c_w.l(sys_stackheap_outer.o)
    0x080004ca   0x080004ca   0x00000012   Code   RO         5467    .text               c_w.l(exit.o)
    0x080004dc   0x080004dc   0x0000000c   Code   RO         5544    .text               c_w.l(sys_exit.o)
    0x080004e8   0x080004e8   0x00000002   Code   RO         5555    .text               c_w.l(use_no_semi.o)
    0x080004ea   0x080004ea   0x00000000   Code   RO         5557    .text               c_w.l(indicate_semi.o)
    0x080004ea   0x080004ea   0x00000002   Code   RO          392    i.BusFault_Handler  stm32f1xx_it.o
    0x080004ec   0x080004ec   0x00000002   Code   RO          393    i.DebugMon_Handler  stm32f1xx_it.o
    0x080004ee   0x080004ee   0x00000002   PAD
    0x080004f0   0x080004f0   0x000000a0   Code   RO          394    i.EXTI15_10_IRQHandler  stm32f1xx_it.o
    0x08000590   0x08000590   0x0000006c   Code   RO          395    i.EXTI9_5_IRQHandler  stm32f1xx_it.o
    0x080005fc   0x080005fc   0x00000004   Code   RO         5111    i.Encoder_GetCount  encoder.o
    0x08000600   0x08000600   0x00000004   Code   RO         5112    i.Encoder_GetDir    encoder.o
    0x08000604   0x08000604   0x0000006c   Code   RO         5115    i.Encoder_Update    encoder.o
    0x08000670   0x08000670   0x00000004   Code   RO           13    i.Error_Handler     main.o
    0x08000674   0x08000674   0x00000024   Code   RO         1586    i.HAL_Delay         stm32f1xx_hal.o
    0x08000698   0x08000698   0x00000002   Code   RO         1894    i.HAL_GPIO_EXTI_Callback  stm32f1xx_hal_gpio.o
    0x0800069a   0x0800069a   0x00000002   PAD
    0x0800069c   0x0800069c   0x00000018   Code   RO         1895    i.HAL_GPIO_EXTI_IRQHandler  stm32f1xx_hal_gpio.o
    0x080006b4   0x080006b4   0x000001e0   Code   RO         1896    i.HAL_GPIO_Init     stm32f1xx_hal_gpio.o
    0x08000894   0x08000894   0x0000000a   Code   RO         1898    i.HAL_GPIO_ReadPin  stm32f1xx_hal_gpio.o
    0x0800089e   0x0800089e   0x0000000a   Code   RO         1900    i.HAL_GPIO_WritePin  stm32f1xx_hal_gpio.o
    0x080008a8   0x080008a8   0x0000000c   Code   RO         1590    i.HAL_GetTick       stm32f1xx_hal.o
    0x080008b4   0x080008b4   0x00000010   Code   RO         1596    i.HAL_IncTick       stm32f1xx_hal.o
    0x080008c4   0x080008c4   0x00000024   Code   RO         1597    i.HAL_Init          stm32f1xx_hal.o
    0x080008e8   0x080008e8   0x00000098   Code   RO          531    i.HAL_InitTick      stm32f1xx_hal_timebase_tim.o
    0x08000980   0x08000980   0x00000048   Code   RO          507    i.HAL_MspInit       stm32f1xx_hal_msp.o
    0x080009c8   0x080009c8   0x0000001a   Code   RO         2056    i.HAL_NVIC_EnableIRQ  stm32f1xx_hal_cortex.o
    0x080009e2   0x080009e2   0x00000002   PAD
    0x080009e4   0x080009e4   0x00000040   Code   RO         2062    i.HAL_NVIC_SetPriority  stm32f1xx_hal_cortex.o
    0x08000a24   0x08000a24   0x00000024   Code   RO         2063    i.HAL_NVIC_SetPriorityGrouping  stm32f1xx_hal_cortex.o
    0x08000a48   0x08000a48   0x0000000c   Code   RO         2178    i.HAL_PWR_EnableBkUpAccess  stm32f1xx_hal_pwr.o
    0x08000a54   0x08000a54   0x000000a4   Code   RO         1857    i.HAL_RCCEx_GetPeriphCLKFreq  stm32f1xx_hal_rcc_ex.o
    0x08000af8   0x08000af8   0x000000ec   Code   RO         1858    i.HAL_RCCEx_PeriphCLKConfig  stm32f1xx_hal_rcc_ex.o
    0x08000be4   0x08000be4   0x0000012c   Code   RO         1754    i.HAL_RCC_ClockConfig  stm32f1xx_hal_rcc.o
    0x08000d10   0x08000d10   0x00000040   Code   RO         1758    i.HAL_RCC_GetClockConfig  stm32f1xx_hal_rcc.o
    0x08000d50   0x08000d50   0x00000020   Code   RO         1761    i.HAL_RCC_GetPCLK1Freq  stm32f1xx_hal_rcc.o
    0x08000d70   0x08000d70   0x00000020   Code   RO         1762    i.HAL_RCC_GetPCLK2Freq  stm32f1xx_hal_rcc.o
    0x08000d90   0x08000d90   0x0000004c   Code   RO         1763    i.HAL_RCC_GetSysClockFreq  stm32f1xx_hal_rcc.o
    0x08000ddc   0x08000ddc   0x00000320   Code   RO         1766    i.HAL_RCC_OscConfig  stm32f1xx_hal_rcc.o
    0x080010fc   0x080010fc   0x00000002   Code   RO         2731    i.HAL_RTCEx_RTCEventCallback  stm32f1xx_hal_rtc_ex.o
    0x080010fe   0x080010fe   0x00000002   Code   RO         2732    i.HAL_RTCEx_RTCEventErrorCallback  stm32f1xx_hal_rtc_ex.o
    0x08001100   0x08001100   0x0000003e   Code   RO         2733    i.HAL_RTCEx_RTCIRQHandler  stm32f1xx_hal_rtc_ex.o
    0x0800113e   0x0800113e   0x00000002   PAD
    0x08001140   0x08001140   0x00000094   Code   RO         2564    i.HAL_RTC_Init      stm32f1xx_hal_rtc.o
    0x080011d4   0x080011d4   0x00000048   Code   RO          267    i.HAL_RTC_MspInit   rtc.o
    0x0800121c   0x0800121c   0x000000c4   Code   RO         2570    i.HAL_RTC_SetDate   stm32f1xx_hal_rtc.o
    0x080012e0   0x080012e0   0x000000ac   Code   RO         2571    i.HAL_RTC_SetTime   stm32f1xx_hal_rtc.o
    0x0800138c   0x0800138c   0x0000003a   Code   RO         2572    i.HAL_RTC_WaitForSynchro  stm32f1xx_hal_rtc.o
    0x080013c6   0x080013c6   0x00000002   Code   RO         1312    i.HAL_TIMEx_BreakCallback  stm32f1xx_hal_tim_ex.o
    0x080013c8   0x080013c8   0x00000002   Code   RO         1313    i.HAL_TIMEx_CommutCallback  stm32f1xx_hal_tim_ex.o
    0x080013ca   0x080013ca   0x0000005a   Code   RO          608    i.HAL_TIM_Base_Init  stm32f1xx_hal_tim.o
    0x08001424   0x08001424   0x00000002   Code   RO          610    i.HAL_TIM_Base_MspInit  stm32f1xx_hal_tim.o
    0x08001426   0x08001426   0x00000002   PAD
    0x08001428   0x08001428   0x00000058   Code   RO          613    i.HAL_TIM_Base_Start_IT  stm32f1xx_hal_tim.o
    0x08001480   0x08001480   0x00000002   Code   RO          642    i.HAL_TIM_IC_CaptureCallback  stm32f1xx_hal_tim.o
    0x08001482   0x08001482   0x00000130   Code   RO          656    i.HAL_TIM_IRQHandler  stm32f1xx_hal_tim.o
    0x080015b2   0x080015b2   0x00000002   Code   RO          659    i.HAL_TIM_OC_DelayElapsedCallback  stm32f1xx_hal_tim.o
    0x080015b4   0x080015b4   0x00000002   Code   RO          686    i.HAL_TIM_PWM_PulseFinishedCallback  stm32f1xx_hal_tim.o
    0x080015b6   0x080015b6   0x00000002   PAD
    0x080015b8   0x080015b8   0x00000014   Code   RO           14    i.HAL_TIM_PeriodElapsedCallback  main.o
    0x080015cc   0x080015cc   0x00000002   Code   RO          699    i.HAL_TIM_TriggerCallback  stm32f1xx_hal_tim.o
    0x080015ce   0x080015ce   0x00000002   Code   RO          396    i.HardFault_Handler  stm32f1xx_it.o
    0x080015d0   0x080015d0   0x00000040   Code   RO          217    i.MX_FREERTOS_Init  freertos.o
    0x08001610   0x08001610   0x0000010c   Code   RO          193    i.MX_GPIO_Init      gpio.o
    0x0800171c   0x0800171c   0x00000070   Code   RO          268    i.MX_RTC_Init       rtc.o
    0x0800178c   0x0800178c   0x00000002   Code   RO          397    i.MemManage_Handler  stm32f1xx_it.o
    0x0800178e   0x0800178e   0x00000002   PAD
    0x08001790   0x08001790   0x0000004c   Code   RO         4893    i.MenuTask          menutask.o
    0x080017dc   0x080017dc   0x00000002   Code   RO          398    i.NMI_Handler       stm32f1xx_it.o
    0x080017de   0x080017de   0x00000002   PAD
    0x080017e0   0x080017e0   0x00000028   Code   RO         4629    i.OLED_Clear        oled.o
    0x08001808   0x08001808   0x0000005c   Code   RO         4630    i.OLED_ClearArea    oled.o
    0x08001864   0x08001864   0x00000026   Code   RO         4638    i.OLED_GPIO_Init    oled.o
    0x0800188a   0x0800188a   0x0000003a   Code   RO         4640    i.OLED_I2C_SendByte  oled.o
    0x080018c4   0x080018c4   0x0000001e   Code   RO         4641    i.OLED_I2C_Start    oled.o
    0x080018e2   0x080018e2   0x00000018   Code   RO         4642    i.OLED_I2C_Stop     oled.o
    0x080018fa   0x080018fa   0x0000009c   Code   RO         4643    i.OLED_Init         oled.o
    0x08001996   0x08001996   0x0000000e   Code   RO         4645    i.OLED_Pow          oled.o
    0x080019a4   0x080019a4   0x00000022   Code   RO         4649    i.OLED_SetCursor    oled.o
    0x080019c6   0x080019c6   0x00000002   PAD
    0x080019c8   0x080019c8   0x0000003c   Code   RO         4651    i.OLED_ShowChar     oled.o
    0x08001a04   0x08001a04   0x000000bc   Code   RO         4654    i.OLED_ShowImage    oled.o
    0x08001ac0   0x08001ac0   0x00000046   Code   RO         4655    i.OLED_ShowNum      oled.o
    0x08001b06   0x08001b06   0x00000002   PAD
    0x08001b08   0x08001b08   0x000000dc   Code   RO         4657    i.OLED_ShowString   oled.o
    0x08001be4   0x08001be4   0x00000028   Code   RO         4658    i.OLED_Update       oled.o
    0x08001c0c   0x08001c0c   0x00000010   Code   RO         4660    i.OLED_W_SCL        oled.o
    0x08001c1c   0x08001c1c   0x00000010   Code   RO         4661    i.OLED_W_SDA        oled.o
    0x08001c2c   0x08001c2c   0x00000022   Code   RO         4662    i.OLED_WriteCommand  oled.o
    0x08001c4e   0x08001c4e   0x00000030   Code   RO         4663    i.OLED_WriteData    oled.o
    0x08001c7e   0x08001c7e   0x00000012   Code   RO         2573    i.RTC_Bcd2ToByte    stm32f1xx_hal_rtc.o
    0x08001c90   0x08001c90   0x00000034   Code   RO         2576    i.RTC_EnterInitMode  stm32f1xx_hal_rtc.o
    0x08001cc4   0x08001cc4   0x00000036   Code   RO         2577    i.RTC_ExitInitMode  stm32f1xx_hal_rtc.o
    0x08001cfa   0x08001cfa   0x00000002   PAD
    0x08001cfc   0x08001cfc   0x0000000c   Code   RO          399    i.RTC_IRQHandler    stm32f1xx_it.o
    0x08001d08   0x08001d08   0x0000000e   Code   RO         2578    i.RTC_ReadAlarmCounter  stm32f1xx_hal_rtc.o
    0x08001d16   0x08001d16   0x00000020   Code   RO         2579    i.RTC_ReadTimeCounter  stm32f1xx_hal_rtc.o
    0x08001d36   0x08001d36   0x00000056   Code   RO         2580    i.RTC_WeekDayNum    stm32f1xx_hal_rtc.o
    0x08001d8c   0x08001d8c   0x00000028   Code   RO         2581    i.RTC_WriteAlarmCounter  stm32f1xx_hal_rtc.o
    0x08001db4   0x08001db4   0x00000028   Code   RO         2582    i.RTC_WriteTimeCounter  stm32f1xx_hal_rtc.o
    0x08001ddc   0x08001ddc   0x0000007c   Code   RO         4894    i.ShowCurrentMenu   menutask.o
    0x08001e58   0x08001e58   0x00000018   Code   RO          218    i.StartDefaultTask  freertos.o
    0x08001e70   0x08001e70   0x0000001a   Code   RO         3977    i.SysTick_Handler   cmsis_os2.o
    0x08001e8a   0x08001e8a   0x00000080   Code   RO           15    i.SystemClock_Config  main.o
    0x08001f0a   0x08001f0a   0x00000002   Code   RO         2829    i.SystemInit        system_stm32f1xx.o
    0x08001f0c   0x08001f0c   0x0000000c   Code   RO          400    i.TIM4_IRQHandler   stm32f1xx_it.o
    0x08001f18   0x08001f18   0x00000078   Code   RO          701    i.TIM_Base_SetConfig  stm32f1xx_hal_tim.o
    0x08001f90   0x08001f90   0x00000002   Code   RO          401    i.UsageFault_Handler  stm32f1xx_it.o
    0x08001f92   0x08001f92   0x00000020   Code   RO         2069    i.__NVIC_SetPriority  stm32f1xx_hal_cortex.o
    0x08001fb2   0x08001fb2   0x00000022   Code   RO           16    i.main              main.o
    0x08001fd4   0x08001fd4   0x0000001a   Code   RO         3979    i.osDelay           cmsis_os2.o
    0x08001fee   0x08001fee   0x00000002   PAD
    0x08001ff0   0x08001ff0   0x00000024   Code   RO         3993    i.osKernelInitialize  cmsis_os2.o
    0x08002014   0x08002014   0x00000038   Code   RO         3996    i.osKernelStart     cmsis_os2.o
    0x0800204c   0x0800204c   0x0000008a   Code   RO         4038    i.osThreadNew       cmsis_os2.o
    0x080020d6   0x080020d6   0x00000002   PAD
    0x080020d8   0x080020d8   0x0000005c   Code   RO         3441    i.prvAddCurrentTaskToDelayedList  tasks.o
    0x08002134   0x08002134   0x000000d0   Code   RO         3442    i.prvAddNewTaskToReadyList  tasks.o
    0x08002204   0x08002204   0x00000058   Code   RO         3806    i.prvCheckForValidListAndQueue  timers.o
    0x0800225c   0x0800225c   0x00000026   Code   RO         3038    i.prvCopyDataFromQueue  queue.o
    0x08002282   0x08002282   0x0000006c   Code   RO         3039    i.prvCopyDataToQueue  queue.o
    0x080022ee   0x080022ee   0x00000034   Code   RO         3443    i.prvDeleteTCB      tasks.o
    0x08002322   0x08002322   0x00000002   PAD
    0x08002324   0x08002324   0x0000004c   Code   RO         4494    i.prvHeapInit       heap_4.o
    0x08002370   0x08002370   0x00000060   Code   RO         3444    i.prvIdleTask       tasks.o
    0x080023d0   0x080023d0   0x00000022   Code   RO         3041    i.prvInitialiseNewQueue  queue.o
    0x080023f2   0x080023f2   0x00000002   PAD
    0x080023f4   0x080023f4   0x000000b0   Code   RO         3445    i.prvInitialiseNewTask  tasks.o
    0x080024a4   0x080024a4   0x0000004c   Code   RO         4495    i.prvInsertBlockIntoFreeList  heap_4.o
    0x080024f0   0x080024f0   0x00000038   Code   RO         3808    i.prvInsertTimerInActiveList  timers.o
    0x08002528   0x08002528   0x0000001c   Code   RO         3042    i.prvIsQueueEmpty   queue.o
    0x08002544   0x08002544   0x000000fc   Code   RO         3809    i.prvProcessReceivedCommands  timers.o
    0x08002640   0x08002640   0x000000c0   Code   RO         3810    i.prvProcessTimerOrBlockTask  timers.o
    0x08002700   0x08002700   0x00000020   Code   RO         3447    i.prvResetNextTaskUnblockTime  tasks.o
    0x08002720   0x08002720   0x00000028   Code   RO         3811    i.prvSampleTimeNow  timers.o
    0x08002748   0x08002748   0x0000006c   Code   RO         3812    i.prvSwitchTimerLists  timers.o
    0x080027b4   0x080027b4   0x00000028   Code   RO         4550    i.prvTaskExitError  port.o
    0x080027dc   0x080027dc   0x00000024   Code   RO         3813    i.prvTimerTask      timers.o
    0x08002800   0x08002800   0x0000006a   Code   RO         3043    i.prvUnlockQueue    queue.o
    0x0800286a   0x0800286a   0x00000002   PAD
    0x0800286c   0x0800286c   0x000000dc   Code   RO         4496    i.pvPortMalloc      heap_4.o
    0x08002948   0x08002948   0x00000024   Code   RO         4551    i.pxPortInitialiseStack  port.o
    0x0800296c   0x0800296c   0x00000026   Code   RO         2998    i.uxListRemove      list.o
    0x08002992   0x08002992   0x00000002   PAD
    0x08002994   0x08002994   0x00000014   Code   RO         4050    i.vApplicationGetIdleTaskMemory  cmsis_os2.o
    0x080029a8   0x080029a8   0x00000018   Code   RO         4051    i.vApplicationGetTimerTaskMemory  cmsis_os2.o
    0x080029c0   0x080029c0   0x00000016   Code   RO         2999    i.vListInitialise   list.o
    0x080029d6   0x080029d6   0x00000006   Code   RO         3000    i.vListInitialiseItem  list.o
    0x080029dc   0x080029dc   0x00000030   Code   RO         3001    i.vListInsert       list.o
    0x08002a0c   0x08002a0c   0x00000018   Code   RO         3002    i.vListInsertEnd    list.o
    0x08002a24   0x08002a24   0x00000040   Code   RO         4553    i.vPortEnterCritical  port.o
    0x08002a64   0x08002a64   0x00000028   Code   RO         4554    i.vPortExitCritical  port.o
    0x08002a8c   0x08002a8c   0x00000064   Code   RO         4497    i.vPortFree         heap_4.o
    0x08002af0   0x08002af0   0x00000024   Code   RO         4555    i.vPortSetupTimerInterrupt  port.o
    0x08002b14   0x08002b14   0x00000054   Code   RO         4556    i.vPortValidateInterruptPriority  port.o
    0x08002b68   0x08002b68   0x00000028   Code   RO         3049    i.vQueueAddToRegistry  queue.o
    0x08002b90   0x08002b90   0x00000044   Code   RO         3053    i.vQueueWaitForMessageRestricted  queue.o
    0x08002bd4   0x08002bd4   0x0000004c   Code   RO         3460    i.vTaskDelay        tasks.o
    0x08002c20   0x08002c20   0x00000010   Code   RO         3465    i.vTaskInternalSetTimeOutState  tasks.o
    0x08002c30   0x08002c30   0x0000000c   Code   RO         3466    i.vTaskMissedYield  tasks.o
    0x08002c3c   0x08002c3c   0x00000030   Code   RO         3468    i.vTaskPlaceOnEventList  tasks.o
    0x08002c6c   0x08002c6c   0x00000038   Code   RO         3469    i.vTaskPlaceOnEventListRestricted  tasks.o
    0x08002ca4   0x08002ca4   0x00000088   Code   RO         3477    i.vTaskStartScheduler  tasks.o
    0x08002d2c   0x08002d2c   0x00000010   Code   RO         3479    i.vTaskSuspendAll   tasks.o
    0x08002d3c   0x08002d3c   0x00000064   Code   RO         3480    i.vTaskSwitchContext  tasks.o
    0x08002da0   0x08002da0   0x000000a8   Code   RO         4557    i.xPortStartScheduler  port.o
    0x08002e48   0x08002e48   0x0000002c   Code   RO         4558    i.xPortSysTickHandler  port.o
    0x08002e74   0x08002e74   0x00000042   Code   RO         3058    i.xQueueGenericCreate  queue.o
    0x08002eb6   0x08002eb6   0x00000066   Code   RO         3059    i.xQueueGenericCreateStatic  queue.o
    0x08002f1c   0x08002f1c   0x00000088   Code   RO         3060    i.xQueueGenericReset  queue.o
    0x08002fa4   0x08002fa4   0x00000160   Code   RO         3061    i.xQueueGenericSend  queue.o
    0x08003104   0x08003104   0x000000be   Code   RO         3062    i.xQueueGenericSendFromISR  queue.o
    0x080031c2   0x080031c2   0x00000002   PAD
    0x080031c4   0x080031c4   0x00000138   Code   RO         3071    i.xQueueReceive     queue.o
    0x080032fc   0x080032fc   0x00000074   Code   RO         3482    i.xTaskCheckForTimeOut  tasks.o
    0x08003370   0x08003370   0x0000005a   Code   RO         3483    i.xTaskCreate       tasks.o
    0x080033ca   0x080033ca   0x00000056   Code   RO         3484    i.xTaskCreateStatic  tasks.o
    0x08003420   0x08003420   0x0000001c   Code   RO         3488    i.xTaskGetSchedulerState  tasks.o
    0x0800343c   0x0800343c   0x0000000c   Code   RO         3489    i.xTaskGetTickCount  tasks.o
    0x08003448   0x08003448   0x000000c8   Code   RO         3491    i.xTaskIncrementTick  tasks.o
    0x08003510   0x08003510   0x00000080   Code   RO         3494    i.xTaskPriorityDisinherit  tasks.o
    0x08003590   0x08003590   0x00000070   Code   RO         3496    i.xTaskRemoveFromEventList  tasks.o
    0x08003600   0x08003600   0x000000c4   Code   RO         3497    i.xTaskResumeAll    tasks.o
    0x080036c4   0x080036c4   0x00000060   Code   RO         3822    i.xTimerCreateTimerTask  timers.o
    0x08003724   0x08003724   0x00000068   Code   RO         3823    i.xTimerGenericCommand  timers.o
    0x0800378c   0x0800378c   0x00000024   Data   RO          219    .constdata          freertos.o
    0x080037b0   0x080037b0   0x00000012   Data   RO         1767    .constdata          stm32f1xx_hal_rcc.o
    0x080037c2   0x080037c2   0x00000012   Data   RO         1859    .constdata          stm32f1xx_hal_rcc_ex.o
    0x080037d4   0x080037d4   0x00000010   Data   RO         2830    .constdata          system_stm32f1xx.o
    0x080037e4   0x080037e4   0x00000008   Data   RO         2831    .constdata          system_stm32f1xx.o
    0x080037ec   0x080037ec   0x000005f0   Data   RO         4875    .constdata          oled_data.o
    0x08003ddc   0x08003ddc   0x0000023a   Data   RO         4876    .constdata          oled_data.o
    0x08004016   0x08004016   0x00000299   Data   RO         4877    .constdata          oled_data.o
    0x080042af   0x080042af   0x00000001   PAD
    0x080042b0   0x080042b0   0x0000000c   Data   RO          220    .conststring        freertos.o
    0x080042bc   0x080042bc   0x00000020   Data   RO         5610    Region$$Table       anon$$obj.o


    Execution Region RW_IRAM1 (Exec base: 0x20000000, Load base: 0x080042dc, Size: 0x00002460, Max: 0x00005000, ABSOLUTE)

    Exec Addr    Load Addr    Size         Type   Attr      Idx    E Section Name        Object

    0x20000000   0x080042dc   0x00000008   Data   RW          221    .data               freertos.o
    0x20000008   0x080042e4   0x0000000c   Data   RW          402    .data               stm32f1xx_it.o
    0x20000014   0x080042f0   0x0000000c   Data   RW         1604    .data               stm32f1xx_hal.o
    0x20000020   0x080042fc   0x00000004   Data   RW         2832    .data               system_stm32f1xx.o
    0x20000024   0x08004300   0x0000003c   Data   RW         3500    .data               tasks.o
    0x20000060   0x0800433c   0x00000014   Data   RW         3831    .data               timers.o
    0x20000074   0x08004350   0x00000004   Data   RW         4053    .data               cmsis_os2.o
    0x20000078   0x08004354   0x00000020   Data   RW         4503    .data               heap_4.o
    0x20000098   0x08004374   0x0000000c   Data   RW         4559    .data               port.o
    0x200000a4   0x08004380   0x0000000c   Data   RW         4896    .data               menutask.o
    0x200000b0        -       0x00000014   Zero   RW          269    .bss                rtc.o
    0x200000c4        -       0x00000048   Zero   RW          534    .bss                stm32f1xx_hal_timebase_tim.o
    0x2000010c        -       0x00000040   Zero   RW         3075    .bss                queue.o
    0x2000014c        -       0x000004c4   Zero   RW         3499    .bss                tasks.o
    0x20000610        -       0x00000118   Zero   RW         3830    .bss                timers.o
    0x20000728        -       0x000006b8   Zero   RW         4052    .bss                cmsis_os2.o
    0x20000de0        -       0x00000c00   Zero   RW         4502    .bss                heap_4.o
    0x200019e0        -       0x00000400   Zero   RW         4665    .bss                oled.o
    0x20001de0        -       0x00000020   Zero   RW         4895    .bss                menutask.o
    0x20001e00        -       0x00000060   Zero   RW         5426    .bss                c_w.l(libspace.o)
    0x20001e60        -       0x00000200   Zero   RW            2    HEAP                startup_stm32f103xb.o
    0x20002060        -       0x00000400   Zero   RW            1    STACK               startup_stm32f103xb.o


==============================================================================

Image component sizes


      Code (inc. data)   RO Data    RW Data    ZI Data      Debug   Object Name

       326         22          0          4       1720      58691   cmsis_os2.o
       116          0          0          0          0       2477   encoder.o
         0          0          0          0          0      19616   event_groups.o
        88         32         48          8          0       2054   freertos.o
       268         20          0          0          0       1019   gpio.o
       472         24          0         32       3072       4771   heap_4.o
       138          0          0          0          0       3402   list.o
       186          6          0          0          0     428312   main.o
       200         34          0         12         32       7072   menutask.o
      1178         50          0          0       1024      11251   oled.o
         0          0       2755          0          0       1086   oled_data.o
       662         70          0         12          0      10765   port.o
      1580         20          0          0         64      18074   queue.o
       184         20          0          0         20     422843   rtc.o
        64         26        236          0       1536        812   startup_stm32f103xb.o
       100         18          0         12          0       5262   stm32f1xx_hal.o
       158         14          0          0          0      28190   stm32f1xx_hal_cortex.o
       526         40          0          0          0       4635   stm32f1xx_hal_gpio.o
        72         10          0          0          0        874   stm32f1xx_hal_msp.o
        12          4          0          0          0        515   stm32f1xx_hal_pwr.o
      1304         94         18          0          0       5753   stm32f1xx_hal_rcc.o
       400         28         18          0          0       2477   stm32f1xx_hal_rcc_ex.o
       910         12          0          0          0       9404   stm32f1xx_hal_rtc.o
        66          0          0          0          0       2105   stm32f1xx_hal_rtc_ex.o
       612         24          0          0          0       7192   stm32f1xx_hal_tim.o
         4          0          0          0          0       1585   stm32f1xx_hal_tim_ex.o
       152         20          0          0         72       1483   stm32f1xx_hal_timebase_tim.o
       304         46          0         12          0      15383   stm32f1xx_it.o
         0          0          0          0          0        384   stream_buffer.o
         2          0         24          4          0       1119   system_stm32f1xx.o
      2084        168          0         60       1220      26236   tasks.o
       972         80          0         20        280      29567   timers.o

    ----------------------------------------------------------------------
     13178        882       3132        176       9040    1134409   Object Totals
         0          0         32          0          0          0   (incl. Generated)
        38          0          1          0          0          0   (incl. Padding)

    ----------------------------------------------------------------------

      Code (inc. data)   RO Data    RW Data    ZI Data      Debug   Library Member Name

         8          0          0          0          0         68   __main.o
         0          0          0          0          0          0   __rtentry.o
        12          0          0          0          0          0   __rtentry2.o
         6          0          0          0          0          0   __rtentry4.o
        52          8          0          0          0          0   __scatter.o
        26          0          0          0          0          0   __scatter_copy.o
        28          0          0          0          0          0   __scatter_zi.o
        16          0          0          0          0         68   aeabi_memset.o
        18          0          0          0          0         80   exit.o
         6          0          0          0          0        152   heapauxi.o
         0          0          0          0          0          0   indicate_semi.o
         2          0          0          0          0          0   libinit.o
         2          0          0          0          0          0   libinit2.o
         2          0          0          0          0          0   libshutdown.o
         2          0          0          0          0          0   libshutdown2.o
         8          4          0          0         96         68   libspace.o
        68          0          0          0          0         68   rt_memclr.o
        78          0          0          0          0         80   rt_memclr_w.o
       138          0          0          0          0         68   rt_memcpy_v6.o
       100          0          0          0          0         80   rt_memcpy_w.o
         2          0          0          0          0          0   rtexit.o
        10          0          0          0          0          0   rtexit2.o
       128          0          0          0          0         68   strcmpv7m.o
        12          4          0          0          0         68   sys_exit.o
        74          0          0          0          0         80   sys_stackheap_outer.o
         2          0          0          0          0         68   use_no_semi.o

    ----------------------------------------------------------------------
       806         16          0          0         96       1016   Library Totals
         6          0          0          0          0          0   (incl. Padding)

    ----------------------------------------------------------------------

      Code (inc. data)   RO Data    RW Data    ZI Data      Debug   Library Name

       800         16          0          0         96       1016   c_w.l

    ----------------------------------------------------------------------
       806         16          0          0         96       1016   Library Totals

    ----------------------------------------------------------------------

==============================================================================


      Code (inc. data)   RO Data    RW Data    ZI Data      Debug   

     13984        898       3132        176       9136    1126737   Grand Totals
     13984        898       3132        176       9136    1126737   ELF Image Totals
     13984        898       3132        176          0          0   ROM Totals

==============================================================================

    Total RO  Size (Code + RO Data)                17116 (  16.71kB)
    Total RW  Size (RW Data + ZI Data)              9312 (   9.09kB)
    Total ROM Size (Code + RO Data + RW Data)      17292 (  16.89kB)

==============================================================================

